Component: Arm Compiler for Embedded 6.22 Tool: armlink [5ee90200]

==============================================================================

Section Cross References

    main.o(.ARM.exidx.text._Z12SysTick_Waitj) refers to main.o(.text._Z12SysTick_Waitj) for [Anonymous Symbol]
    main.o(.text._Z10SysTick_msj) refers to main.o(.text._Z12SysTick_Waitj) for SysTick_Wait(unsigned int)
    main.o(.ARM.exidx.text._Z10SysTick_msj) refers to main.o(.text._Z10SysTick_msj) for [Anonymous Symbol]
    main.o(.text._Z3LCDh) refers to main.o(.text._Z10SysTick_msj) for SysTick_ms(unsigned int)
    main.o(.ARM.exidx.text._Z3LCDh) refers to main.o(.text._Z3LCDh) for [Anonymous Symbol]
    main.o(.text._Z11settingsLCDh) refers to main.o(.text._Z3LCDh) for LCD(unsigned char)
    main.o(.ARM.exidx.text._Z11settingsLCDh) refers to main.o(.text._Z11settingsLCDh) for [Anonymous Symbol]
    main.o(.text._Z8writeLCDh) refers to main.o(.text._Z3LCDh) for LCD(unsigned char)
    main.o(.ARM.exidx.text._Z8writeLCDh) refers to main.o(.text._Z8writeLCDh) for [Anonymous Symbol]
    main.o(.text._Z9apagarLCDv) refers to main.o(.text._Z11settingsLCDh) for settingsLCD(unsigned char)
    main.o(.ARM.exidx.text._Z9apagarLCDv) refers to main.o(.text._Z9apagarLCDv) for [Anonymous Symbol]
    main.o(.text._Z15limpiarLineaLCDi) refers to main.o(.text._Z11settingsLCDh) for settingsLCD(unsigned char)
    main.o(.ARM.exidx.text._Z15limpiarLineaLCDi) refers to main.o(.text._Z15limpiarLineaLCDi) for [Anonymous Symbol]
    main.o(.text._Z12setCursorLCDhh) refers to main.o(.text._Z11settingsLCDh) for settingsLCD(unsigned char)
    main.o(.ARM.exidx.text._Z12setCursorLCDhh) refers to main.o(.text._Z12setCursorLCDhh) for [Anonymous Symbol]
    main.o(.text._Z20actualizarMensajeLCDPc) refers to main.o(.text._Z11settingsLCDh) for settingsLCD(unsigned char)
    main.o(.text._Z20actualizarMensajeLCDPc) refers to main.o(.text._Z8writeLCDh) for writeLCD(unsigned char)
    main.o(.ARM.exidx.text._Z20actualizarMensajeLCDPc) refers to main.o(.text._Z20actualizarMensajeLCDPc) for [Anonymous Symbol]
    main.o(.text._Z28actualizarVoltajeServo1EnLCDf) refers to main.o(.rodata.str1.1) for .L.str
    main.o(.text._Z28actualizarVoltajeServo1EnLCDf) refers to snprintf.o(.text) for snprintf
    main.o(.text._Z28actualizarVoltajeServo1EnLCDf) refers to main.o(.text._Z15limpiarLineaLCDi) for limpiarLineaLCD(int)
    main.o(.text._Z28actualizarVoltajeServo1EnLCDf) refers to main.o(.text._Z12setCursorLCDhh) for setCursorLCD(unsigned char, unsigned char)
    main.o(.text._Z28actualizarVoltajeServo1EnLCDf) refers to main.o(.text._Z8writeLCDh) for writeLCD(unsigned char)
    main.o(.ARM.exidx.text._Z28actualizarVoltajeServo1EnLCDf) refers to main.o(.text._Z28actualizarVoltajeServo1EnLCDf) for [Anonymous Symbol]
    main.o(.text._Z30actualizarCorrienteServo1EnLCDf) refers to main.o(.rodata.str1.1) for .L.str.1
    main.o(.text._Z30actualizarCorrienteServo1EnLCDf) refers to snprintf.o(.text) for snprintf
    main.o(.text._Z30actualizarCorrienteServo1EnLCDf) refers to main.o(.text._Z15limpiarLineaLCDi) for limpiarLineaLCD(int)
    main.o(.text._Z30actualizarCorrienteServo1EnLCDf) refers to main.o(.text._Z12setCursorLCDhh) for setCursorLCD(unsigned char, unsigned char)
    main.o(.text._Z30actualizarCorrienteServo1EnLCDf) refers to main.o(.text._Z8writeLCDh) for writeLCD(unsigned char)
    main.o(.ARM.exidx.text._Z30actualizarCorrienteServo1EnLCDf) refers to main.o(.text._Z30actualizarCorrienteServo1EnLCDf) for [Anonymous Symbol]
    main.o(.text._Z28actualizarVoltajeServo2EnLCDf) refers to main.o(.rodata.str1.1) for .L.str
    main.o(.text._Z28actualizarVoltajeServo2EnLCDf) refers to snprintf.o(.text) for snprintf
    main.o(.text._Z28actualizarVoltajeServo2EnLCDf) refers to main.o(.text._Z12setCursorLCDhh) for setCursorLCD(unsigned char, unsigned char)
    main.o(.text._Z28actualizarVoltajeServo2EnLCDf) refers to main.o(.text._Z8writeLCDh) for writeLCD(unsigned char)
    main.o(.ARM.exidx.text._Z28actualizarVoltajeServo2EnLCDf) refers to main.o(.text._Z28actualizarVoltajeServo2EnLCDf) for [Anonymous Symbol]
    main.o(.text._Z30actualizarCorrienteServo2EnLCDf) refers to main.o(.rodata.str1.1) for .L.str.1
    main.o(.text._Z30actualizarCorrienteServo2EnLCDf) refers to snprintf.o(.text) for snprintf
    main.o(.text._Z30actualizarCorrienteServo2EnLCDf) refers to main.o(.text._Z15limpiarLineaLCDi) for limpiarLineaLCD(int)
    main.o(.text._Z30actualizarCorrienteServo2EnLCDf) refers to main.o(.text._Z12setCursorLCDhh) for setCursorLCD(unsigned char, unsigned char)
    main.o(.text._Z30actualizarCorrienteServo2EnLCDf) refers to main.o(.text._Z8writeLCDh) for writeLCD(unsigned char)
    main.o(.ARM.exidx.text._Z30actualizarCorrienteServo2EnLCDf) refers to main.o(.text._Z30actualizarCorrienteServo2EnLCDf) for [Anonymous Symbol]
    main.o(.text._Z28actualizarVoltajeServo3EnLCDf) refers to main.o(.rodata.str1.1) for .L.str
[...]
    ../clib/angel/sys.s                      0x00000000   Number         0  indicate_semi.o ABSOLUTE
    ../clib/angel/sysapp.c                   0x00000000   Number         0  sys_exit.o ABSOLUTE
    ../clib/angel/sysapp.c                   0x00000000   Number         0  sys_exit_hlt.o ABSOLUTE
    ../clib/angel/sysapp.c                   0x00000000   Number         0  sys_command.o ABSOLUTE
    ../clib/angel/sysapp.c                   0x00000000   Number         0  sys_command_hlt.o ABSOLUTE
    ../clib/angel/sysapp.c                   0x00000000   Number         0  sys_wrch.o ABSOLUTE
    ../clib/angel/sysapp.c                   0x00000000   Number         0  sys_wrch_hlt.o ABSOLUTE
    ../clib/armsys.c                         0x00000000   Number         0  argv_veneer.o ABSOLUTE
    ../clib/armsys.c                         0x00000000   Number         0  argv_veneer.o ABSOLUTE
    ../clib/armsys.c                         0x00000000   Number         0  _get_argv_nomalloc.o ABSOLUTE
    ../clib/armsys.c                         0x00000000   Number         0  no_argv.o ABSOLUTE
    ../clib/bigflt.c                         0x00000000   Number         0  bigflt0.o ABSOLUTE
    ../clib/btod.s                           0x00000000   Number         0  btod.o ABSOLUTE
    ../clib/btod_accurate.c                  0x00000000   Number         0  btod_accurate.o ABSOLUTE
    ../clib/btod_accurate.c                  0x00000000   Number         0  btod_accurate_common.o ABSOLUTE
    ../clib/heapalloc.c                      0x00000000   Number         0  hrguard.o ABSOLUTE
    ../clib/heapaux.c                        0x00000000   Number         0  heapauxi.o ABSOLUTE
    ../clib/libinit.s                        0x00000000   Number         0  libinit.o ABSOLUTE
    ../clib/libinit.s                        0x00000000   Number         0  libinit2.o ABSOLUTE
    ../clib/libinit.s                        0x00000000   Number         0  libshutdown.o ABSOLUTE
    ../clib/libinit.s                        0x00000000   Number         0  libshutdown2.o ABSOLUTE
    ../clib/locale.c                         0x00000000   Number         0  _c16rtomb.o ABSOLUTE
    ../clib/locale.s                         0x00000000   Number         0  lc_numeric_c.o ABSOLUTE
    ../clib/locale.s                         0x00000000   Number         0  lc_ctype_c.o ABSOLUTE
    ../clib/longlong.s                       0x00000000   Number         0  lludiv10.o ABSOLUTE
    ../clib/longlong.s                       0x00000000   Number         0  llushr.o ABSOLUTE
    ../clib/memcpset.s                       0x00000000   Number         0  strcmpv7m_pel.o ABSOLUTE
    ../clib/misc.s                           0x00000000   Number         0  printf_stubs.o ABSOLUTE
    ../clib/printf.c                         0x00000000   Number         0  snprintf.o ABSOLUTE
    ../clib/printf.c                         0x00000000   Number         0  __printf.o ABSOLUTE
    ../clib/printf.c                         0x00000000   Number         0  _printf_pad.o ABSOLUTE
    ../clib/printf.c                         0x00000000   Number         0  _printf_truncate.o ABSOLUTE
    ../clib/printf.c                         0x00000000   Number         0  _printf_str.o ABSOLUTE
    ../clib/printf.c                         0x00000000   Number         0  _printf_dec.o ABSOLUTE
    ../clib/printf.c                         0x00000000   Number         0  _printf_charcount.o ABSOLUTE
    ../clib/printf.c                         0x00000000   Number         0  _printf_char_common.o ABSOLUTE
    ../clib/printf.c                         0x00000000   Number         0  _snputc.o ABSOLUTE
    ../clib/printf.c                         0x00000000   Number         0  _printf_wctomb.o ABSOLUTE
    ../clib/printf.c                         0x00000000   Number         0  _printf_longlong_dec.o ABSOLUTE
    ../clib/printf.c                         0x00000000   Number         0  _printf_oct_ll.o ABSOLUTE
    ../clib/printf.c                         0x00000000   Number         0  _printf_oct_int.o ABSOLUTE
    ../clib/printf.c                         0x00000000   Number         0  _printf_oct_int_ll.o ABSOLUTE
    ../clib/printf.c                         0x00000000   Number         0  _printf_hex_ll.o ABSOLUTE
    ../clib/printf.c                         0x00000000   Number         0  _printf_hex_int.o ABSOLUTE
    ../clib/printf.c                         0x00000000   Number         0  _printf_hex_int_ll.o ABSOLUTE
    ../clib/printf.c                         0x00000000   Number         0  _printf_hex_ptr.o ABSOLUTE
    ../clib/printf.c                         0x00000000   Number         0  _printf_hex_int_ptr.o ABSOLUTE
    ../clib/printf.c                         0x00000000   Number         0  _printf_hex_ll_ptr.o ABSOLUTE
    ../clib/printf.c                         0x00000000   Number         0  _printf_hex_int_ll_ptr.o ABSOLUTE
    ../clib/printf.c                         0x00000000   Number         0  __printf_flags.o ABSOLUTE
    ../clib/printf.c                         0x00000000   Number         0  __printf_ss.o ABSOLUTE
    ../clib/printf.c                         0x00000000   Number         0  __printf_flags_ss.o ABSOLUTE
    ../clib/printf.c                         0x00000000   Number         0  __printf_wp.o ABSOLUTE
    ../clib/printf.c                         0x00000000   Number         0  __printf_flags_wp.o ABSOLUTE
    ../clib/printf.c                         0x00000000   Number         0  __printf_ss_wp.o ABSOLUTE
    ../clib/printf.c                         0x00000000   Number         0  __printf_flags_ss_wp.o ABSOLUTE
    ../clib/printf.c                         0x00000000   Number         0  _printf_intcommon.o ABSOLUTE
    ../clib/printf.c                         0x00000000   Number         0  _printf_fp_dec.o ABSOLUTE
    ../clib/printf.c                         0x00000000   Number         0  _printf_fp_dec_accurate.o ABSOLUTE
    ../clib/printf.c                         0x00000000   Number         0  _printf_fp_hex.o ABSOLUTE
    ../clib/printf.c                         0x00000000   Number         0  __printf_nopercent.o ABSOLUTE
    ../clib/printf.c                         0x00000000   Number         0  _printf_char.o ABSOLUTE
    ../clib/printf.c                         0x00000000   Number         0  _printf_wchar.o ABSOLUTE
    ../clib/printf.c                         0x00000000   Number         0  _printf_fp_infnan.o ABSOLUTE
    ../clib/printf_percent.s                 0x00000000   Number         0  _printf_c.o ABSOLUTE
    ../clib/printf_percent.s                 0x00000000   Number         0  _printf_s.o ABSOLUTE
    ../clib/printf_percent.s                 0x00000000   Number         0  _printf_n.o ABSOLUTE
    ../clib/printf_percent.s                 0x00000000   Number         0  _printf_x.o ABSOLUTE
    ../clib/printf_percent.s                 0x00000000   Number         0  _printf_p.o ABSOLUTE
    ../clib/printf_percent.s                 0x00000000   Number         0  _printf_o.o ABSOLUTE
    ../clib/printf_percent.s                 0x00000000   Number         0  _printf_i.o ABSOLUTE
    ../clib/printf_percent.s                 0x00000000   Number         0  _printf_d.o ABSOLUTE
    ../clib/printf_percent.s                 0x00000000   Number         0  _printf_u.o ABSOLUTE
    ../clib/printf_percent.s                 0x00000000   Number         0  _printf_f.o ABSOLUTE
    ../clib/printf_percent.s                 0x00000000   Number         0  _printf_e.o ABSOLUTE
    ../clib/printf_percent.s                 0x00000000   Number         0  _printf_g.o ABSOLUTE
    ../clib/printf_percent.s                 0x00000000   Number         0  _printf_a.o ABSOLUTE
    ../clib/printf_percent.s                 0x00000000   Number         0  _printf_percent.o ABSOLUTE
    ../clib/printf_percent.s                 0x00000000   Number         0  _printf_lli.o ABSOLUTE
    ../clib/printf_percent.s                 0x00000000   Number         0  _printf_lld.o ABSOLUTE
    ../clib/printf_percent.s                 0x00000000   Number         0  _printf_llu.o ABSOLUTE
    ../clib/printf_percent.s                 0x00000000   Number         0  _printf_ll.o ABSOLUTE
    ../clib/printf_percent.s                 0x00000000   Number         0  _printf_l.o ABSOLUTE
    ../clib/printf_percent.s                 0x00000000   Number         0  _printf_lc.o ABSOLUTE
    ../clib/printf_percent.s                 0x00000000   Number         0  _printf_ls.o ABSOLUTE
    ../clib/printf_percent.s                 0x00000000   Number         0  _printf_llo.o ABSOLUTE
    ../clib/printf_percent.s                 0x00000000   Number         0  _printf_llx.o ABSOLUTE
    ../clib/printf_percent.s                 0x00000000   Number         0  _printf_percent_end.o ABSOLUTE
    ../clib/signal.c                         0x00000000   Number         0  defsig_rtmem_outer.o ABSOLUTE
    ../clib/signal.c                         0x00000000   Number         0  defsig_rtmem_formal.o ABSOLUTE
    ../clib/signal.c                         0x00000000   Number         0  defsig_exit.o ABSOLUTE
    ../clib/signal.c                         0x00000000   Number         0  defsig_rtmem_inner.o ABSOLUTE
    ../clib/signal.c                         0x00000000   Number         0  __raise.o ABSOLUTE
    ../clib/signal.c                         0x00000000   Number         0  defsig_general.o ABSOLUTE
    ../clib/signal.c                         0x00000000   Number         0  defsig_abrt_inner.o ABSOLUTE
    ../clib/signal.c                         0x00000000   Number         0  defsig_fpe_inner.o ABSOLUTE
    ../clib/signal.c                         0x00000000   Number         0  defsig_rtred_inner.o ABSOLUTE
    ../clib/signal.c                         0x00000000   Number         0  defsig_stak_inner.o ABSOLUTE
    ../clib/signal.c                         0x00000000   Number         0  defsig_pvfn_inner.o ABSOLUTE
    ../clib/signal.c                         0x00000000   Number         0  defsig_cppl_inner.o ABSOLUTE
    ../clib/signal.c                         0x00000000   Number         0  defsig_segv_inner.o ABSOLUTE
    ../clib/signal.c                         0x00000000   Number         0  defsig_other.o ABSOLUTE
    ../clib/signal.s                         0x00000000   Number         0  defsig.o ABSOLUTE
    ../clib/stdlib.c                         0x00000000   Number         0  exit.o ABSOLUTE
    ../fplib/fpinit.s                        0x00000000   Number         0  fpinit.o ABSOLUTE
    ../fplib/istatus.s                       0x00000000   Number         0  istatus.o ABSOLUTE
    ../fplib/printf1.s                       0x00000000   Number         0  printf1.o ABSOLUTE
    ../fplib/printf2.s                       0x00000000   Number         0  printf2.o ABSOLUTE
    ../fplib/printf2a.s                      0x00000000   Number         0  printf2a.o ABSOLUTE
    ../fplib/printf2b.s                      0x00000000   Number         0  printf2b.o ABSOLUTE
    ../fplib/usenofp.s                       0x00000000   Number         0  usenofp.o ABSOLUTE
    ../mathlib/fpclassify.c                  0x00000000   Number         0  fpclassify.o ABSOLUTE
    RTE/Device/STM32F767ZITx/startup_stm32f767xx.s 0x00000000   Number         0  startup_stm32f767xx.o ABSOLUTE
    dc.s                                     0x00000000   Number         0  dc.o ABSOLUTE
    main.cpp                                 0x00000000   Number         0  main.o ABSOLUTE
    system_stm32f7xx.c                       0x00000000   Number         0  system_stm32f7xx.o ABSOLUTE
    RESET                                    0x08000000   Section      504  startup_stm32f767xx.o(RESET)
    !!!main                                  0x080001f8   Section        8  __main.o(!!!main)
    !!!scatter                               0x08000200   Section       92  __scatter.o(!!!scatter)
    !!handler_null                           0x0800025c   Section        2  __scatter.o(!!handler_null)
    !!handler_zi                             0x08000260   Section       28  __scatter_zi.o(!!handler_zi)
    .ARM.Collect$$_printf_percent$$00000000  0x0800027c   Section        0  _printf_percent.o(.ARM.Collect$$_printf_percent$$00000000)
    .ARM.Collect$$_printf_percent$$00000001  0x0800027c   Section        6  _printf_n.o(.ARM.Collect$$_printf_percent$$00000001)
    .ARM.Collect$$_printf_percent$$00000002  0x08000282   Section        6  _printf_p.o(.ARM.Collect$$_printf_percent$$00000002)
    .ARM.Collect$$_printf_percent$$00000003  0x08000288   Section        6  _printf_f.o(.ARM.Collect$$_printf_percent$$00000003)
    .ARM.Collect$$_printf_percent$$00000004  0x0800028e   Section        6  _printf_e.o(.ARM.Collect$$_printf_percent$$00000004)
    .ARM.Collect$$_printf_percent$$00000005  0x08000294   Section        6  _printf_g.o(.ARM.Collect$$_printf_percent$$00000005)
    .ARM.Collect$$_printf_percent$$00000006  0x0800029a   Section        6  _printf_a.o(.ARM.Collect$$_printf_percent$$00000006)
    .ARM.Collect$$_printf_percent$$00000007  0x080002a0   Section       10  _printf_ll.o(.ARM.Collect$$_printf_percent$$00000007)
    .ARM.Collect$$_printf_percent$$00000008  0x080002aa   Section        6  _printf_i.o(.ARM.Collect$$_printf_percent$$00000008)
    .ARM.Collect$$_printf_percent$$00000009  0x080002b0   Section        6  _printf_d.o(.ARM.Collect$$_printf_percent$$00000009)
    .ARM.Collect$$_printf_percent$$0000000A  0x080002b6   Section        6  _printf_u.o(.ARM.Collect$$_printf_percent$$0000000A)
    .ARM.Collect$$_printf_percent$$0000000B  0x080002bc   Section        6  _printf_o.o(.ARM.Collect$$_printf_percent$$0000000B)
    .ARM.Collect$$_printf_percent$$0000000C  0x080002c2   Section        6  _printf_x.o(.ARM.Collect$$_printf_percent$$0000000C)
    .ARM.Collect$$_printf_percent$$0000000D  0x080002c8   Section        6  _printf_lli.o(.ARM.Collect$$_printf_percent$$0000000D)
    .ARM.Collect$$_printf_percent$$0000000E  0x080002ce   Section        6  _printf_lld.o(.ARM.Collect$$_printf_percent$$0000000E)
    .ARM.Collect$$_printf_percent$$0000000F  0x080002d4   Section        6  _printf_llu.o(.ARM.Collect$$_printf_percent$$0000000F)
    .ARM.Collect$$_printf_percent$$00000010  0x080002da   Section        6  _printf_llo.o(.ARM.Collect$$_printf_percent$$00000010)
    .ARM.Collect$$_printf_percent$$00000011  0x080002e0   Section        6  _printf_llx.o(.ARM.Collect$$_printf_percent$$00000011)
    .ARM.Collect$$_printf_percent$$00000012  0x080002e6   Section       10  _printf_l.o(.ARM.Collect$$_printf_percent$$00000012)
    .ARM.Collect$$_printf_percent$$00000013  0x080002f0   Section        6  _printf_c.o(.ARM.Collect$$_printf_percent$$00000013)
    .ARM.Collect$$_printf_percent$$00000014  0x080002f6   Section        6  _printf_s.o(.ARM.Collect$$_printf_percent$$00000014)
    .ARM.Collect$$_printf_percent$$00000015  0x080002fc   Section        6  _printf_lc.o(.ARM.Collect$$_printf_percent$$00000015)
    .ARM.Collect$$_printf_percent$$00000016  0x08000302   Section        6  _printf_ls.o(.ARM.Collect$$_printf_percent$$00000016)
    .ARM.Collect$$_printf_percent$$00000017  0x08000308   Section        4  _printf_percent_end.o(.ARM.Collect$$_printf_percent$$00000017)
    .ARM.Collect$$libinit$$00000000          0x0800030c   Section        2  libinit.o(.ARM.Collect$$libinit$$00000000)
    .ARM.Collect$$libinit$$00000001          0x0800030e   Section        4  libinit2.o(.ARM.Collect$$libinit$$00000001)
    .ARM.Collect$$libinit$$00000004          0x08000312   Section        0  libinit2.o(.ARM.Collect$$libinit$$00000004)
    .ARM.Collect$$libinit$$00000006          0x08000312   Section        0  libinit2.o(.ARM.Collect$$libinit$$00000006)
    .ARM.Collect$$libinit$$0000000C          0x08000312   Section        0  libinit2.o(.ARM.Collect$$libinit$$0000000C)
    .ARM.Collect$$libinit$$0000000E          0x08000312   Section        0  libinit2.o(.ARM.Collect$$libinit$$0000000E)
    .ARM.Collect$$libinit$$00000010          0x08000312   Section        0  libinit2.o(.ARM.Collect$$libinit$$00000010)
    .ARM.Collect$$libinit$$00000011          0x08000312   Section        6  libinit2.o(.ARM.Collect$$libinit$$00000011)
    .ARM.Collect$$libinit$$00000013          0x08000318   Section        0  libinit2.o(.ARM.Collect$$libinit$$00000013)
    .ARM.Collect$$libinit$$00000014          0x08000318   Section       12  libinit2.o(.ARM.Collect$$libinit$$00000014)
    .ARM.Collect$$libinit$$00000015          0x08000324   Section        0  libinit2.o(.ARM.Collect$$libinit$$00000015)
    .ARM.Collect$$libinit$$00000017          0x08000324   Section        0  libinit2.o(.ARM.Collect$$libinit$$00000017)
    .ARM.Collect$$libinit$$00000018          0x08000324   Section       10  libinit2.o(.ARM.Collect$$libinit$$00000018)
    .ARM.Collect$$libinit$$00000019          0x0800032e   Section        0  libinit2.o(.ARM.Collect$$libinit$$00000019)
    .ARM.Collect$$libinit$$0000001B          0x0800032e   Section        0  libinit2.o(.ARM.Collect$$libinit$$0000001B)
    .ARM.Collect$$libinit$$0000001D          0x0800032e   Section        0  libinit2.o(.ARM.Collect$$libinit$$0000001D)
    .ARM.Collect$$libinit$$0000001F          0x0800032e   Section        0  libinit2.o(.ARM.Collect$$libinit$$0000001F)
    .ARM.Collect$$libinit$$00000021          0x0800032e   Section        0  libinit2.o(.ARM.Collect$$libinit$$00000021)
    .ARM.Collect$$libinit$$00000023          0x0800032e   Section        0  libinit2.o(.ARM.Collect$$libinit$$00000023)
    .ARM.Collect$$libinit$$00000025          0x0800032e   Section        0  libinit2.o(.ARM.Collect$$libinit$$00000025)
    .ARM.Collect$$libinit$$00000027          0x0800032e   Section        0  libinit2.o(.ARM.Collect$$libinit$$00000027)
    .ARM.Collect$$libinit$$0000002E          0x0800032e   Section        0  libinit2.o(.ARM.Collect$$libinit$$0000002E)
    .ARM.Collect$$libinit$$00000030          0x0800032e   Section        0  libinit2.o(.ARM.Collect$$libinit$$00000030)
    .ARM.Collect$$libinit$$00000032          0x0800032e   Section        0  libinit2.o(.ARM.Collect$$libinit$$00000032)
    .ARM.Collect$$libinit$$00000034          0x0800032e   Section        0  libinit2.o(.ARM.Collect$$libinit$$00000034)
    .ARM.Collect$$libinit$$00000035          0x0800032e   Section        2  libinit2.o(.ARM.Collect$$libinit$$00000035)
    .ARM.Collect$$libshutdown$$00000000      0x08000330   Section        2  libshutdown.o(.ARM.Collect$$libshutdown$$00000000)
    .ARM.Collect$$libshutdown$$00000002      0x08000332   Section        0  libshutdown2.o(.ARM.Collect$$libshutdown$$00000002)
    .ARM.Collect$$libshutdown$$00000004      0x08000332   Section        0  libshutdown2.o(.ARM.Collect$$libshutdown$$00000004)
    .ARM.Collect$$libshutdown$$00000007      0x08000332   Section        0  libshutdown2.o(.ARM.Collect$$libshutdown$$00000007)
    .ARM.Collect$$libshutdown$$0000000A      0x08000332   Section        0  libshutdown2.o(.ARM.Collect$$libshutdown$$0000000A)
    .ARM.Collect$$libshutdown$$0000000C      0x08000332   Section        0  libshutdown2.o(.ARM.Collect$$libshutdown$$0000000C)
    .ARM.Collect$$libshutdown$$0000000F      0x08000332   Section        0  libshutdown2.o(.ARM.Collect$$libshutdown$$0000000F)
    .ARM.Collect$$libshutdown$$00000010      0x08000332   Section        2  libshutdown2.o(.ARM.Collect$$libshutdown$$00000010)
    .ARM.Collect$$rtentry$$00000000          0x08000334   Section        0  __rtentry.o(.ARM.Collect$$rtentry$$00000000)
    .ARM.Collect$$rtentry$$00000002          0x08000334   Section        0  __rtentry2.o(.ARM.Collect$$rtentry$$00000002)
    .ARM.Collect$$rtentry$$00000004          0x08000334   Section        6  __rtentry4.o(.ARM.Collect$$rtentry$$00000004)
    .ARM.Collect$$rtentry$$00000009          0x0800033a   Section        0  __rtentry2.o(.ARM.Collect$$rtentry$$00000009)
    .ARM.Collect$$rtentry$$0000000A          0x0800033a   Section        4  __rtentry2.o(.ARM.Collect$$rtentry$$0000000A)
    .ARM.Collect$$rtentry$$0000000C          0x0800033e   Section        0  __rtentry2.o(.ARM.Collect$$rtentry$$0000000C)
    .ARM.Collect$$rtentry$$0000000D          0x0800033e   Section        8  __rtentry2.o(.ARM.Collect$$rtentry$$0000000D)
    .ARM.Collect$$rtexit$$00000000           0x08000346   Section        2  rtexit.o(.ARM.Collect$$rtexit$$00000000)
    .ARM.Collect$$rtexit$$00000002           0x08000348   Section        0  rtexit2.o(.ARM.Collect$$rtexit$$00000002)
    .ARM.Collect$$rtexit$$00000003           0x08000348   Section        4  rtexit2.o(.ARM.Collect$$rtexit$$00000003)
    .ARM.Collect$$rtexit$$00000004           0x0800034c   Section        6  rtexit2.o(.ARM.Collect$$rtexit$$00000004)
    $v0                                      0x08000354   Number         0  startup_stm32f767xx.o(.text)
    .text                                    0x08000354   Section       64  startup_stm32f767xx.o(.text)
    .text                                    0x08000394   Section        0  snprintf.o(.text)
    .text                                    0x080003d4   Section        0  heapauxi.o(.text)
    .text                                    0x080003da   Section        0  _printf_pad.o(.text)
    .text                                    0x08000428   Section        0  _printf_truncate.o(.text)
    .text                                    0x0800044c   Section        0  _printf_str.o(.text)
    .text                                    0x080004a0   Section        0  _printf_dec.o(.text)
    .text                                    0x08000518   Section        0  _printf_charcount.o(.text)
    _printf_input_char                       0x08000541   Thumb Code    10  _printf_char_common.o(.text)
    .text                                    0x08000540   Section        0  _printf_char_common.o(.text)
    .text                                    0x08000570   Section        0  _snputc.o(.text)
    .text                                    0x08000580   Section        0  _printf_wctomb.o(.text)
    .text                                    0x0800063c   Section        0  _printf_longlong_dec.o(.text)
    _printf_longlong_oct_internal            0x080006b9   Thumb Code     0  _printf_oct_int_ll.o(.text)
    .text                                    0x080006b8   Section        0  _printf_oct_int_ll.o(.text)
    _printf_hex_common                       0x08000729   Thumb Code     0  _printf_hex_int_ll_ptr.o(.text)
    .text                                    0x08000728   Section        0  _printf_hex_int_ll_ptr.o(.text)
    .text                                    0x080007bc   Section        0  __printf_flags_ss_wp.o(.text)
    .text                                    0x08000944   Section      138  lludiv10.o(.text)
    .text                                    0x080009ce   Section        0  _printf_intcommon.o(.text)
    _fp_digits                               0x08000a81   Thumb Code   432  _printf_fp_dec.o(.text)
    .text                                    0x08000a80   Section        0  _printf_fp_dec.o(.text)
    .text                                    0x08000e9c   Section        0  _printf_fp_hex.o(.text)
    .text                                    0x08001198   Section        0  _printf_char.o(.text)
    .text                                    0x080011c4   Section        0  _printf_wchar.o(.text)
    .text                                    0x080011f0   Section        0  _c16rtomb.o(.text)
    .text                                    0x08001238   Section       74  sys_stackheap_outer.o(.text)
    .text                                    0x08001284   Section       16  rt_ctype_table.o(.text)
    .text                                    0x08001294   Section        8  rt_locale_intlibspace.o(.text)
    .text                                    0x0800129c   Section        0  _printf_fp_infnan.o(.text)
    .text                                    0x0800131c   Section        0  bigflt0.o(.text)
    .text                                    0x08001400   Section        0  exit.o(.text)
    .text                                    0x08001414   Section        8  libspace.o(.text)
    .text                                    0x08001420   Section      124  strcmpv7m_pel.o(.text)
    .text                                    0x0800149c   Section        0  sys_exit.o(.text)
    .text                                    0x080014a8   Section        2  use_no_semi.o(.text)
    .text                                    0x080014aa   Section        0  indicate_semi.o(.text)
    [Anonymous Symbol]                       0x080014b0   Section        0  system_stm32f7xx.o(.text.SystemInit)
    [Anonymous Symbol]                       0x080014c8   Section        0  main.o(.text._Z10SysTick_msj)
    [Anonymous Symbol]                       0x080014f8   Section        0  main.o(.text._Z10readINA219hP11INA219_Data)
    [Anonymous Symbol]                       0x080015e0   Section        0  main.o(.text._Z11settingsLCDh)
    [Anonymous Symbol]                       0x08001618   Section        0  main.o(.text._Z12SysTick_Waitj)
    [Anonymous Symbol]                       0x08001658   Section        0  main.o(.text._Z12setCursorLCDhh)
    [Anonymous Symbol]                       0x080016a8   Section        0  main.o(.text._Z15configureINA219h)
    [Anonymous Symbol]                       0x080016e8   Section        0  main.o(.text._Z15limpiarLineaLCDi)
    [Anonymous Symbol]                       0x08001718   Section        0  main.o(.text._Z28actualizarVoltajeServo1EnLCDf)
    [Anonymous Symbol]                       0x08001778   Section        0  main.o(.text._Z28actualizarVoltajeServo2EnLCDf)
    [Anonymous Symbol]                       0x080017d0   Section        0  main.o(.text._Z30actualizarCorrienteServo1EnLCDf)
    [Anonymous Symbol]                       0x08001830   Section        0  main.o(.text._Z30actualizarCorrienteServo2EnLCDf)
    [Anonymous Symbol]                       0x08001890   Section        0  main.o(.text._Z3LCDh)
    [Anonymous Symbol]                       0x080018e8   Section        0  main.o(.text._Z8ReadI2C1hhPhh)
    [Anonymous Symbol]                       0x08001a20   Section        0  main.o(.text._Z8settingsv)
    [Anonymous Symbol]                       0x08001ad0   Section        0  main.o(.text._Z8writeLCDh)
    [Anonymous Symbol]                       0x08001b08   Section        0  main.o(.text._Z9WriteI2C1hhPhh)
    [Anonymous Symbol]                       0x08001bf0   Section        0  main.o(.text.main)
    CL$$btod_d2e                             0x08001cfc   Section       62  btod.o(CL$$btod_d2e)
    CL$$btod_d2e_denorm_low                  0x08001d3a   Section       70  btod.o(CL$$btod_d2e_denorm_low)
    CL$$btod_d2e_norm_op1                    0x08001d80   Section       96  btod.o(CL$$btod_d2e_norm_op1)
    CL$$btod_div_common                      0x08001de0   Section      824  btod.o(CL$$btod_div_common)
    CL$$btod_e2e                             0x08002118   Section      220  btod.o(CL$$btod_e2e)
    CL$$btod_ediv                            0x080021f4   Section       42  btod.o(CL$$btod_ediv)
    CL$$btod_emul                            0x0800221e   Section       42  btod.o(CL$$btod_emul)
    CL$$btod_mult_common                     0x08002248   Section      580  btod.o(CL$$btod_mult_common)
    i.__ARM_fpclassify                       0x0800248c   Section        0  fpclassify.o(i.__ARM_fpclassify)
    i._is_digit                              0x080024bc   Section        0  __printf_wp.o(i._is_digit)
    locale$$code                             0x080024cc   Section       44  lc_numeric_c.o(locale$$code)
    locale$$code                             0x080024f8   Section       44  lc_ctype_c.o(locale$$code)
    $v0                                      0x08002524   Number         0  fpinit.o(x$fpl$fpinit)
    x$fpl$fpinit                             0x08002524   Section       26  fpinit.o(x$fpl$fpinit)
    $v0                                      0x0800253e   Number         0  printf1.o(x$fpl$printf1)
    x$fpl$printf1                            0x0800253e   Section        4  printf1.o(x$fpl$printf1)
    $v0                                      0x08002542   Number         0  printf2.o(x$fpl$printf2)
    x$fpl$printf2                            0x08002542   Section        4  printf2.o(x$fpl$printf2)
    x$fpl$usenofp                            0x08002546   Section        0  usenofp.o(x$fpl$usenofp)
    initial_mbstate                          0x08002548   Data           8  _printf_wctomb.o(.constdata)
    .constdata                               0x08002548   Section        8  _printf_wctomb.o(.constdata)
    uc_hextab                                0x08002550   Data          20  _printf_hex_int_ll_ptr.o(.constdata)
    .constdata                               0x08002550   Section       40  _printf_hex_int_ll_ptr.o(.constdata)
    lc_hextab                                0x08002564   Data          20  _printf_hex_int_ll_ptr.o(.constdata)
    maptable                                 0x08002578   Data          17  __printf_flags_ss_wp.o(.constdata)
    .constdata                               0x08002578   Section       17  __printf_flags_ss_wp.o(.constdata)
    lc_hextab                                0x08002589   Data          19  _printf_fp_hex.o(.constdata)
    .constdata                               0x08002589   Section       38  _printf_fp_hex.o(.constdata)
    uc_hextab                                0x0800259c   Data          19  _printf_fp_hex.o(.constdata)
    tenpwrs_x                                0x080025b0   Data          60  bigflt0.o(.constdata)
    .constdata                               0x080025b0   Section      148  bigflt0.o(.constdata)
    tenpwrs_i                                0x080025ec   Data          64  bigflt0.o(.constdata)
    [Anonymous Symbol]                       0x08002644   Section        0  main.o(.rodata.str1.1)
    .L.str.1                                 0x0800264b   Data           6  main.o(.rodata.str1.1)
    .L.str.2                                 0x08002650   Data           7  main.o(.rodata.str1.1)
    .L.str                                   0x08002651   Data           6  main.o(.rodata.str1.1)
    locale$$data                             0x08002668   Section       28  lc_numeric_c.o(locale$$data)
    __lcnum_c_name                           0x0800266c   Data           2  lc_numeric_c.o(locale$$data)
    __lcnum_c_start                          0x08002674   Data           0  lc_numeric_c.o(locale$$data)
    __lcnum_c_point                          0x08002680   Data           0  lc_numeric_c.o(locale$$data)
    __lcnum_c_thousands                      0x08002682   Data           0  lc_numeric_c.o(locale$$data)
    __lcnum_c_grouping                       0x08002683   Data           0  lc_numeric_c.o(locale$$data)
    __lcnum_c_end                            0x08002684   Data           0  lc_numeric_c.o(locale$$data)
    locale$$data                             0x08002684   Section      272  lc_ctype_c.o(locale$$data)
    __lcctype_c_name                         0x08002688   Data           2  lc_ctype_c.o(locale$$data)
    __lcctype_c_start                        0x08002690   Data           0  lc_ctype_c.o(locale$$data)
    __lcctype_c_end                          0x08002794   Data           0  lc_ctype_c.o(locale$$data)
    .bss                                     0x20020000   Section       96  libspace.o(.bss)
    Heap_Mem                                 0x20020060   Data         512  startup_stm32f767xx.o(HEAP)
    HEAP                                     0x20020060   Section      512  startup_stm32f767xx.o(HEAP)
    Stack_Mem                                0x20020260   Data        1024  startup_stm32f767xx.o(STACK)
    STACK                                    0x20020260   Section     1024  startup_stm32f767xx.o(STACK)
    __initial_sp                             0x20020660   Data           0  startup_stm32f767xx.o(STACK)

    Global Symbols

    Symbol Name                              Value     Ov Type        Size  Object(Section)

    BuildAttributes$$THM_ISAv4$E$P$D$K$B$S$7EM$VFPv5_D16$PE$PLD8$A:L22UL41UL21$X:L11$S22US41US21$IEEE1$IW$~IW$USESV6$~STKCKD$USESV7$~SHL$OTIME$ROPI$IEEEJ$EBA8$UX$STANDARDLIB$REQ8$PRES8$EABIv2 0x00000000   Number         0  anon$$obj.o ABSOLUTE
    _printf_flags                            0x00000000   Number         0  printf_stubs.o ABSOLUTE
    _printf_return_value                     0x00000000   Number         0  printf_stubs.o ABSOLUTE
    _printf_sizespec                         0x00000000   Number         0  printf_stubs.o ABSOLUTE
    _printf_widthprec                        0x00000000   Number         0  printf_stubs.o ABSOLUTE
    __ARM_exceptions_init                     - Undefined Weak Reference
    __alloca_initialize                       - Undefined Weak Reference
    __arm_preinit_                            - Undefined Weak Reference
    __arm_relocate_pie_                       - Undefined Weak Reference
    __cpp_initialize__aeabi_                  - Undefined Weak Reference
    __cxa_finalize                            - Undefined Weak Reference
    __sigvec_lookup                           - Undefined Weak Reference
    _atexit_init                              - Undefined Weak Reference
    _call_atexit_fns                          - Undefined Weak Reference
    _clock_init                               - Undefined Weak Reference
    _fp_trap_init                             - Undefined Weak Reference
    _fp_trap_shutdown                         - Undefined Weak Reference
    _get_lc_collate                           - Undefined Weak Reference
    _get_lc_monetary                          - Undefined Weak Reference
    _get_lc_time                              - Undefined Weak Reference
    _getenv_init                              - Undefined Weak Reference
    _handle_redirection                       - Undefined Weak Reference
    _init_alloc                               - Undefined Weak Reference
    _init_user_alloc                          - Undefined Weak Reference
    _initio                                   - Undefined Weak Reference
    _printf_mbtowc                            - Undefined Weak Reference
    _printf_wc                                - Undefined Weak Reference
    _rand_init                                - Undefined Weak Reference
    _signal_finish                            - Undefined Weak Reference
    _signal_init                              - Undefined Weak Reference
    _terminate_alloc                          - Undefined Weak Reference
    _terminate_user_alloc                     - Undefined Weak Reference
    _terminateio                              - Undefined Weak Reference
    __Vectors_Size                           0x000001f8   Number         0  startup_stm32f767xx.o ABSOLUTE
    __Vectors                                0x08000000   Data           4  startup_stm32f767xx.o(RESET)
    __Vectors_End                            0x080001f8   Data           0  startup_stm32f767xx.o(RESET)
    __main                                   0x080001f9   Thumb Code     8  __main.o(!!!main)
    __scatterload                            0x08000201   Thumb Code     0  __scatter.o(!!!scatter)
    __scatterload_rt2                        0x08000201   Thumb Code    84  __scatter.o(!!!scatter)
    __scatterload_rt2_thumb_only             0x08000201   Thumb Code     0  __scatter.o(!!!scatter)
    __scatterload_loop                       0x0800020b   Thumb Code     0  __scatter.o(!!!scatter)
    __scatterload_null                       0x0800025d   Thumb Code     2  __scatter.o(!!handler_null)
    __scatterload_zeroinit                   0x08000261   Thumb Code    28  __scatter_zi.o(!!handler_zi)
    _printf_n                                0x0800027d   Thumb Code     0  _printf_n.o(.ARM.Collect$$_printf_percent$$00000001)
    _printf_percent                          0x0800027d   Thumb Code     0  _printf_percent.o(.ARM.Collect$$_printf_percent$$00000000)
    _printf_p                                0x08000283   Thumb Code     0  _printf_p.o(.ARM.Collect$$_printf_percent$$00000002)
    _printf_f                                0x08000289   Thumb Code     0  _printf_f.o(.ARM.Collect$$_printf_percent$$00000003)
    _printf_e                                0x0800028f   Thumb Code     0  _printf_e.o(.ARM.Collect$$_printf_percent$$00000004)
    _printf_g                                0x08000295   Thumb Code     0  _printf_g.o(.ARM.Collect$$_printf_percent$$00000005)
    _printf_a                                0x0800029b   Thumb Code     0  _printf_a.o(.ARM.Collect$$_printf_percent$$00000006)
    _printf_ll                               0x080002a1   Thumb Code     0  _printf_ll.o(.ARM.Collect$$_printf_percent$$00000007)
    _printf_i                                0x080002ab   Thumb Code     0  _printf_i.o(.ARM.Collect$$_printf_percent$$00000008)
    _printf_d                                0x080002b1   Thumb Code     0  _printf_d.o(.ARM.Collect$$_printf_percent$$00000009)
    _printf_u                                0x080002b7   Thumb Code     0  _printf_u.o(.ARM.Collect$$_printf_percent$$0000000A)
    _printf_o                                0x080002bd   Thumb Code     0  _printf_o.o(.ARM.Collect$$_printf_percent$$0000000B)
    _printf_x                                0x080002c3   Thumb Code     0  _printf_x.o(.ARM.Collect$$_printf_percent$$0000000C)
    _printf_lli                              0x080002c9   Thumb Code     0  _printf_lli.o(.ARM.Collect$$_printf_percent$$0000000D)
    _printf_lld                              0x080002cf   Thumb Code     0  _printf_lld.o(.ARM.Collect$$_printf_percent$$0000000E)
    _printf_llu                              0x080002d5   Thumb Code     0  _printf_llu.o(.ARM.Collect$$_printf_percent$$0000000F)
    _printf_llo                              0x080002db   Thumb Code     0  _printf_llo.o(.ARM.Collect$$_printf_percent$$00000010)
    _printf_llx                              0x080002e1   Thumb Code     0  _printf_llx.o(.ARM.Collect$$_printf_percent$$00000011)
    _printf_l                                0x080002e7   Thumb Code     0  _printf_l.o(.ARM.Collect$$_printf_percent$$00000012)
    _printf_c                                0x080002f1   Thumb Code     0  _printf_c.o(.ARM.Collect$$_printf_percent$$00000013)
    _printf_s                                0x080002f7   Thumb Code     0  _printf_s.o(.ARM.Collect$$_printf_percent$$00000014)
    _printf_lc                               0x080002fd   Thumb Code     0  _printf_lc.o(.ARM.Collect$$_printf_percent$$00000015)
    _printf_ls                               0x08000303   Thumb Code     0  _printf_ls.o(.ARM.Collect$$_printf_percent$$00000016)
    _printf_percent_end                      0x08000309   Thumb Code     0  _printf_percent_end.o(.ARM.Collect$$_printf_percent$$00000017)
    __rt_lib_init                            0x0800030d   Thumb Code     0  libinit.o(.ARM.Collect$$libinit$$00000000)
    __rt_lib_init_fp_1                       0x0800030f   Thumb Code     0  libinit2.o(.ARM.Collect$$libinit$$00000001)
    __rt_lib_init_heap_1                     0x08000313   Thumb Code     0  libinit2.o(.ARM.Collect$$libinit$$0000000C)
    __rt_lib_init_lc_common                  0x08000313   Thumb Code     0  libinit2.o(.ARM.Collect$$libinit$$00000011)
    __rt_lib_init_preinit_1                  0x08000313   Thumb Code     0  libinit2.o(.ARM.Collect$$libinit$$00000006)
    __rt_lib_init_rand_1                     0x08000313   Thumb Code     0  libinit2.o(.ARM.Collect$$libinit$$00000010)
    __rt_lib_init_relocate_pie_1             0x08000313   Thumb Code     0  libinit2.o(.ARM.Collect$$libinit$$00000004)
    __rt_lib_init_user_alloc_1               0x08000313   Thumb Code     0  libinit2.o(.ARM.Collect$$libinit$$0000000E)
    __rt_lib_init_lc_collate_1               0x08000319   Thumb Code     0  libinit2.o(.ARM.Collect$$libinit$$00000013)
    __rt_lib_init_lc_ctype_2                 0x08000319   Thumb Code     0  libinit2.o(.ARM.Collect$$libinit$$00000014)
    __rt_lib_init_lc_ctype_1                 0x08000325   Thumb Code     0  libinit2.o(.ARM.Collect$$libinit$$00000015)
    __rt_lib_init_lc_monetary_1              0x08000325   Thumb Code     0  libinit2.o(.ARM.Collect$$libinit$$00000017)
    __rt_lib_init_lc_numeric_2               0x08000325   Thumb Code     0  libinit2.o(.ARM.Collect$$libinit$$00000018)
    __rt_lib_init_alloca_1                   0x0800032f   Thumb Code     0  libinit2.o(.ARM.Collect$$libinit$$00000030)
    __rt_lib_init_argv_1                     0x0800032f   Thumb Code     0  libinit2.o(.ARM.Collect$$libinit$$0000002E)
    __rt_lib_init_atexit_1                   0x0800032f   Thumb Code     0  libinit2.o(.ARM.Collect$$libinit$$0000001D)
    __rt_lib_init_clock_1                    0x0800032f   Thumb Code     0  libinit2.o(.ARM.Collect$$libinit$$00000023)
    __rt_lib_init_cpp_1                      0x0800032f   Thumb Code     0  libinit2.o(.ARM.Collect$$libinit$$00000034)
    __rt_lib_init_exceptions_1               0x0800032f   Thumb Code     0  libinit2.o(.ARM.Collect$$libinit$$00000032)
    __rt_lib_init_fp_trap_1                  0x0800032f   Thumb Code     0  libinit2.o(.ARM.Collect$$libinit$$00000021)
    __rt_lib_init_getenv_1                   0x0800032f   Thumb Code     0  libinit2.o(.ARM.Collect$$libinit$$00000025)
    __rt_lib_init_lc_numeric_1               0x0800032f   Thumb Code     0  libinit2.o(.ARM.Collect$$libinit$$00000019)
    __rt_lib_init_lc_time_1                  0x0800032f   Thumb Code     0  libinit2.o(.ARM.Collect$$libinit$$0000001B)
    __rt_lib_init_return                     0x0800032f   Thumb Code     0  libinit2.o(.ARM.Collect$$libinit$$00000035)
    __rt_lib_init_signal_1                   0x0800032f   Thumb Code     0  libinit2.o(.ARM.Collect$$libinit$$0000001F)
    __rt_lib_init_stdio_1                    0x0800032f   Thumb Code     0  libinit2.o(.ARM.Collect$$libinit$$00000027)
    __rt_lib_shutdown                        0x08000331   Thumb Code     0  libshutdown.o(.ARM.Collect$$libshutdown$$00000000)
    __rt_lib_shutdown_cpp_1                  0x08000333   Thumb Code     0  libshutdown2.o(.ARM.Collect$$libshutdown$$00000002)
    __rt_lib_shutdown_fp_trap_1              0x08000333   Thumb Code     0  libshutdown2.o(.ARM.Collect$$libshutdown$$00000007)
    __rt_lib_shutdown_heap_1                 0x08000333   Thumb Code     0  libshutdown2.o(.ARM.Collect$$libshutdown$$0000000F)
    __rt_lib_shutdown_return                 0x08000333   Thumb Code     0  libshutdown2.o(.ARM.Collect$$libshutdown$$00000010)
    __rt_lib_shutdown_signal_1               0x08000333   Thumb Code     0  libshutdown2.o(.ARM.Collect$$libshutdown$$0000000A)
    __rt_lib_shutdown_stdio_1                0x08000333   Thumb Code     0  libshutdown2.o(.ARM.Collect$$libshutdown$$00000004)
    __rt_lib_shutdown_user_alloc_1           0x08000333   Thumb Code     0  libshutdown2.o(.ARM.Collect$$libshutdown$$0000000C)
    __rt_entry                               0x08000335   Thumb Code     0  __rtentry.o(.ARM.Collect$$rtentry$$00000000)
    __rt_entry_presh_1                       0x08000335   Thumb Code     0  __rtentry2.o(.ARM.Collect$$rtentry$$00000002)
    __rt_entry_sh                            0x08000335   Thumb Code     0  __rtentry4.o(.ARM.Collect$$rtentry$$00000004)
    __rt_entry_li                            0x0800033b   Thumb Code     0  __rtentry2.o(.ARM.Collect$$rtentry$$0000000A)
    __rt_entry_postsh_1                      0x0800033b   Thumb Code     0  __rtentry2.o(.ARM.Collect$$rtentry$$00000009)
    __rt_entry_main                          0x0800033f   Thumb Code     0  __rtentry2.o(.ARM.Collect$$rtentry$$0000000D)
    __rt_entry_postli_1                      0x0800033f   Thumb Code     0  __rtentry2.o(.ARM.Collect$$rtentry$$0000000C)
    __rt_exit                                0x08000347   Thumb Code     0  rtexit.o(.ARM.Collect$$rtexit$$00000000)
    __rt_exit_ls                             0x08000349   Thumb Code     0  rtexit2.o(.ARM.Collect$$rtexit$$00000003)
    __rt_exit_prels_1                        0x08000349   Thumb Code     0  rtexit2.o(.ARM.Collect$$rtexit$$00000002)
    __rt_exit_exit                           0x0800034d   Thumb Code     0  rtexit2.o(.ARM.Collect$$rtexit$$00000004)
    Reset_Handler                            0x08000355   Thumb Code     8  startup_stm32f767xx.o(.text)
    NMI_Handler                              0x0800035d   Thumb Code     2  startup_stm32f767xx.o(.text)
    HardFault_Handler                        0x0800035f   Thumb Code     2  startup_stm32f767xx.o(.text)
    MemManage_Handler                        0x08000361   Thumb Code     2  startup_stm32f767xx.o(.text)
    BusFault_Handler                         0x08000363   Thumb Code     2  startup_stm32f767xx.o(.text)
    UsageFault_Handler                       0x08000365   Thumb Code     2  startup_stm32f767xx.o(.text)
    SVC_Handler                              0x08000367   Thumb Code     2  startup_stm32f767xx.o(.text)
    DebugMon_Handler                         0x08000369   Thumb Code     2  startup_stm32f767xx.o(.text)
    PendSV_Handler                           0x0800036b   Thumb Code     2  startup_stm32f767xx.o(.text)
    SysTick_Handler                          0x0800036d   Thumb Code     2  startup_stm32f767xx.o(.text)
    ADC_IRQHandler                           0x0800036f   Thumb Code     0  startup_stm32f767xx.o(.text)
    CAN1_RX0_IRQHandler                      0x0800036f   Thumb Code     0  startup_stm32f767xx.o(.text)
    CAN1_RX1_IRQHandler                      0x0800036f   Thumb Code     0  startup_stm32f767xx.o(.text)
    CAN1_SCE_IRQHandler                      0x0800036f   Thumb Code     0  startup_stm32f767xx.o(.text)
    CAN1_TX_IRQHandler                       0x0800036f   Thumb Code     0  startup_stm32f767xx.o(.text)
    CAN2_RX0_IRQHandler                      0x0800036f   Thumb Code     0  startup_stm32f767xx.o(.text)
    CAN2_RX1_IRQHandler                      0x0800036f   Thumb Code     0  startup_stm32f767xx.o(.text)
    CAN2_SCE_IRQHandler                      0x0800036f   Thumb Code     0  startup_stm32f767xx.o(.text)
    CAN2_TX_IRQHandler                       0x0800036f   Thumb Code     0  startup_stm32f767xx.o(.text)
    CAN3_RX0_IRQHandler                      0x0800036f   Thumb Code     0  startup_stm32f767xx.o(.text)
    CAN3_RX1_IRQHandler                      0x0800036f   Thumb Code     0  startup_stm32f767xx.o(.text)
    CAN3_SCE_IRQHandler                      0x0800036f   Thumb Code     0  startup_stm32f767xx.o(.text)
    CAN3_TX_IRQHandler                       0x0800036f   Thumb Code     0  startup_stm32f767xx.o(.text)
    CEC_IRQHandler                           0x0800036f   Thumb Code     0  startup_stm32f767xx.o(.text)
    DCMI_IRQHandler                          0x0800036f   Thumb Code     0  startup_stm32f767xx.o(.text)
    DFSDM1_FLT0_IRQHandler                   0x0800036f   Thumb Code     0  startup_stm32f767xx.o(.text)
    DFSDM1_FLT1_IRQHandler                   0x0800036f   Thumb Code     0  startup_stm32f767xx.o(.text)
    DFSDM1_FLT2_IRQHandler                   0x0800036f   Thumb Code     0  startup_stm32f767xx.o(.text)
    DFSDM1_FLT3_IRQHandler                   0x0800036f   Thumb Code     0  startup_stm32f767xx.o(.text)
    DMA1_Stream0_IRQHandler                  0x0800036f   Thumb Code     0  startup_stm32f767xx.o(.text)
    DMA1_Stream1_IRQHandler                  0x0800036f   Thumb Code     0  startup_stm32f767xx.o(.text)
    DMA1_Stream2_IRQHandler                  0x0800036f   Thumb Code     0  startup_stm32f767xx.o(.text)
    DMA1_Stream3_IRQHandler                  0x0800036f   Thumb Code     0  startup_stm32f767xx.o(.text)
    DMA1_Stream4_IRQHandler                  0x0800036f   Thumb Code     0  startup_stm32f767xx.o(.text)
    DMA1_Stream5_IRQHandler                  0x0800036f   Thumb Code     0  startup_stm32f767xx.o(.text)
    DMA1_Stream6_IRQHandler                  0x0800036f   Thumb Code     0  startup_stm32f767xx.o(.text)
    DMA1_Stream7_IRQHandler                  0x0800036f   Thumb Code     0  startup_stm32f767xx.o(.text)
    DMA2D_IRQHandler                         0x0800036f   Thumb Code     0  startup_stm32f767xx.o(.text)
    DMA2_Stream0_IRQHandler                  0x0800036f   Thumb Code     0  startup_stm32f767xx.o(.text)
    DMA2_Stream1_IRQHandler                  0x0800036f   Thumb Code     0  startup_stm32f767xx.o(.text)
    DMA2_Stream2_IRQHandler                  0x0800036f   Thumb Code     0  startup_stm32f767xx.o(.text)
    DMA2_Stream3_IRQHandler                  0x0800036f   Thumb Code     0  startup_stm32f767xx.o(.text)
    DMA2_Stream4_IRQHandler                  0x0800036f   Thumb Code     0  startup_stm32f767xx.o(.text)
    DMA2_Stream5_IRQHandler                  0x0800036f   Thumb Code     0  startup_stm32f767xx.o(.text)
    DMA2_Stream6_IRQHandler                  0x0800036f   Thumb Code     0  startup_stm32f767xx.o(.text)
    DMA2_Stream7_IRQHandler                  0x0800036f   Thumb Code     0  startup_stm32f767xx.o(.text)
    ETH_IRQHandler                           0x0800036f   Thumb Code     0  startup_stm32f767xx.o(.text)
    ETH_WKUP_IRQHandler                      0x0800036f   Thumb Code     0  startup_stm32f767xx.o(.text)
    EXTI0_IRQHandler                         0x0800036f   Thumb Code     0  startup_stm32f767xx.o(.text)
    EXTI15_10_IRQHandler                     0x0800036f   Thumb Code     0  startup_stm32f767xx.o(.text)
    EXTI1_IRQHandler                         0x0800036f   Thumb Code     0  startup_stm32f767xx.o(.text)
    EXTI2_IRQHandler                         0x0800036f   Thumb Code     0  startup_stm32f767xx.o(.text)
    EXTI3_IRQHandler                         0x0800036f   Thumb Code     0  startup_stm32f767xx.o(.text)
    EXTI4_IRQHandler                         0x0800036f   Thumb Code     0  startup_stm32f767xx.o(.text)
    EXTI9_5_IRQHandler                       0x0800036f   Thumb Code     0  startup_stm32f767xx.o(.text)
    FLASH_IRQHandler                         0x0800036f   Thumb Code     0  startup_stm32f767xx.o(.text)
    FMC_IRQHandler                           0x0800036f   Thumb Code     0  startup_stm32f767xx.o(.text)
    FPU_IRQHandler                           0x0800036f   Thumb Code     0  startup_stm32f767xx.o(.text)
    I2C1_ER_IRQHandler                       0x0800036f   Thumb Code     0  startup_stm32f767xx.o(.text)
    I2C1_EV_IRQHandler                       0x0800036f   Thumb Code     0  startup_stm32f767xx.o(.text)
    I2C2_ER_IRQHandler                       0x0800036f   Thumb Code     0  startup_stm32f767xx.o(.text)
    I2C2_EV_IRQHandler                       0x0800036f   Thumb Code     0  startup_stm32f767xx.o(.text)
    I2C3_ER_IRQHandler                       0x0800036f   Thumb Code     0  startup_stm32f767xx.o(.text)
    I2C3_EV_IRQHandler                       0x0800036f   Thumb Code     0  startup_stm32f767xx.o(.text)
    I2C4_ER_IRQHandler                       0x0800036f   Thumb Code     0  startup_stm32f767xx.o(.text)
    I2C4_EV_IRQHandler                       0x0800036f   Thumb Code     0  startup_stm32f767xx.o(.text)
    JPEG_IRQHandler                          0x0800036f   Thumb Code     0  startup_stm32f767xx.o(.text)
    LPTIM1_IRQHandler                        0x0800036f   Thumb Code     0  startup_stm32f767xx.o(.text)
    LTDC_ER_IRQHandler                       0x0800036f   Thumb Code     0  startup_stm32f767xx.o(.text)
    LTDC_IRQHandler                          0x0800036f   Thumb Code     0  startup_stm32f767xx.o(.text)
    MDIOS_IRQHandler                         0x0800036f   Thumb Code     0  startup_stm32f767xx.o(.text)
    OTG_FS_IRQHandler                        0x0800036f   Thumb Code     0  startup_stm32f767xx.o(.text)
    OTG_FS_WKUP_IRQHandler                   0x0800036f   Thumb Code     0  startup_stm32f767xx.o(.text)
    OTG_HS_EP1_IN_IRQHandler                 0x0800036f   Thumb Code     0  startup_stm32f767xx.o(.text)
    OTG_HS_EP1_OUT_IRQHandler                0x0800036f   Thumb Code     0  startup_stm32f767xx.o(.text)
    OTG_HS_IRQHandler                        0x0800036f   Thumb Code     0  startup_stm32f767xx.o(.text)
    OTG_HS_WKUP_IRQHandler                   0x0800036f   Thumb Code     0  startup_stm32f767xx.o(.text)
    PVD_IRQHandler                           0x0800036f   Thumb Code     0  startup_stm32f767xx.o(.text)
    QUADSPI_IRQHandler                       0x0800036f   Thumb Code     0  startup_stm32f767xx.o(.text)
    RCC_IRQHandler                           0x0800036f   Thumb Code     0  startup_stm32f767xx.o(.text)
    RNG_IRQHandler                           0x0800036f   Thumb Code     0  startup_stm32f767xx.o(.text)
    RTC_Alarm_IRQHandler                     0x0800036f   Thumb Code     0  startup_stm32f767xx.o(.text)
    RTC_WKUP_IRQHandler                      0x0800036f   Thumb Code     0  startup_stm32f767xx.o(.text)
    SAI1_IRQHandler                          0x0800036f   Thumb Code     0  startup_stm32f767xx.o(.text)
    SAI2_IRQHandler                          0x0800036f   Thumb Code     0  startup_stm32f767xx.o(.text)
    SDMMC1_IRQHandler                        0x0800036f   Thumb Code     0  startup_stm32f767xx.o(.text)
    SDMMC2_IRQHandler                        0x0800036f   Thumb Code     0  startup_stm32f767xx.o(.text)
    SPDIF_RX_IRQHandler                      0x0800036f   Thumb Code     0  startup_stm32f767xx.o(.text)
    SPI1_IRQHandler                          0x0800036f   Thumb Code     0  startup_stm32f767xx.o(.text)
    SPI2_IRQHandler                          0x0800036f   Thumb Code     0  startup_stm32f767xx.o(.text)
    SPI3_IRQHandler                          0x0800036f   Thumb Code     0  startup_stm32f767xx.o(.text)
    SPI4_IRQHandler                          0x0800036f   Thumb Code     0  startup_stm32f767xx.o(.text)
    SPI5_IRQHandler                          0x0800036f   Thumb Code     0  startup_stm32f767xx.o(.text)
    SPI6_IRQHandler                          0x0800036f   Thumb Code     0  startup_stm32f767xx.o(.text)
    TAMP_STAMP_IRQHandler                    0x0800036f   Thumb Code     0  startup_stm32f767xx.o(.text)
    TIM1_BRK_TIM9_IRQHandler                 0x0800036f   Thumb Code     0  startup_stm32f767xx.o(.text)
    TIM1_CC_IRQHandler                       0x0800036f   Thumb Code     0  startup_stm32f767xx.o(.text)
    TIM1_TRG_COM_TIM11_IRQHandler            0x0800036f   Thumb Code     0  startup_stm32f767xx.o(.text)
    TIM1_UP_TIM10_IRQHandler                 0x0800036f   Thumb Code     0  startup_stm32f767xx.o(.text)
    TIM2_IRQHandler                          0x0800036f   Thumb Code     0  startup_stm32f767xx.o(.text)
    TIM3_IRQHandler                          0x0800036f   Thumb Code     0  startup_stm32f767xx.o(.text)
    TIM4_IRQHandler                          0x0800036f   Thumb Code     0  startup_stm32f767xx.o(.text)
    TIM5_IRQHandler                          0x0800036f   Thumb Code     0  startup_stm32f767xx.o(.text)
    TIM6_DAC_IRQHandler                      0x0800036f   Thumb Code     0  startup_stm32f767xx.o(.text)
    TIM7_IRQHandler                          0x0800036f   Thumb Code     0  startup_stm32f767xx.o(.text)
    TIM8_BRK_TIM12_IRQHandler                0x0800036f   Thumb Code     0  startup_stm32f767xx.o(.text)
    TIM8_CC_IRQHandler                       0x0800036f   Thumb Code     0  startup_stm32f767xx.o(.text)
    TIM8_TRG_COM_TIM14_IRQHandler            0x0800036f   Thumb Code     0  startup_stm32f767xx.o(.text)
    TIM8_UP_TIM13_IRQHandler                 0x0800036f   Thumb Code     0  startup_stm32f767xx.o(.text)
    UART4_IRQHandler                         0x0800036f   Thumb Code     0  startup_stm32f767xx.o(.text)
    UART5_IRQHandler                         0x0800036f   Thumb Code     0  startup_stm32f767xx.o(.text)
    UART7_IRQHandler                         0x0800036f   Thumb Code     0  startup_stm32f767xx.o(.text)
    UART8_IRQHandler                         0x0800036f   Thumb Code     0  startup_stm32f767xx.o(.text)
    USART1_IRQHandler                        0x0800036f   Thumb Code     0  startup_stm32f767xx.o(.text)
    USART2_IRQHandler                        0x0800036f   Thumb Code     0  startup_stm32f767xx.o(.text)
    USART3_IRQHandler                        0x0800036f   Thumb Code     0  startup_stm32f767xx.o(.text)
    USART6_IRQHandler                        0x0800036f   Thumb Code     0  startup_stm32f767xx.o(.text)
    WWDG_IRQHandler                          0x0800036f   Thumb Code     0  startup_stm32f767xx.o(.text)
    __user_initial_stackheap                 0x08000371   Thumb Code     0  startup_stm32f767xx.o(.text)
    snprintf                                 0x08000395   Thumb Code    58  snprintf.o(.text)
    __use_two_region_memory                  0x080003d5   Thumb Code     2  heapauxi.o(.text)
    __rt_heap_escrow$2region                 0x080003d7   Thumb Code     2  heapauxi.o(.text)
    __rt_heap_expand$2region                 0x080003d9   Thumb Code     2  heapauxi.o(.text)
    _printf_pre_padding                      0x080003db   Thumb Code    44  _printf_pad.o(.text)
    _printf_post_padding                     0x08000407   Thumb Code    34  _printf_pad.o(.text)
    _printf_truncate_signed                  0x08000429   Thumb Code    18  _printf_truncate.o(.text)
    _printf_truncate_unsigned                0x0800043b   Thumb Code    18  _printf_truncate.o(.text)
    _printf_str                              0x0800044d   Thumb Code    82  _printf_str.o(.text)
    _printf_int_dec                          0x080004a1   Thumb Code   104  _printf_dec.o(.text)
    _printf_charcount                        0x08000519   Thumb Code    40  _printf_charcount.o(.text)
    _printf_char_common                      0x0800054b   Thumb Code    32  _printf_char_common.o(.text)
    _snputc                                  0x08000571   Thumb Code    16  _snputc.o(.text)
    _printf_wctomb                           0x08000581   Thumb Code   182  _printf_wctomb.o(.text)
    _printf_longlong_dec                     0x0800063d   Thumb Code   108  _printf_longlong_dec.o(.text)
    _printf_longlong_oct                     0x080006b9   Thumb Code    68  _printf_oct_int_ll.o(.text)
    _printf_int_oct                          0x080006fd   Thumb Code    24  _printf_oct_int_ll.o(.text)
    _printf_ll_oct                           0x08000715   Thumb Code    12  _printf_oct_int_ll.o(.text)
    _printf_longlong_hex                     0x08000729   Thumb Code    86  _printf_hex_int_ll_ptr.o(.text)
    _printf_int_hex                          0x0800077f   Thumb Code    28  _printf_hex_int_ll_ptr.o(.text)
    _printf_ll_hex                           0x0800079b   Thumb Code    12  _printf_hex_int_ll_ptr.o(.text)
    _printf_hex_ptr                          0x080007a7   Thumb Code    18  _printf_hex_int_ll_ptr.o(.text)
    __printf                                 0x080007bd   Thumb Code   388  __printf_flags_ss_wp.o(.text)
    _ll_udiv10                               0x08000945   Thumb Code   138  lludiv10.o(.text)
    _printf_int_common                       0x080009cf   Thumb Code   178  _printf_intcommon.o(.text)
    _printf_fp_dec_real                      0x08000c31   Thumb Code   620  _printf_fp_dec.o(.text)
    _printf_fp_hex_real                      0x08000e9d   Thumb Code   756  _printf_fp_hex.o(.text)
    _printf_cs_common                        0x08001199   Thumb Code    20  _printf_char.o(.text)
    _printf_char                             0x080011ad   Thumb Code    16  _printf_char.o(.text)
    _printf_string                           0x080011bd   Thumb Code     8  _printf_char.o(.text)
    _printf_lcs_common                       0x080011c5   Thumb Code    20  _printf_wchar.o(.text)
    _printf_wchar                            0x080011d9   Thumb Code    16  _printf_wchar.o(.text)
    _printf_wstring                          0x080011e9   Thumb Code     8  _printf_wchar.o(.text)
    _c16rtomb                                0x080011f1   Thumb Code    72  _c16rtomb.o(.text)
    _wcrtomb                                 0x080011f1   Thumb Code     0  _c16rtomb.o(.text)
    __user_setup_stackheap                   0x08001239   Thumb Code    74  sys_stackheap_outer.o(.text)
    __rt_ctype_table                         0x08001285   Thumb Code    16  rt_ctype_table.o(.text)
    __rt_locale                              0x08001295   Thumb Code     8  rt_locale_intlibspace.o(.text)
    _printf_fp_infnan                        0x0800129d   Thumb Code   112  _printf_fp_infnan.o(.text)
    _btod_etento                             0x0800131d   Thumb Code   224  bigflt0.o(.text)
    exit                                     0x08001401   Thumb Code    18  exit.o(.text)
    __user_libspace                          0x08001415   Thumb Code     8  libspace.o(.text)
    __user_perproc_libspace                  0x08001415   Thumb Code     0  libspace.o(.text)
    __user_perthread_libspace                0x08001415   Thumb Code     0  libspace.o(.text)
    strcmp                                   0x08001421   Thumb Code   124  strcmpv7m_pel.o(.text)
    _sys_exit                                0x0800149d   Thumb Code     8  sys_exit.o(.text)
    __I$use$semihosting                      0x080014a9   Thumb Code     0  use_no_semi.o(.text)
    __use_no_semihosting_swi                 0x080014a9   Thumb Code     2  use_no_semi.o(.text)
    __semihosting_library_function           0x080014ab   Thumb Code     0  indicate_semi.o(.text)
    SystemInit                               0x080014b1   Thumb Code    18  system_stm32f7xx.o(.text.SystemInit)
    SysTick_ms(unsigned int)                 0x080014c9   Thumb Code    44  main.o(.text._Z10SysTick_msj)
    readINA219(unsigned char, INA219_Data*)  0x080014f9   Thumb Code   216  main.o(.text._Z10readINA219hP11INA219_Data)
    settingsLCD(unsigned char)               0x080015e1   Thumb Code    50  main.o(.text._Z11settingsLCDh)
    SysTick_Wait(unsigned int)               0x08001619   Thumb Code    62  main.o(.text._Z12SysTick_Waitj)
    setCursorLCD(unsigned char, unsigned char) 0x08001659   Thumb Code    76  main.o(.text._Z12setCursorLCDhh)
    configureINA219(unsigned char)           0x080016a9   Thumb Code    58  main.o(.text._Z15configureINA219h)
    limpiarLineaLCD(int)                     0x080016e9   Thumb Code    44  main.o(.text._Z15limpiarLineaLCDi)
    actualizarVoltajeServo1EnLCD(float)      0x08001719   Thumb Code    94  main.o(.text._Z28actualizarVoltajeServo1EnLCDf)
    actualizarVoltajeServo2EnLCD(float)      0x08001779   Thumb Code    86  main.o(.text._Z28actualizarVoltajeServo2EnLCDf)
    actualizarCorrienteServo1EnLCD(float)    0x080017d1   Thumb Code    92  main.o(.text._Z30actualizarCorrienteServo1EnLCDf)
    actualizarCorrienteServo2EnLCD(float)    0x08001831   Thumb Code    94  main.o(.text._Z30actualizarCorrienteServo2EnLCDf)
    LCD(unsigned char)                       0x08001891   Thumb Code    86  main.o(.text._Z3LCDh)
    ReadI2C1(unsigned char, unsigned char, unsigned char*, unsigned char) 0x080018e9   Thumb Code   308  main.o(.text._Z8ReadI2C1hhPhh)
    settings()                               0x08001a21   Thumb Code   174  main.o(.text._Z8settingsv)
    writeLCD(unsigned char)                  0x08001ad1   Thumb Code    50  main.o(.text._Z8writeLCDh)
    WriteI2C1(unsigned char, unsigned char, unsigned char*, unsigned char) 0x08001b09   Thumb Code   230  main.o(.text._Z9WriteI2C1hhPhh)
    main                                     0x08001bf1   Thumb Code   268  main.o(.text.main)
    _btod_d2e                                0x08001cfd   Thumb Code    62  btod.o(CL$$btod_d2e)
    _d2e_denorm_low                          0x08001d3b   Thumb Code    70  btod.o(CL$$btod_d2e_denorm_low)
    _d2e_norm_op1                            0x08001d81   Thumb Code    96  btod.o(CL$$btod_d2e_norm_op1)
    __btod_div_common                        0x08001de1   Thumb Code   696  btod.o(CL$$btod_div_common)
    _e2e                                     0x08002119   Thumb Code   220  btod.o(CL$$btod_e2e)
    _btod_ediv                               0x080021f5   Thumb Code    42  btod.o(CL$$btod_ediv)
    _btod_emul                               0x0800221f   Thumb Code    42  btod.o(CL$$btod_emul)
    __btod_mult_common                       0x08002249   Thumb Code   580  btod.o(CL$$btod_mult_common)
    __ARM_fpclassify                         0x0800248d   Thumb Code    48  fpclassify.o(i.__ARM_fpclassify)
    _is_digit                                0x080024bd   Thumb Code    14  __printf_wp.o(i._is_digit)
    _get_lc_numeric                          0x080024cd   Thumb Code    44  lc_numeric_c.o(locale$$code)
    _get_lc_ctype                            0x080024f9   Thumb Code    44  lc_ctype_c.o(locale$$code)
    _fp_init                                 0x08002525   Thumb Code    26  fpinit.o(x$fpl$fpinit)
    __fplib_config_fpu_vfp                   0x0800253d   Thumb Code     0  fpinit.o(x$fpl$fpinit)
    __fplib_config_pureend_doubles           0x0800253d   Thumb Code     0  fpinit.o(x$fpl$fpinit)
    _printf_fp_dec                           0x0800253f   Thumb Code     4  printf1.o(x$fpl$printf1)
    _printf_fp_hex                           0x08002543   Thumb Code     4  printf2.o(x$fpl$printf2)
    __I$use$fp                               0x08002546   Number         0  usenofp.o(x$fpl$usenofp)
    Region$$Table$$Base                      0x08002658   Number         0  anon$$obj.o(Region$$Table)
    Region$$Table$$Limit                     0x08002668   Number         0  anon$$obj.o(Region$$Table)
    __ctype                                  0x08002691   Data           0  lc_ctype_c.o(locale$$data)
    __libspace_start                         0x20020000   Data          96  libspace.o(.bss)
    __temporary_stack_top$libspace           0x20020060   Data           0  libspace.o(.bss)



==============================================================================

Memory Map of the image

  Image Entry point : 0x08000355

  Load Region LR_1 (Base: 0x08000000, Size: 0x00002794, Max: 0xffffffff, ABSOLUTE)

    Execution Region ER_RO (Exec base: 0x08000000, Load base: 0x08000000, Size: 0x00002794, Max: 0xffffffff, ABSOLUTE)

    Exec Addr    Load Addr    Size         Type   Attr      Idx    E Section Name        Object

    0x08000000   0x08000000   0x000001f8   Data   RO           61    RESET               startup_stm32f767xx.o
    0x080001f8   0x080001f8   0x00000008   Code   RO           88  * !!!main             c_w.l(__main.o)
    0x08000200   0x08000200   0x0000005c   Code   RO          425    !!!scatter          c_w.l(__scatter.o)
    0x0800025c   0x0800025c   0x00000002   Code   RO          426    !!handler_null      c_w.l(__scatter.o)
    0x0800025e   0x0800025e   0x00000002   PAD
    0x08000260   0x08000260   0x0000001c   Code   RO          429    !!handler_zi        c_w.l(__scatter_zi.o)
    0x0800027c   0x0800027c   0x00000000   Code   RO          172    .ARM.Collect$$_printf_percent$$00000000  c_w.l(_printf_percent.o)
    0x0800027c   0x0800027c   0x00000006   Code   RO          161    .ARM.Collect$$_printf_percent$$00000001  c_w.l(_printf_n.o)
    0x08000282   0x08000282   0x00000006   Code   RO          163    .ARM.Collect$$_printf_percent$$00000002  c_w.l(_printf_p.o)
    0x08000288   0x08000288   0x00000006   Code   RO          168    .ARM.Collect$$_printf_percent$$00000003  c_w.l(_printf_f.o)
    0x0800028e   0x0800028e   0x00000006   Code   RO          169    .ARM.Collect$$_printf_percent$$00000004  c_w.l(_printf_e.o)
    0x08000294   0x08000294   0x00000006   Code   RO          170    .ARM.Collect$$_printf_percent$$00000005  c_w.l(_printf_g.o)
    0x0800029a   0x0800029a   0x00000006   Code   RO          171    .ARM.Collect$$_printf_percent$$00000006  c_w.l(_printf_a.o)
    0x080002a0   0x080002a0   0x0000000a   Code   RO          176    .ARM.Collect$$_printf_percent$$00000007  c_w.l(_printf_ll.o)
    0x080002aa   0x080002aa   0x00000006   Code   RO          165    .ARM.Collect$$_printf_percent$$00000008  c_w.l(_printf_i.o)
    0x080002b0   0x080002b0   0x00000006   Code   RO          166    .ARM.Collect$$_printf_percent$$00000009  c_w.l(_printf_d.o)
    0x080002b6   0x080002b6   0x00000006   Code   RO          167    .ARM.Collect$$_printf_percent$$0000000A  c_w.l(_printf_u.o)
    0x080002bc   0x080002bc   0x00000006   Code   RO          164    .ARM.Collect$$_printf_percent$$0000000B  c_w.l(_printf_o.o)
    0x080002c2   0x080002c2   0x00000006   Code   RO          162    .ARM.Collect$$_printf_percent$$0000000C  c_w.l(_printf_x.o)
    0x080002c8   0x080002c8   0x00000006   Code   RO          173    .ARM.Collect$$_printf_percent$$0000000D  c_w.l(_printf_lli.o)
    0x080002ce   0x080002ce   0x00000006   Code   RO          174    .ARM.Collect$$_printf_percent$$0000000E  c_w.l(_printf_lld.o)
    0x080002d4   0x080002d4   0x00000006   Code   RO          175    .ARM.Collect$$_printf_percent$$0000000F  c_w.l(_printf_llu.o)
    0x080002da   0x080002da   0x00000006   Code   RO          180    .ARM.Collect$$_printf_percent$$00000010  c_w.l(_printf_llo.o)
    0x080002e0   0x080002e0   0x00000006   Code   RO          181    .ARM.Collect$$_printf_percent$$00000011  c_w.l(_printf_llx.o)
    0x080002e6   0x080002e6   0x0000000a   Code   RO          177    .ARM.Collect$$_printf_percent$$00000012  c_w.l(_printf_l.o)
    0x080002f0   0x080002f0   0x00000006   Code   RO          159    .ARM.Collect$$_printf_percent$$00000013  c_w.l(_printf_c.o)
    0x080002f6   0x080002f6   0x00000006   Code   RO          160    .ARM.Collect$$_printf_percent$$00000014  c_w.l(_printf_s.o)
    0x080002fc   0x080002fc   0x00000006   Code   RO          178    .ARM.Collect$$_printf_percent$$00000015  c_w.l(_printf_lc.o)
    0x08000302   0x08000302   0x00000006   Code   RO          179    .ARM.Collect$$_printf_percent$$00000016  c_w.l(_printf_ls.o)
    0x08000308   0x08000308   0x00000004   Code   RO          222    .ARM.Collect$$_printf_percent$$00000017  c_w.l(_printf_percent_end.o)
    0x0800030c   0x0800030c   0x00000002   Code   RO          273    .ARM.Collect$$libinit$$00000000  c_w.l(libinit.o)
    0x0800030e   0x0800030e   0x00000004   Code   RO          291    .ARM.Collect$$libinit$$00000001  c_w.l(libinit2.o)
    0x08000312   0x08000312   0x00000000   Code   RO          294    .ARM.Collect$$libinit$$00000004  c_w.l(libinit2.o)
    0x08000312   0x08000312   0x00000000   Code   RO          296    .ARM.Collect$$libinit$$00000006  c_w.l(libinit2.o)
    0x08000312   0x08000312   0x00000000   Code   RO          299    .ARM.Collect$$libinit$$0000000C  c_w.l(libinit2.o)
    0x08000312   0x08000312   0x00000000   Code   RO          301    .ARM.Collect$$libinit$$0000000E  c_w.l(libinit2.o)
    0x08000312   0x08000312   0x00000000   Code   RO          303    .ARM.Collect$$libinit$$00000010  c_w.l(libinit2.o)
    0x08000312   0x08000312   0x00000006   Code   RO          304    .ARM.Collect$$libinit$$00000011  c_w.l(libinit2.o)
    0x08000318   0x08000318   0x00000000   Code   RO          306    .ARM.Collect$$libinit$$00000013  c_w.l(libinit2.o)
    0x08000318   0x08000318   0x0000000c   Code   RO          307    .ARM.Collect$$libinit$$00000014  c_w.l(libinit2.o)
    0x08000324   0x08000324   0x00000000   Code   RO          308    .ARM.Collect$$libinit$$00000015  c_w.l(libinit2.o)
    0x08000324   0x08000324   0x00000000   Code   RO          310    .ARM.Collect$$libinit$$00000017  c_w.l(libinit2.o)
    0x08000324   0x08000324   0x0000000a   Code   RO          311    .ARM.Collect$$libinit$$00000018  c_w.l(libinit2.o)
    0x0800032e   0x0800032e   0x00000000   Code   RO          312    .ARM.Collect$$libinit$$00000019  c_w.l(libinit2.o)
    0x0800032e   0x0800032e   0x00000000   Code   RO          314    .ARM.Collect$$libinit$$0000001B  c_w.l(libinit2.o)
    0x0800032e   0x0800032e   0x00000000   Code   RO          316    .ARM.Collect$$libinit$$0000001D  c_w.l(libinit2.o)
    0x0800032e   0x0800032e   0x00000000   Code   RO          318    .ARM.Collect$$libinit$$0000001F  c_w.l(libinit2.o)
    0x0800032e   0x0800032e   0x00000000   Code   RO          320    .ARM.Collect$$libinit$$00000021  c_w.l(libinit2.o)
    0x0800032e   0x0800032e   0x00000000   Code   RO          322    .ARM.Collect$$libinit$$00000023  c_w.l(libinit2.o)
    0x0800032e   0x0800032e   0x00000000   Code   RO          324    .ARM.Collect$$libinit$$00000025  c_w.l(libinit2.o)
    0x0800032e   0x0800032e   0x00000000   Code   RO          326    .ARM.Collect$$libinit$$00000027  c_w.l(libinit2.o)
    0x0800032e   0x0800032e   0x00000000   Code   RO          330    .ARM.Collect$$libinit$$0000002E  c_w.l(libinit2.o)
    0x0800032e   0x0800032e   0x00000000   Code   RO          332    .ARM.Collect$$libinit$$00000030  c_w.l(libinit2.o)
    0x0800032e   0x0800032e   0x00000000   Code   RO          334    .ARM.Collect$$libinit$$00000032  c_w.l(libinit2.o)
    0x0800032e   0x0800032e   0x00000000   Code   RO          336    .ARM.Collect$$libinit$$00000034  c_w.l(libinit2.o)
    0x0800032e   0x0800032e   0x00000002   Code   RO          337    .ARM.Collect$$libinit$$00000035  c_w.l(libinit2.o)
    0x08000330   0x08000330   0x00000002   Code   RO          361    .ARM.Collect$$libshutdown$$00000000  c_w.l(libshutdown.o)
    0x08000332   0x08000332   0x00000000   Code   RO          376    .ARM.Collect$$libshutdown$$00000002  c_w.l(libshutdown2.o)
    0x08000332   0x08000332   0x00000000   Code   RO          378    .ARM.Collect$$libshutdown$$00000004  c_w.l(libshutdown2.o)
    0x08000332   0x08000332   0x00000000   Code   RO          381    .ARM.Collect$$libshutdown$$00000007  c_w.l(libshutdown2.o)
    0x08000332   0x08000332   0x00000000   Code   RO          384    .ARM.Collect$$libshutdown$$0000000A  c_w.l(libshutdown2.o)
    0x08000332   0x08000332   0x00000000   Code   RO          386    .ARM.Collect$$libshutdown$$0000000C  c_w.l(libshutdown2.o)
    0x08000332   0x08000332   0x00000000   Code   RO          389    .ARM.Collect$$libshutdown$$0000000F  c_w.l(libshutdown2.o)
    0x08000332   0x08000332   0x00000002   Code   RO          390    .ARM.Collect$$libshutdown$$00000010  c_w.l(libshutdown2.o)
    0x08000334   0x08000334   0x00000000   Code   RO           90    .ARM.Collect$$rtentry$$00000000  c_w.l(__rtentry.o)
    0x08000334   0x08000334   0x00000000   Code   RO          191    .ARM.Collect$$rtentry$$00000002  c_w.l(__rtentry2.o)
    0x08000334   0x08000334   0x00000006   Code   RO          203    .ARM.Collect$$rtentry$$00000004  c_w.l(__rtentry4.o)
    0x0800033a   0x0800033a   0x00000000   Code   RO          193    .ARM.Collect$$rtentry$$00000009  c_w.l(__rtentry2.o)
    0x0800033a   0x0800033a   0x00000004   Code   RO          194    .ARM.Collect$$rtentry$$0000000A  c_w.l(__rtentry2.o)
    0x0800033e   0x0800033e   0x00000000   Code   RO          196    .ARM.Collect$$rtentry$$0000000C  c_w.l(__rtentry2.o)
    0x0800033e   0x0800033e   0x00000008   Code   RO          197    .ARM.Collect$$rtentry$$0000000D  c_w.l(__rtentry2.o)
    0x08000346   0x08000346   0x00000002   Code   RO          282    .ARM.Collect$$rtexit$$00000000  c_w.l(rtexit.o)
    0x08000348   0x08000348   0x00000000   Code   RO          339    .ARM.Collect$$rtexit$$00000002  c_w.l(rtexit2.o)
    0x08000348   0x08000348   0x00000004   Code   RO          340    .ARM.Collect$$rtexit$$00000003  c_w.l(rtexit2.o)
    0x0800034c   0x0800034c   0x00000006   Code   RO          341    .ARM.Collect$$rtexit$$00000004  c_w.l(rtexit2.o)
    0x08000352   0x08000352   0x00000002   PAD
    0x08000354   0x08000354   0x00000040   Code   RO           62  * .text               startup_stm32f767xx.o
    0x08000394   0x08000394   0x00000040   Code   RO           84    .text               c_w.l(snprintf.o)
    0x080003d4   0x080003d4   0x00000006   Code   RO           86    .text               c_w.l(heapauxi.o)
    0x080003da   0x080003da   0x0000004e   Code   RO           93    .text               c_w.l(_printf_pad.o)
    0x08000428   0x08000428   0x00000024   Code   RO           95    .text               c_w.l(_printf_truncate.o)
    0x0800044c   0x0800044c   0x00000052   Code   RO           97    .text               c_w.l(_printf_str.o)
    0x0800049e   0x0800049e   0x00000002   PAD
    0x080004a0   0x080004a0   0x00000078   Code   RO           99    .text               c_w.l(_printf_dec.o)
    0x08000518   0x08000518   0x00000028   Code   RO          101    .text               c_w.l(_printf_charcount.o)
    0x08000540   0x08000540   0x00000030   Code   RO          103    .text               c_w.l(_printf_char_common.o)
    0x08000570   0x08000570   0x00000010   Code   RO          105    .text               c_w.l(_snputc.o)
    0x08000580   0x08000580   0x000000bc   Code   RO          107    .text               c_w.l(_printf_wctomb.o)
    0x0800063c   0x0800063c   0x0000007c   Code   RO          110    .text               c_w.l(_printf_longlong_dec.o)
    0x080006b8   0x080006b8   0x00000070   Code   RO          116    .text               c_w.l(_printf_oct_int_ll.o)
    0x08000728   0x08000728   0x00000094   Code   RO          136    .text               c_w.l(_printf_hex_int_ll_ptr.o)
    0x080007bc   0x080007bc   0x00000188   Code   RO          156    .text               c_w.l(__printf_flags_ss_wp.o)
    0x08000944   0x08000944   0x0000008a   Code   RO          205    .text               c_w.l(lludiv10.o)
    0x080009ce   0x080009ce   0x000000b2   Code   RO          207    .text               c_w.l(_printf_intcommon.o)
    0x08000a80   0x08000a80   0x0000041c   Code   RO          209    .text               c_w.l(_printf_fp_dec.o)
    0x08000e9c   0x08000e9c   0x000002fc   Code   RO          213    .text               c_w.l(_printf_fp_hex.o)
    0x08001198   0x08001198   0x0000002c   Code   RO          218    .text               c_w.l(_printf_char.o)
    0x080011c4   0x080011c4   0x0000002c   Code   RO          220    .text               c_w.l(_printf_wchar.o)
    0x080011f0   0x080011f0   0x00000048   Code   RO          223    .text               c_w.l(_c16rtomb.o)
    0x08001238   0x08001238   0x0000004a   Code   RO          225    .text               c_w.l(sys_stackheap_outer.o)
    0x08001282   0x08001282   0x00000002   PAD
    0x08001284   0x08001284   0x00000010   Code   RO          227    .text               c_w.l(rt_ctype_table.o)
    0x08001294   0x08001294   0x00000008   Code   RO          232    .text               c_w.l(rt_locale_intlibspace.o)
    0x0800129c   0x0800129c   0x00000080   Code   RO          234    .text               c_w.l(_printf_fp_infnan.o)
    0x0800131c   0x0800131c   0x000000e4   Code   RO          236    .text               c_w.l(bigflt0.o)
    0x08001400   0x08001400   0x00000012   Code   RO          266    .text               c_w.l(exit.o)
    0x08001412   0x08001412   0x00000002   PAD
    0x08001414   0x08001414   0x00000008   Code   RO          279    .text               c_w.l(libspace.o)
    0x0800141c   0x0800141c   0x00000004   PAD
    0x08001420   0x08001420   0x0000007c   Code   RO          289    .text               c_w.l(strcmpv7m_pel.o)
    0x0800149c   0x0800149c   0x0000000c   Code   RO          351    .text               c_w.l(sys_exit.o)
    0x080014a8   0x080014a8   0x00000002   Code   RO          366    .text               c_w.l(use_no_semi.o)
    0x080014aa   0x080014aa   0x00000000   Code   RO          368    .text               c_w.l(indicate_semi.o)
    0x080014aa   0x080014aa   0x00000006   PAD
    0x080014b0   0x080014b0   0x00000012   Code   RO           69    .text.SystemInit    system_stm32f7xx.o
    0x080014c2   0x080014c2   0x00000006   PAD
    0x080014c8   0x080014c8   0x0000002c   Code   RO            4    .text._Z10SysTick_msj  main.o
    0x080014f4   0x080014f4   0x00000004   PAD
    0x080014f8   0x080014f8   0x000000e8   Code   RO           40    .text._Z10readINA219hP11INA219_Data  main.o
    0x080015e0   0x080015e0   0x00000032   Code   RO            8    .text._Z11settingsLCDh  main.o
    0x08001612   0x08001612   0x00000006   PAD
    0x08001618   0x08001618   0x0000003e   Code   RO            2    .text._Z12SysTick_Waitj  main.o
    0x08001656   0x08001656   0x00000002   PAD
    0x08001658   0x08001658   0x0000004c   Code   RO           16    .text._Z12setCursorLCDhh  main.o
    0x080016a4   0x080016a4   0x00000004   PAD
    0x080016a8   0x080016a8   0x0000003a   Code   RO           38    .text._Z15configureINA219h  main.o
    0x080016e2   0x080016e2   0x00000006   PAD
    0x080016e8   0x080016e8   0x0000002c   Code   RO           14    .text._Z15limpiarLineaLCDi  main.o
    0x08001714   0x08001714   0x00000004   PAD
    0x08001718   0x08001718   0x0000005e   Code   RO           20    .text._Z28actualizarVoltajeServo1EnLCDf  main.o
    0x08001776   0x08001776   0x00000002   PAD
    0x08001778   0x08001778   0x00000056   Code   RO           24    .text._Z28actualizarVoltajeServo2EnLCDf  main.o
    0x080017ce   0x080017ce   0x00000002   PAD
    0x080017d0   0x080017d0   0x0000005c   Code   RO           22    .text._Z30actualizarCorrienteServo1EnLCDf  main.o
    0x0800182c   0x0800182c   0x00000004   PAD
    0x08001830   0x08001830   0x0000005e   Code   RO           26    .text._Z30actualizarCorrienteServo2EnLCDf  main.o
    0x0800188e   0x0800188e   0x00000002   PAD
    0x08001890   0x08001890   0x00000056   Code   RO            6    .text._Z3LCDh       main.o
    0x080018e6   0x080018e6   0x00000002   PAD
    0x080018e8   0x080018e8   0x00000134   Code   RO           36    .text._Z8ReadI2C1hhPhh  main.o
    0x08001a1c   0x08001a1c   0x00000004   PAD
    0x08001a20   0x08001a20   0x000000ae   Code   RO           32    .text._Z8settingsv  main.o
    0x08001ace   0x08001ace   0x00000002   PAD
    0x08001ad0   0x08001ad0   0x00000032   Code   RO           10    .text._Z8writeLCDh  main.o
    0x08001b02   0x08001b02   0x00000006   PAD
    0x08001b08   0x08001b08   0x000000e6   Code   RO           34    .text._Z9WriteI2C1hhPhh  main.o
    0x08001bee   0x08001bee   0x00000002   PAD
    0x08001bf0   0x08001bf0   0x0000010c   Code   RO           42    .text.main          main.o
    0x08001cfc   0x08001cfc   0x0000003e   Code   RO          239    CL$$btod_d2e        c_w.l(btod.o)
    0x08001d3a   0x08001d3a   0x00000046   Code   RO          241    CL$$btod_d2e_denorm_low  c_w.l(btod.o)
    0x08001d80   0x08001d80   0x00000060   Code   RO          240    CL$$btod_d2e_norm_op1  c_w.l(btod.o)
    0x08001de0   0x08001de0   0x00000338   Code   RO          249    CL$$btod_div_common  c_w.l(btod.o)
    0x08002118   0x08002118   0x000000dc   Code   RO          246    CL$$btod_e2e        c_w.l(btod.o)
    0x080021f4   0x080021f4   0x0000002a   Code   RO          243    CL$$btod_ediv       c_w.l(btod.o)
    0x0800221e   0x0800221e   0x0000002a   Code   RO          242    CL$$btod_emul       c_w.l(btod.o)
    0x08002248   0x08002248   0x00000244   Code   RO          248    CL$$btod_mult_common  c_w.l(btod.o)
    0x0800248c   0x0800248c   0x00000030   Code   RO          277    i.__ARM_fpclassify  m_wv.l(fpclassify.o)
    0x080024bc   0x080024bc   0x0000000e   Code   RO          149    i._is_digit         c_w.l(__printf_wp.o)
    0x080024ca   0x080024ca   0x00000002   PAD
    0x080024cc   0x080024cc   0x0000002c   Code   RO          264    locale$$code        c_w.l(lc_numeric_c.o)
    0x080024f8   0x080024f8   0x0000002c   Code   RO          287    locale$$code        c_w.l(lc_ctype_c.o)
    0x08002524   0x08002524   0x0000001a   Code   RO          349    x$fpl$fpinit        fz_wv.l(fpinit.o)
    0x0800253e   0x0800253e   0x00000004   Code   RO          182    x$fpl$printf1       fz_wv.l(printf1.o)
    0x08002542   0x08002542   0x00000004   Code   RO          184    x$fpl$printf2       fz_wv.l(printf2.o)
    0x08002546   0x08002546   0x00000000   Code   RO          276    x$fpl$usenofp       fz_wv.l(usenofp.o)
    0x08002546   0x08002546   0x00000002   PAD
    0x08002548   0x08002548   0x00000008   Data   RO          108    .constdata          c_w.l(_printf_wctomb.o)
    0x08002550   0x08002550   0x00000028   Data   RO          137    .constdata          c_w.l(_printf_hex_int_ll_ptr.o)
    0x08002578   0x08002578   0x00000011   Data   RO          157    .constdata          c_w.l(__printf_flags_ss_wp.o)
    0x08002589   0x08002589   0x00000026   Data   RO          214    .constdata          c_w.l(_printf_fp_hex.o)
    0x080025af   0x080025af   0x00000001   PAD
    0x080025b0   0x080025b0   0x00000094   Data   RO          237    .constdata          c_w.l(bigflt0.o)
    0x08002644   0x08002644   0x00000013   Data   RO           44    .rodata.str1.1      main.o
    0x08002657   0x08002657   0x00000001   PAD
    0x08002658   0x08002658   0x00000010   Data   RO          424    Region$$Table       anon$$obj.o
    0x08002668   0x08002668   0x0000001c   Data   RO          263    locale$$data        c_w.l(lc_numeric_c.o)
    0x08002684   0x08002684   0x00000110   Data   RO          286    locale$$data        c_w.l(lc_ctype_c.o)


    Execution Region ER_RW (Exec base: 0x20020000, Load base: 0x08002794, Size: 0x00000000, Max: 0xffffffff, ABSOLUTE)

    **** No section assigned to this execution region ****


    Execution Region ER_ZI (Exec base: 0x20020000, Load base: 0x08002794, Size: 0x00000660, Max: 0xffffffff, ABSOLUTE)

    Exec Addr    Load Addr    Size         Type   Attr      Idx    E Section Name        Object

    0x20020000        -       0x00000060   Zero   RW          280    .bss                c_w.l(libspace.o)
    0x20020060        -       0x00000200   Zero   RW           60    HEAP                startup_stm32f767xx.o
    0x20020260        -       0x00000400   Zero   RW           59    STACK               startup_stm32f767xx.o


==============================================================================

Image component sizes


      Code (inc. data)   RO Data    RW Data    ZI Data      Debug   Object Name

      2048         16         19          0          0      16176   main.o
        64         26        504          0       1536        908   startup_stm32f767xx.o
        18          0          0          0          0       3431   system_stm32f7xx.o

    ----------------------------------------------------------------------
      2188         42        540          0       1536      20515   Object Totals
         0          0         16          0          0          0   (incl. Generated)
        58          0          1          0          0          0   (incl. Padding)

    ----------------------------------------------------------------------

      Code (inc. data)   RO Data    RW Data    ZI Data      Debug   Library Member Name

         8          0          0          0          0         68   __main.o
       392          4         17          0          0         92   __printf_flags_ss_wp.o
        14          0          0          0          0         68   __printf_wp.o
         0          0          0          0          0          0   __rtentry.o
        12          0          0          0          0          0   __rtentry2.o
         6          0          0          0          0          0   __rtentry4.o
        94          8          0          0          0          0   __scatter.o
        28          0          0          0          0          0   __scatter_zi.o
        72          0          0          0          0         96   _c16rtomb.o
         6          0          0          0          0          0   _printf_a.o
         6          0          0          0          0          0   _printf_c.o
        44          0          0          0          0        108   _printf_char.o
        48          6          0          0          0         96   _printf_char_common.o
        40          0          0          0          0         68   _printf_charcount.o
         6          0          0          0          0          0   _printf_d.o
       120         16          0          0          0         92   _printf_dec.o
         6          0          0          0          0          0   _printf_e.o
         6          0          0          0          0          0   _printf_f.o
      1052          0          0          0          0        148   _printf_fp_dec.o
       764          8         38          0          0        100   _printf_fp_hex.o
       128         16          0          0          0         84   _printf_fp_infnan.o
         6          0          0          0          0          0   _printf_g.o
       148          4         40          0          0        160   _printf_hex_int_ll_ptr.o
         6          0          0          0          0          0   _printf_i.o
       178          0          0          0          0         88   _printf_intcommon.o
        10          0          0          0          0          0   _printf_l.o
         6          0          0          0          0          0   _printf_lc.o
        10          0          0          0          0          0   _printf_ll.o
         6          0          0          0          0          0   _printf_lld.o
         6          0          0          0          0          0   _printf_lli.o
         6          0          0          0          0          0   _printf_llo.o
         6          0          0          0          0          0   _printf_llu.o
         6          0          0          0          0          0   _printf_llx.o
       124         16          0          0          0         92   _printf_longlong_dec.o
         6          0          0          0          0          0   _printf_ls.o
         6          0          0          0          0          0   _printf_n.o
         6          0          0          0          0          0   _printf_o.o
       112          8          0          0          0        124   _printf_oct_int_ll.o
         6          0          0          0          0          0   _printf_p.o
        78          0          0          0          0        108   _printf_pad.o
         0          0          0          0          0          0   _printf_percent.o
         4          0          0          0          0          0   _printf_percent_end.o
         6          0          0          0          0          0   _printf_s.o
        82          0          0          0          0         80   _printf_str.o
        36          0          0          0          0         84   _printf_truncate.o
         6          0          0          0          0          0   _printf_u.o
        44          0          0          0          0        108   _printf_wchar.o
       188          6          8          0          0         92   _printf_wctomb.o
         6          0          0          0          0          0   _printf_x.o
        16          0          0          0          0         68   _snputc.o
       228          4        148          0          0         96   bigflt0.o
      1936        128          0          0          0        668   btod.o
        18          0          0          0          0         80   exit.o
         6          0          0          0          0        152   heapauxi.o
         0          0          0          0          0          0   indicate_semi.o
        44         10        272          0          0         76   lc_ctype_c.o
        44         10         28          0          0         76   lc_numeric_c.o
         2          0          0          0          0          0   libinit.o
        34          0          0          0          0          0   libinit2.o
         2          0          0          0          0          0   libshutdown.o
         2          0          0          0          0          0   libshutdown2.o
         8          4          0          0         96         68   libspace.o
       138          0          0          0          0         80   lludiv10.o
        16          4          0          0          0         76   rt_ctype_table.o
         8          4          0          0          0         68   rt_locale_intlibspace.o
         2          0          0          0          0          0   rtexit.o
        10          0          0          0          0          0   rtexit2.o
        64          6          0          0          0         84   snprintf.o
       124          0          0          0          0         88   strcmpv7m_pel.o
        12          4          0          0          0         68   sys_exit.o
        74          0          0          0          0         80   sys_stackheap_outer.o
         2          0          0          0          0         68   use_no_semi.o
        26          0          0          0          0        116   fpinit.o
         4          0          0          0          0        116   printf1.o
         4          0          0          0          0        116   printf2.o
         0          0          0          0          0          0   usenofp.o
        48          0          0          0          0        124   fpclassify.o

    ----------------------------------------------------------------------
      6852        270        552          0         96       4324   Library Totals
        24          4          1          0          0          0   (incl. Padding)

    ----------------------------------------------------------------------

      Code (inc. data)   RO Data    RW Data    ZI Data      Debug   Library Name

      6746        266        551          0         96       3852   c_w.l
        34          0          0          0          0        348   fz_wv.l
        48          0          0          0          0        124   m_wv.l

    ----------------------------------------------------------------------
      6852        270        552          0         96       4324   Library Totals

    ----------------------------------------------------------------------

==============================================================================


      Code (inc. data)   RO Data    RW Data    ZI Data      Debug   

      9040        312       1092          0       1632      22591   Grand Totals
      9040        312       1092          0       1632      22591   ELF Image Totals
      9040        312       1092          0          0          0   ROM Totals

==============================================================================

    Total RO  Size (Code + RO Data)                10132 (   9.89kB)
    Total RW  Size (RW Data + ZI Data)              1632 (   1.59kB)
    Total ROM Size (Code + RO Data + RW Data)      10132 (   9.89kB)

==============================================================================

