Component: Arm Compiler for Embedded 6.22 Tool: armlink [5ee90200]

==============================================================================

Section Cross References

    main.o(.ARM.exidx.text._Z13UART_TransmitPc) refers to main.o(.text._Z13UART_TransmitPc) for [Anonymous Symbol]
    main.o(.text._Z15enviarDatosUARTffffff) refers to main.o(.rodata.str1.1) for .L.str
    main.o(.text._Z15enviarDatosUARTffffff) refers to snprintf.o(.text) for snprintf
    main.o(.text._Z15enviarDatosUARTffffff) refers to main.o(.text._Z13UART_TransmitPc) for UART_Transmit(char*)
    main.o(.ARM.exidx.text._Z15enviarDatosUARTffffff) refers to main.o(.text._Z15enviarDatosUARTffffff) for [Anonymous Symbol]
    main.o(.ARM.exidx.text._Z9WriteI2C1hhPhh) refers to main.o(.text._Z9WriteI2C1hhPhh) for [Anonymous Symbol]
    main.o(.ARM.exidx.text._Z8ReadI2C1hhPhh) refers to main.o(.text._Z8ReadI2C1hhPhh) for [Anonymous Symbol]
    main.o(.text._Z10readINA219hP11INA219_Data) refers to main.o(.text._Z8ReadI2C1hhPhh) for ReadI2C1(unsigned char, unsigned char, unsigned char*, unsigned char)
    main.o(.ARM.exidx.text._Z10readINA219hP11INA219_Data) refers to main.o(.text._Z10readINA219hP11INA219_Data) for [Anonymous Symbol]
    main.o(.text._Z15configureINA219h) refers to main.o(.text._Z9WriteI2C1hhPhh) for WriteI2C1(unsigned char, unsigned char, unsigned char*, unsigned char)
    main.o(.ARM.exidx.text._Z15configureINA219h) refers to main.o(.text._Z15configureINA219h) for [Anonymous Symbol]
    main.o(.ARM.exidx.text._Z12SysTick_Waitj) refers to main.o(.text._Z12SysTick_Waitj) for [Anonymous Symbol]
    main.o(.text._Z10SysTick_msj) refers to main.o(.text._Z12SysTick_Waitj) for SysTick_Wait(unsigned int)
    main.o(.ARM.exidx.text._Z10SysTick_msj) refers to main.o(.text._Z10SysTick_msj) for [Anonymous Symbol]
    main.o(.text._Z27configuracionComuniacionI2Cv) refers to main.o(.text._Z10SysTick_msj) for SysTick_ms(unsigned int)
    main.o(.ARM.exidx.text._Z27configuracionComuniacionI2Cv) refers to main.o(.text._Z27configuracionComuniacionI2Cv) for [Anonymous Symbol]
    main.o(.text._Z3LCDh) refers to main.o(.text._Z10SysTick_msj) for SysTick_ms(unsigned int)
    main.o(.ARM.exidx.text._Z3LCDh) refers to main.o(.text._Z3LCDh) for [Anonymous Symbol]
    main.o(.text._Z11settingsLCDh) refers to main.o(.text._Z3LCDh) for LCD(unsigned char)
    main.o(.ARM.exidx.text._Z11settingsLCDh) refers to main.o(.text._Z11settingsLCDh) for [Anonymous Symbol]
    main.o(.text._Z8writeLCDh) refers to main.o(.text._Z3LCDh) for LCD(unsigned char)
    main.o(.ARM.exidx.text._Z8writeLCDh) refers to main.o(.text._Z8writeLCDh) for [Anonymous Symbol]
    main.o(.text._Z9apagarLCDv) refers to main.o(.text._Z11settingsLCDh) for settingsLCD(unsigned char)
    main.o(.ARM.exidx.text._Z9apagarLCDv) refers to main.o(.text._Z9apagarLCDv) for [Anonymous Symbol]
    main.o(.text._Z15limpiarLineaLCDi) refers to main.o(.text._Z11settingsLCDh) for settingsLCD(unsigned char)
    main.o(.ARM.exidx.text._Z15limpiarLineaLCDi) refers to main.o(.text._Z15limpiarLineaLCDi) for [Anonymous Symbol]
    main.o(.text._Z12setCursorLCDhh) refers to main.o(.text._Z11settingsLCDh) for settingsLCD(unsigned char)
    main.o(.ARM.exidx.text._Z12setCursorLCDhh) refers to main.o(.text._Z12setCursorLCDhh) for [Anonymous Symbol]
    main.o(.text._Z20actualizarMensajeLCDPc) refers to main.o(.text._Z11settingsLCDh) for settingsLCD(unsigned char)
    main.o(.text._Z20actualizarMensajeLCDPc) refers to main.o(.text._Z8writeLCDh) for writeLCD(unsigned char)
    main.o(.ARM.exidx.text._Z20actualizarMensajeLCDPc) refers to main.o(.text._Z20actualizarMensajeLCDPc) for [Anonymous Symbol]
    main.o(.text._Z21actualizarMensaje2LCDPKc) refers to main.o(.text._Z12setCursorLCDhh) for setCursorLCD(unsigned char, unsigned char)
    main.o(.text._Z21actualizarMensaje2LCDPKc) refers to main.o(.text._Z8writeLCDh) for writeLCD(unsigned char)
    main.o(.ARM.exidx.text._Z21actualizarMensaje2LCDPKc) refers to main.o(.text._Z21actualizarMensaje2LCDPKc) for [Anonymous Symbol]
    main.o(.text._Z21actualizarMensaje3LCDPKc) refers to main.o(.text._Z12setCursorLCDhh) for setCursorLCD(unsigned char, unsigned char)
    main.o(.text._Z21actualizarMensaje3LCDPKc) refers to main.o(.text._Z8writeLCDh) for writeLCD(unsigned char)
    main.o(.ARM.exidx.text._Z21actualizarMensaje3LCDPKc) refers to main.o(.text._Z21actualizarMensaje3LCDPKc) for [Anonymous Symbol]
    main.o(.text._Z21actualizarMensaje4LCDPKc) refers to main.o(.text._Z12setCursorLCDhh) for setCursorLCD(unsigned char, unsigned char)
    main.o(.text._Z21actualizarMensaje4LCDPKc) refers to main.o(.text._Z8writeLCDh) for writeLCD(unsigned char)
    main.o(.ARM.exidx.text._Z21actualizarMensaje4LCDPKc) refers to main.o(.text._Z21actualizarMensaje4LCDPKc) for [Anonymous Symbol]
    main.o(.text._Z30actualizarMensajeCronometroLCDPc) refers to main.o(.text._Z12setCursorLCDhh) for setCursorLCD(unsigned char, unsigned char)
[...]
    .ARM.Collect$$_printf_percent$$00000017  0x08000324   Section        4  _printf_percent_end.o(.ARM.Collect$$_printf_percent$$00000017)
    .ARM.Collect$$libinit$$00000000          0x08000328   Section        2  libinit.o(.ARM.Collect$$libinit$$00000000)
    .ARM.Collect$$libinit$$00000001          0x0800032a   Section        4  libinit2.o(.ARM.Collect$$libinit$$00000001)
    .ARM.Collect$$libinit$$00000004          0x0800032e   Section        0  libinit2.o(.ARM.Collect$$libinit$$00000004)
    .ARM.Collect$$libinit$$00000006          0x0800032e   Section        0  libinit2.o(.ARM.Collect$$libinit$$00000006)
    .ARM.Collect$$libinit$$0000000C          0x0800032e   Section        0  libinit2.o(.ARM.Collect$$libinit$$0000000C)
    .ARM.Collect$$libinit$$0000000E          0x0800032e   Section        0  libinit2.o(.ARM.Collect$$libinit$$0000000E)
    .ARM.Collect$$libinit$$00000010          0x0800032e   Section        0  libinit2.o(.ARM.Collect$$libinit$$00000010)
    .ARM.Collect$$libinit$$00000011          0x0800032e   Section        6  libinit2.o(.ARM.Collect$$libinit$$00000011)
    .ARM.Collect$$libinit$$00000013          0x08000334   Section        0  libinit2.o(.ARM.Collect$$libinit$$00000013)
    .ARM.Collect$$libinit$$00000014          0x08000334   Section       12  libinit2.o(.ARM.Collect$$libinit$$00000014)
    .ARM.Collect$$libinit$$00000015          0x08000340   Section        0  libinit2.o(.ARM.Collect$$libinit$$00000015)
    .ARM.Collect$$libinit$$00000017          0x08000340   Section        0  libinit2.o(.ARM.Collect$$libinit$$00000017)
    .ARM.Collect$$libinit$$00000018          0x08000340   Section       10  libinit2.o(.ARM.Collect$$libinit$$00000018)
    .ARM.Collect$$libinit$$00000019          0x0800034a   Section        0  libinit2.o(.ARM.Collect$$libinit$$00000019)
    .ARM.Collect$$libinit$$0000001B          0x0800034a   Section        0  libinit2.o(.ARM.Collect$$libinit$$0000001B)
    .ARM.Collect$$libinit$$0000001D          0x0800034a   Section        0  libinit2.o(.ARM.Collect$$libinit$$0000001D)
    .ARM.Collect$$libinit$$0000001F          0x0800034a   Section        0  libinit2.o(.ARM.Collect$$libinit$$0000001F)
    .ARM.Collect$$libinit$$00000021          0x0800034a   Section        0  libinit2.o(.ARM.Collect$$libinit$$00000021)
    .ARM.Collect$$libinit$$00000023          0x0800034a   Section        0  libinit2.o(.ARM.Collect$$libinit$$00000023)
    .ARM.Collect$$libinit$$00000025          0x0800034a   Section        0  libinit2.o(.ARM.Collect$$libinit$$00000025)
    .ARM.Collect$$libinit$$00000027          0x0800034a   Section        0  libinit2.o(.ARM.Collect$$libinit$$00000027)
    .ARM.Collect$$libinit$$0000002E          0x0800034a   Section        0  libinit2.o(.ARM.Collect$$libinit$$0000002E)
    .ARM.Collect$$libinit$$00000030          0x0800034a   Section        0  libinit2.o(.ARM.Collect$$libinit$$00000030)
    .ARM.Collect$$libinit$$00000032          0x0800034a   Section        0  libinit2.o(.ARM.Collect$$libinit$$00000032)
    .ARM.Collect$$libinit$$00000034          0x0800034a   Section        0  libinit2.o(.ARM.Collect$$libinit$$00000034)
    .ARM.Collect$$libinit$$00000035          0x0800034a   Section        2  libinit2.o(.ARM.Collect$$libinit$$00000035)
    .ARM.Collect$$libshutdown$$00000000      0x0800034c   Section        2  libshutdown.o(.ARM.Collect$$libshutdown$$00000000)
    .ARM.Collect$$libshutdown$$00000002      0x0800034e   Section        0  libshutdown2.o(.ARM.Collect$$libshutdown$$00000002)
    .ARM.Collect$$libshutdown$$00000004      0x0800034e   Section        0  libshutdown2.o(.ARM.Collect$$libshutdown$$00000004)
    .ARM.Collect$$libshutdown$$00000007      0x0800034e   Section        0  libshutdown2.o(.ARM.Collect$$libshutdown$$00000007)
    .ARM.Collect$$libshutdown$$0000000A      0x0800034e   Section        0  libshutdown2.o(.ARM.Collect$$libshutdown$$0000000A)
    .ARM.Collect$$libshutdown$$0000000C      0x0800034e   Section        0  libshutdown2.o(.ARM.Collect$$libshutdown$$0000000C)
    .ARM.Collect$$libshutdown$$0000000F      0x0800034e   Section        0  libshutdown2.o(.ARM.Collect$$libshutdown$$0000000F)
    .ARM.Collect$$libshutdown$$00000010      0x0800034e   Section        2  libshutdown2.o(.ARM.Collect$$libshutdown$$00000010)
    .ARM.Collect$$rtentry$$00000000          0x08000350   Section        0  __rtentry.o(.ARM.Collect$$rtentry$$00000000)
    .ARM.Collect$$rtentry$$00000002          0x08000350   Section        0  __rtentry2.o(.ARM.Collect$$rtentry$$00000002)
    .ARM.Collect$$rtentry$$00000004          0x08000350   Section        6  __rtentry4.o(.ARM.Collect$$rtentry$$00000004)
    .ARM.Collect$$rtentry$$00000009          0x08000356   Section        0  __rtentry2.o(.ARM.Collect$$rtentry$$00000009)
    .ARM.Collect$$rtentry$$0000000A          0x08000356   Section        4  __rtentry2.o(.ARM.Collect$$rtentry$$0000000A)
    .ARM.Collect$$rtentry$$0000000C          0x0800035a   Section        0  __rtentry2.o(.ARM.Collect$$rtentry$$0000000C)
    .ARM.Collect$$rtentry$$0000000D          0x0800035a   Section        8  __rtentry2.o(.ARM.Collect$$rtentry$$0000000D)
    .ARM.Collect$$rtexit$$00000000           0x08000362   Section        2  rtexit.o(.ARM.Collect$$rtexit$$00000000)
    .ARM.Collect$$rtexit$$00000002           0x08000364   Section        0  rtexit2.o(.ARM.Collect$$rtexit$$00000002)
    .ARM.Collect$$rtexit$$00000003           0x08000364   Section        4  rtexit2.o(.ARM.Collect$$rtexit$$00000003)
    .ARM.Collect$$rtexit$$00000004           0x08000368   Section        6  rtexit2.o(.ARM.Collect$$rtexit$$00000004)
    $v0                                      0x08000370   Number         0  startup_stm32f767xx.o(.text)
    .text                                    0x08000370   Section       64  startup_stm32f767xx.o(.text)
    .text                                    0x080003b0   Section        0  sprintf.o(.text)
    .text                                    0x080003dc   Section        0  snprintf.o(.text)
    .text                                    0x0800041c   Section        0  atoi.o(.text)
    .text                                    0x08000436   Section        0  heapauxi.o(.text)
    .text                                    0x0800043c   Section        8  rt_errno_addr_intlibspace.o(.text)
    .text                                    0x08000444   Section        0  _printf_pad.o(.text)
    .text                                    0x08000492   Section        0  _printf_truncate.o(.text)
    .text                                    0x080004b6   Section        0  _printf_str.o(.text)
    .text                                    0x08000508   Section        0  _printf_dec.o(.text)
    .text                                    0x08000580   Section        0  _printf_charcount.o(.text)
    _printf_input_char                       0x080005a9   Thumb Code    10  _printf_char_common.o(.text)
    .text                                    0x080005a8   Section        0  _printf_char_common.o(.text)
    .text                                    0x080005d8   Section        0  _sputc.o(.text)
    .text                                    0x080005e2   Section        0  _snputc.o(.text)
    .text                                    0x080005f4   Section        0  _printf_wctomb.o(.text)
    .text                                    0x080006b0   Section        0  _printf_longlong_dec.o(.text)
    _printf_longlong_oct_internal            0x0800072d   Thumb Code     0  _printf_oct_int_ll.o(.text)
    .text                                    0x0800072c   Section        0  _printf_oct_int_ll.o(.text)
    _printf_hex_common                       0x0800079d   Thumb Code     0  _printf_hex_int_ll_ptr.o(.text)
    .text                                    0x0800079c   Section        0  _printf_hex_int_ll_ptr.o(.text)
    .text                                    0x08000830   Section        0  __printf_flags_ss_wp.o(.text)
    .text                                    0x080009b8   Section        0  strtol.o(.text)
    .text                                    0x08000a28   Section        8  libspace.o(.text)
    .text                                    0x08000a30   Section       16  rt_ctype_table.o(.text)
    .text                                    0x08000a40   Section      138  lludiv10.o(.text)
    .text                                    0x08000aca   Section        0  _printf_intcommon.o(.text)
    _fp_digits                               0x08000b7d   Thumb Code   432  _printf_fp_dec.o(.text)
    .text                                    0x08000b7c   Section        0  _printf_fp_dec.o(.text)
    .text                                    0x08000f98   Section        0  _printf_fp_hex.o(.text)
    .text                                    0x08001294   Section        0  _printf_char.o(.text)
    .text                                    0x080012c0   Section        0  _printf_wchar.o(.text)
    .text                                    0x080012ec   Section        0  _strtoul.o(.text)
    .text                                    0x0800138a   Section        0  _c16rtomb.o(.text)
    .text                                    0x080013d2   Section       74  sys_stackheap_outer.o(.text)
    .text                                    0x0800141c   Section        8  rt_locale_intlibspace.o(.text)
    .text                                    0x08001424   Section        0  _printf_fp_infnan.o(.text)
    .text                                    0x080014a4   Section        0  _chval.o(.text)
    .text                                    0x080014c0   Section        0  bigflt0.o(.text)
    .text                                    0x080015a4   Section        0  exit.o(.text)
    .text                                    0x080015b8   Section      124  strcmpv7m_pel.o(.text)
    .text                                    0x08001634   Section        0  sys_exit.o(.text)
    .text                                    0x08001640   Section        2  use_no_semi.o(.text)
    .text                                    0x08001642   Section        0  indicate_semi.o(.text)
    [Anonymous Symbol]                       0x08001648   Section        0  system_stm32f7xx.o(.text.SystemInit)
    [Anonymous Symbol]                       0x08001660   Section        0  main.o(.text.TIM3_IRQHandler)
    [Anonymous Symbol]                       0x080016f8   Section        0  main.o(.text.UART4_IRQHandler)
    [Anonymous Symbol]                       0x08001800   Section        0  main.o(.text.USART3_IRQHandler)
    [Anonymous Symbol]                       0x080018f8   Section        0  main.o(.text._Z10SysTick_msj)
    [Anonymous Symbol]                       0x08001928   Section        0  main.o(.text._Z10readINA219hP11INA219_Data)
    [Anonymous Symbol]                       0x08001a10   Section        0  main.o(.text._Z11settingsLCDh)
    [Anonymous Symbol]                       0x08001a48   Section        0  main.o(.text._Z12SysTick_Waitj)
    [Anonymous Symbol]                       0x08001a88   Section        0  main.o(.text._Z12ajustarServov)
    [Anonymous Symbol]                       0x08001b80   Section        0  main.o(.text._Z12setCursorLCDhh)
    [Anonymous Symbol]                       0x08001bd0   Section        0  main.o(.text._Z13UART_TransmitPc)
    [Anonymous Symbol]                       0x08001c28   Section        0  main.o(.text._Z15configureINA219h)
    [Anonymous Symbol]                       0x08001c60   Section        0  main.o(.text._Z15enviarDatosUARTffffff)
    [Anonymous Symbol]                       0x08001d20   Section        0  main.o(.text._Z15limpiarLineaLCDi)
    [Anonymous Symbol]                       0x08001d50   Section        0  main.o(.text._Z16configuracionPWMv)
    [Anonymous Symbol]                       0x08001e00   Section        0  main.o(.text._Z20actualizarMensajeLCDPc)
    [Anonymous Symbol]                       0x08001e38   Section        0  main.o(.text._Z21actualizarMensaje2LCDPKc)
    [Anonymous Symbol]                       0x08001e70   Section        0  main.o(.text._Z21actualizarMensaje3LCDPKc)
    [Anonymous Symbol]                       0x08001ea8   Section        0  main.o(.text._Z21actualizarMensaje4LCDPKc)
    [Anonymous Symbol]                       0x08001ee0   Section        0  main.o(.text._Z26actualizarLCD_AnguloServo1h)
    [Anonymous Symbol]                       0x08001f08   Section        0  main.o(.text._Z26actualizarLCD_AnguloServo2h)
    [Anonymous Symbol]                       0x08001f30   Section        0  main.o(.text._Z26actualizarLCD_AnguloServo3h)
    [Anonymous Symbol]                       0x08001f58   Section        0  main.o(.text._Z26actualizarLCD_AnguloServo4h)
    [Anonymous Symbol]                       0x08001f80   Section        0  main.o(.text._Z27configuracionComuniacionI2Cv)
    [Anonymous Symbol]                       0x08002028   Section        0  main.o(.text._Z28actualizarVoltajeServo1EnLCDf)
    [Anonymous Symbol]                       0x08002080   Section        0  main.o(.text._Z28configuracionTimerCronometrov)
    [Anonymous Symbol]                       0x080020d8   Section        0  main.o(.text._Z28configurarUART4BluetoothHc50v)
    [Anonymous Symbol]                       0x08002160   Section        0  main.o(.text._Z30actualizarCorrienteServo1EnLCDf)
    [Anonymous Symbol]                       0x080021c0   Section        0  main.o(.text._Z30actualizarCorrienteServo2EnLCDf)
    [Anonymous Symbol]                       0x08002218   Section        0  main.o(.text._Z30actualizarCorrienteServo3EnLCDf)
    [Anonymous Symbol]                       0x08002270   Section        0  main.o(.text._Z30actualizarMensajeCronometroLCDPc)
    [Anonymous Symbol]                       0x080022a8   Section        0  main.o(.text._Z32configuracionUART3comunicacionPcv)
    [Anonymous Symbol]                       0x08002328   Section        0  main.o(.text._Z3LCDh)
    [Anonymous Symbol]                       0x08002380   Section        0  main.o(.text._Z8ReadI2C1hhPhh)
    [Anonymous Symbol]                       0x080024b8   Section        0  main.o(.text._Z8settingsv)
    [Anonymous Symbol]                       0x08002568   Section        0  main.o(.text._Z8writeLCDh)
    [Anonymous Symbol]                       0x080025a0   Section        0  main.o(.text._Z9WriteI2C1hhPhh)
    __NVIC_EnableIRQ(IRQn_Type)              0x08002689   Thumb Code    48  main.o(.text._ZL16__NVIC_EnableIRQ9IRQn_Type)
    [Anonymous Symbol]                       0x08002688   Section        0  main.o(.text._ZL16__NVIC_EnableIRQ9IRQn_Type)
    [Anonymous Symbol]                       0x080026b8   Section        0  main.o(.text.main)
    CL$$btod_d2e                             0x080028ae   Section       62  btod.o(CL$$btod_d2e)
    CL$$btod_d2e_denorm_low                  0x080028ec   Section       70  btod.o(CL$$btod_d2e_denorm_low)
    CL$$btod_d2e_norm_op1                    0x08002932   Section       96  btod.o(CL$$btod_d2e_norm_op1)
    CL$$btod_div_common                      0x08002994   Section      824  btod.o(CL$$btod_div_common)
    CL$$btod_e2e                             0x08002ccc   Section      220  btod.o(CL$$btod_e2e)
    CL$$btod_ediv                            0x08002da8   Section       42  btod.o(CL$$btod_ediv)
    CL$$btod_emul                            0x08002dd2   Section       42  btod.o(CL$$btod_emul)
    CL$$btod_mult_common                     0x08002dfc   Section      580  btod.o(CL$$btod_mult_common)
    i.__ARM_fpclassify                       0x08003040   Section        0  fpclassify.o(i.__ARM_fpclassify)
    i._is_digit                              0x08003070   Section        0  __printf_wp.o(i._is_digit)
    locale$$code                             0x08003080   Section       44  lc_ctype_c.o(locale$$code)
    locale$$code                             0x080030ac   Section       44  lc_numeric_c.o(locale$$code)
    $v0                                      0x080030d8   Number         0  fpinit.o(x$fpl$fpinit)
    x$fpl$fpinit                             0x080030d8   Section       26  fpinit.o(x$fpl$fpinit)
    $v0                                      0x080030f2   Number         0  printf1.o(x$fpl$printf1)
    x$fpl$printf1                            0x080030f2   Section        4  printf1.o(x$fpl$printf1)
    $v0                                      0x080030f6   Number         0  printf2.o(x$fpl$printf2)
    x$fpl$printf2                            0x080030f6   Section        4  printf2.o(x$fpl$printf2)
    x$fpl$usenofp                            0x080030fa   Section        0  usenofp.o(x$fpl$usenofp)
    initial_mbstate                          0x080030fc   Data           8  _printf_wctomb.o(.constdata)
    .constdata                               0x080030fc   Section        8  _printf_wctomb.o(.constdata)
    uc_hextab                                0x08003104   Data          20  _printf_hex_int_ll_ptr.o(.constdata)
    .constdata                               0x08003104   Section       40  _printf_hex_int_ll_ptr.o(.constdata)
    lc_hextab                                0x08003118   Data          20  _printf_hex_int_ll_ptr.o(.constdata)
    maptable                                 0x0800312c   Data          17  __printf_flags_ss_wp.o(.constdata)
    .constdata                               0x0800312c   Section       17  __printf_flags_ss_wp.o(.constdata)
    lc_hextab                                0x0800313d   Data          19  _printf_fp_hex.o(.constdata)
    .constdata                               0x0800313d   Section       38  _printf_fp_hex.o(.constdata)
    uc_hextab                                0x08003150   Data          19  _printf_fp_hex.o(.constdata)
    tenpwrs_x                                0x08003164   Data          60  bigflt0.o(.constdata)
    .constdata                               0x08003164   Section      148  bigflt0.o(.constdata)
    tenpwrs_i                                0x080031a0   Data          64  bigflt0.o(.constdata)
    .L.str                                   0x080031f8   Data          18  main.o(.rodata.str1.1)
    [Anonymous Symbol]                       0x080031f8   Section        0  main.o(.rodata.str1.1)
    .L.str.1                                 0x0800320a   Data          18  main.o(.rodata.str1.1)
    .L.str.2                                 0x0800321c   Data          18  main.o(.rodata.str1.1)
    .L.str.6                                 0x0800322e   Data           5  main.o(.rodata.str1.1)
    .L.str.4                                 0x08003233   Data          10  main.o(.rodata.str1.1)
    .L.str.5                                 0x0800323d   Data           4  main.o(.rodata.str1.1)
    .L.str.3                                 0x08003241   Data           5  main.o(.rodata.str1.1)
    locale$$data                             0x08003268   Section      272  lc_ctype_c.o(locale$$data)
    __lcctype_c_name                         0x0800326c   Data           2  lc_ctype_c.o(locale$$data)
    __lcctype_c_start                        0x08003274   Data           0  lc_ctype_c.o(locale$$data)
    __lcctype_c_end                          0x08003378   Data           0  lc_ctype_c.o(locale$$data)
    locale$$data                             0x08003378   Section       28  lc_numeric_c.o(locale$$data)
    __lcnum_c_name                           0x0800337c   Data           2  lc_numeric_c.o(locale$$data)
    __lcnum_c_start                          0x08003384   Data           0  lc_numeric_c.o(locale$$data)
    __lcnum_c_point                          0x08003390   Data           0  lc_numeric_c.o(locale$$data)
    __lcnum_c_thousands                      0x08003392   Data           0  lc_numeric_c.o(locale$$data)
    __lcnum_c_grouping                       0x08003393   Data           0  lc_numeric_c.o(locale$$data)
    __lcnum_c_end                            0x08003394   Data           0  lc_numeric_c.o(locale$$data)
    .bss                                     0x20020008   Section       96  libspace.o(.bss)
    UART4_IRQHandler::index                  0x20020068   Data           1  main.o(.bss._ZZ16UART4_IRQHandlerE5index)
    [Anonymous Symbol]                       0x20020068   Section        0  main.o(.bss._ZZ16UART4_IRQHandlerE5index)
    UART4_IRQHandler::buffer                 0x20020069   Data           7  main.o(.bss._ZZ16UART4_IRQHandlerE6buffer)
    [Anonymous Symbol]                       0x20020069   Section        0  main.o(.bss._ZZ16UART4_IRQHandlerE6buffer)
    Heap_Mem                                 0x20020098   Data         512  startup_stm32f767xx.o(HEAP)
    HEAP                                     0x20020098   Section      512  startup_stm32f767xx.o(HEAP)
    Stack_Mem                                0x20020298   Data        1024  startup_stm32f767xx.o(STACK)
    STACK                                    0x20020298   Section     1024  startup_stm32f767xx.o(STACK)
    __initial_sp                             0x20020698   Data           0  startup_stm32f767xx.o(STACK)

    Global Symbols

    Symbol Name                              Value     Ov Type        Size  Object(Section)

    BuildAttributes$$THM_ISAv4$E$P$D$K$B$S$7EM$VFPv5_D16$PE$PLD8$A:L22UL41UL21$X:L11$S22US41US21$IEEE1$IW$~IW$USESV6$~STKCKD$USESV7$~SHL$OTIME$ROPI$IEEEJ$EBA8$UX$STANDARDLIB$REQ8$PRES8$EABIv2 0x00000000   Number         0  anon$$obj.o ABSOLUTE
    _printf_flags                            0x00000000   Number         0  printf_stubs.o ABSOLUTE
    _printf_return_value                     0x00000000   Number         0  printf_stubs.o ABSOLUTE
    _printf_sizespec                         0x00000000   Number         0  printf_stubs.o ABSOLUTE
    _printf_widthprec                        0x00000000   Number         0  printf_stubs.o ABSOLUTE
    __ARM_exceptions_init                     - Undefined Weak Reference
    __alloca_initialize                       - Undefined Weak Reference
    __arm_preinit_                            - Undefined Weak Reference
    __arm_relocate_pie_                       - Undefined Weak Reference
    __cpp_initialize__aeabi_                  - Undefined Weak Reference
    __cxa_finalize                            - Undefined Weak Reference
    __sigvec_lookup                           - Undefined Weak Reference
    _atexit_init                              - Undefined Weak Reference
    _call_atexit_fns                          - Undefined Weak Reference
    _clock_init                               - Undefined Weak Reference
    _fp_trap_init                             - Undefined Weak Reference
    _fp_trap_shutdown                         - Undefined Weak Reference
    _get_lc_collate                           - Undefined Weak Reference
    _get_lc_monetary                          - Undefined Weak Reference
    _get_lc_time                              - Undefined Weak Reference
    _getenv_init                              - Undefined Weak Reference
    _handle_redirection                       - Undefined Weak Reference
    _init_alloc                               - Undefined Weak Reference
    _init_user_alloc                          - Undefined Weak Reference
    _initio                                   - Undefined Weak Reference
    _printf_mbtowc                            - Undefined Weak Reference
    _printf_wc                                - Undefined Weak Reference
    _rand_init                                - Undefined Weak Reference
    _signal_finish                            - Undefined Weak Reference
    _signal_init                              - Undefined Weak Reference
    _terminate_alloc                          - Undefined Weak Reference
    _terminate_user_alloc                     - Undefined Weak Reference
    _terminateio                              - Undefined Weak Reference
    __Vectors_Size                           0x000001f8   Number         0  startup_stm32f767xx.o ABSOLUTE
    __Vectors                                0x08000000   Data           4  startup_stm32f767xx.o(RESET)
    __Vectors_End                            0x080001f8   Data           0  startup_stm32f767xx.o(RESET)
    __main                                   0x080001f9   Thumb Code     8  __main.o(!!!main)
    __scatterload                            0x08000201   Thumb Code     0  __scatter.o(!!!scatter)
    __scatterload_rt2                        0x08000201   Thumb Code    84  __scatter.o(!!!scatter)
    __scatterload_rt2_thumb_only             0x08000201   Thumb Code     0  __scatter.o(!!!scatter)
    __scatterload_loop                       0x0800020b   Thumb Code     0  __scatter.o(!!!scatter)
    __scatterload_copy                       0x0800025d   Thumb Code    26  __scatter_copy.o(!!handler_copy)
    __scatterload_null                       0x08000279   Thumb Code     2  __scatter.o(!!handler_null)
    __scatterload_zeroinit                   0x0800027d   Thumb Code    28  __scatter_zi.o(!!handler_zi)
    _printf_n                                0x08000299   Thumb Code     0  _printf_n.o(.ARM.Collect$$_printf_percent$$00000001)
    _printf_percent                          0x08000299   Thumb Code     0  _printf_percent.o(.ARM.Collect$$_printf_percent$$00000000)
    _printf_p                                0x0800029f   Thumb Code     0  _printf_p.o(.ARM.Collect$$_printf_percent$$00000002)
    _printf_f                                0x080002a5   Thumb Code     0  _printf_f.o(.ARM.Collect$$_printf_percent$$00000003)
    _printf_e                                0x080002ab   Thumb Code     0  _printf_e.o(.ARM.Collect$$_printf_percent$$00000004)
    _printf_g                                0x080002b1   Thumb Code     0  _printf_g.o(.ARM.Collect$$_printf_percent$$00000005)
    _printf_a                                0x080002b7   Thumb Code     0  _printf_a.o(.ARM.Collect$$_printf_percent$$00000006)
    _printf_ll                               0x080002bd   Thumb Code     0  _printf_ll.o(.ARM.Collect$$_printf_percent$$00000007)
    _printf_i                                0x080002c7   Thumb Code     0  _printf_i.o(.ARM.Collect$$_printf_percent$$00000008)
    _printf_d                                0x080002cd   Thumb Code     0  _printf_d.o(.ARM.Collect$$_printf_percent$$00000009)
    _printf_u                                0x080002d3   Thumb Code     0  _printf_u.o(.ARM.Collect$$_printf_percent$$0000000A)
    _printf_o                                0x080002d9   Thumb Code     0  _printf_o.o(.ARM.Collect$$_printf_percent$$0000000B)
    _printf_x                                0x080002df   Thumb Code     0  _printf_x.o(.ARM.Collect$$_printf_percent$$0000000C)
    _printf_lli                              0x080002e5   Thumb Code     0  _printf_lli.o(.ARM.Collect$$_printf_percent$$0000000D)
    _printf_lld                              0x080002eb   Thumb Code     0  _printf_lld.o(.ARM.Collect$$_printf_percent$$0000000E)
    _printf_llu                              0x080002f1   Thumb Code     0  _printf_llu.o(.ARM.Collect$$_printf_percent$$0000000F)
    _printf_llo                              0x080002f7   Thumb Code     0  _printf_llo.o(.ARM.Collect$$_printf_percent$$00000010)
    _printf_llx                              0x080002fd   Thumb Code     0  _printf_llx.o(.ARM.Collect$$_printf_percent$$00000011)
    _printf_l                                0x08000303   Thumb Code     0  _printf_l.o(.ARM.Collect$$_printf_percent$$00000012)
    _printf_c                                0x0800030d   Thumb Code     0  _printf_c.o(.ARM.Collect$$_printf_percent$$00000013)
    _printf_s                                0x08000313   Thumb Code     0  _printf_s.o(.ARM.Collect$$_printf_percent$$00000014)
    _printf_lc                               0x08000319   Thumb Code     0  _printf_lc.o(.ARM.Collect$$_printf_percent$$00000015)
    _printf_ls                               0x0800031f   Thumb Code     0  _printf_ls.o(.ARM.Collect$$_printf_percent$$00000016)
    _printf_percent_end                      0x08000325   Thumb Code     0  _printf_percent_end.o(.ARM.Collect$$_printf_percent$$00000017)
    __rt_lib_init                            0x08000329   Thumb Code     0  libinit.o(.ARM.Collect$$libinit$$00000000)
    __rt_lib_init_fp_1                       0x0800032b   Thumb Code     0  libinit2.o(.ARM.Collect$$libinit$$00000001)
    __rt_lib_init_heap_1                     0x0800032f   Thumb Code     0  libinit2.o(.ARM.Collect$$libinit$$0000000C)
    __rt_lib_init_lc_common                  0x0800032f   Thumb Code     0  libinit2.o(.ARM.Collect$$libinit$$00000011)
    __rt_lib_init_preinit_1                  0x0800032f   Thumb Code     0  libinit2.o(.ARM.Collect$$libinit$$00000006)
    __rt_lib_init_rand_1                     0x0800032f   Thumb Code     0  libinit2.o(.ARM.Collect$$libinit$$00000010)
    __rt_lib_init_relocate_pie_1             0x0800032f   Thumb Code     0  libinit2.o(.ARM.Collect$$libinit$$00000004)
    __rt_lib_init_user_alloc_1               0x0800032f   Thumb Code     0  libinit2.o(.ARM.Collect$$libinit$$0000000E)
    __rt_lib_init_lc_collate_1               0x08000335   Thumb Code     0  libinit2.o(.ARM.Collect$$libinit$$00000013)
    __rt_lib_init_lc_ctype_2                 0x08000335   Thumb Code     0  libinit2.o(.ARM.Collect$$libinit$$00000014)
    __rt_lib_init_lc_ctype_1                 0x08000341   Thumb Code     0  libinit2.o(.ARM.Collect$$libinit$$00000015)
    __rt_lib_init_lc_monetary_1              0x08000341   Thumb Code     0  libinit2.o(.ARM.Collect$$libinit$$00000017)
    __rt_lib_init_lc_numeric_2               0x08000341   Thumb Code     0  libinit2.o(.ARM.Collect$$libinit$$00000018)
    __rt_lib_init_alloca_1                   0x0800034b   Thumb Code     0  libinit2.o(.ARM.Collect$$libinit$$00000030)
    __rt_lib_init_argv_1                     0x0800034b   Thumb Code     0  libinit2.o(.ARM.Collect$$libinit$$0000002E)
    __rt_lib_init_atexit_1                   0x0800034b   Thumb Code     0  libinit2.o(.ARM.Collect$$libinit$$0000001D)
    __rt_lib_init_clock_1                    0x0800034b   Thumb Code     0  libinit2.o(.ARM.Collect$$libinit$$00000023)
    __rt_lib_init_cpp_1                      0x0800034b   Thumb Code     0  libinit2.o(.ARM.Collect$$libinit$$00000034)
    __rt_lib_init_exceptions_1               0x0800034b   Thumb Code     0  libinit2.o(.ARM.Collect$$libinit$$00000032)
    __rt_lib_init_fp_trap_1                  0x0800034b   Thumb Code     0  libinit2.o(.ARM.Collect$$libinit$$00000021)
    __rt_lib_init_getenv_1                   0x0800034b   Thumb Code     0  libinit2.o(.ARM.Collect$$libinit$$00000025)
    __rt_lib_init_lc_numeric_1               0x0800034b   Thumb Code     0  libinit2.o(.ARM.Collect$$libinit$$00000019)
    __rt_lib_init_lc_time_1                  0x0800034b   Thumb Code     0  libinit2.o(.ARM.Collect$$libinit$$0000001B)
    __rt_lib_init_return                     0x0800034b   Thumb Code     0  libinit2.o(.ARM.Collect$$libinit$$00000035)
    __rt_lib_init_signal_1                   0x0800034b   Thumb Code     0  libinit2.o(.ARM.Collect$$libinit$$0000001F)
    __rt_lib_init_stdio_1                    0x0800034b   Thumb Code     0  libinit2.o(.ARM.Collect$$libinit$$00000027)
    __rt_lib_shutdown                        0x0800034d   Thumb Code     0  libshutdown.o(.ARM.Collect$$libshutdown$$00000000)
    __rt_lib_shutdown_cpp_1                  0x0800034f   Thumb Code     0  libshutdown2.o(.ARM.Collect$$libshutdown$$00000002)
    __rt_lib_shutdown_fp_trap_1              0x0800034f   Thumb Code     0  libshutdown2.o(.ARM.Collect$$libshutdown$$00000007)
    __rt_lib_shutdown_heap_1                 0x0800034f   Thumb Code     0  libshutdown2.o(.ARM.Collect$$libshutdown$$0000000F)
    __rt_lib_shutdown_return                 0x0800034f   Thumb Code     0  libshutdown2.o(.ARM.Collect$$libshutdown$$00000010)
    __rt_lib_shutdown_signal_1               0x0800034f   Thumb Code     0  libshutdown2.o(.ARM.Collect$$libshutdown$$0000000A)
    __rt_lib_shutdown_stdio_1                0x0800034f   Thumb Code     0  libshutdown2.o(.ARM.Collect$$libshutdown$$00000004)
    __rt_lib_shutdown_user_alloc_1           0x0800034f   Thumb Code     0  libshutdown2.o(.ARM.Collect$$libshutdown$$0000000C)
    __rt_entry                               0x08000351   Thumb Code     0  __rtentry.o(.ARM.Collect$$rtentry$$00000000)
    __rt_entry_presh_1                       0x08000351   Thumb Code     0  __rtentry2.o(.ARM.Collect$$rtentry$$00000002)
    __rt_entry_sh                            0x08000351   Thumb Code     0  __rtentry4.o(.ARM.Collect$$rtentry$$00000004)
    __rt_entry_li                            0x08000357   Thumb Code     0  __rtentry2.o(.ARM.Collect$$rtentry$$0000000A)
    __rt_entry_postsh_1                      0x08000357   Thumb Code     0  __rtentry2.o(.ARM.Collect$$rtentry$$00000009)
    __rt_entry_main                          0x0800035b   Thumb Code     0  __rtentry2.o(.ARM.Collect$$rtentry$$0000000D)
    __rt_entry_postli_1                      0x0800035b   Thumb Code     0  __rtentry2.o(.ARM.Collect$$rtentry$$0000000C)
    __rt_exit                                0x08000363   Thumb Code     0  rtexit.o(.ARM.Collect$$rtexit$$00000000)
    __rt_exit_ls                             0x08000365   Thumb Code     0  rtexit2.o(.ARM.Collect$$rtexit$$00000003)
    __rt_exit_prels_1                        0x08000365   Thumb Code     0  rtexit2.o(.ARM.Collect$$rtexit$$00000002)
    __rt_exit_exit                           0x08000369   Thumb Code     0  rtexit2.o(.ARM.Collect$$rtexit$$00000004)
    Reset_Handler                            0x08000371   Thumb Code     8  startup_stm32f767xx.o(.text)
    NMI_Handler                              0x08000379   Thumb Code     2  startup_stm32f767xx.o(.text)
    HardFault_Handler                        0x0800037b   Thumb Code     2  startup_stm32f767xx.o(.text)
    MemManage_Handler                        0x0800037d   Thumb Code     2  startup_stm32f767xx.o(.text)
    BusFault_Handler                         0x0800037f   Thumb Code     2  startup_stm32f767xx.o(.text)
    UsageFault_Handler                       0x08000381   Thumb Code     2  startup_stm32f767xx.o(.text)
    SVC_Handler                              0x08000383   Thumb Code     2  startup_stm32f767xx.o(.text)
    DebugMon_Handler                         0x08000385   Thumb Code     2  startup_stm32f767xx.o(.text)
    PendSV_Handler                           0x08000387   Thumb Code     2  startup_stm32f767xx.o(.text)
    SysTick_Handler                          0x08000389   Thumb Code     2  startup_stm32f767xx.o(.text)
    ADC_IRQHandler                           0x0800038b   Thumb Code     0  startup_stm32f767xx.o(.text)
    CAN1_RX0_IRQHandler                      0x0800038b   Thumb Code     0  startup_stm32f767xx.o(.text)
    CAN1_RX1_IRQHandler                      0x0800038b   Thumb Code     0  startup_stm32f767xx.o(.text)
    CAN1_SCE_IRQHandler                      0x0800038b   Thumb Code     0  startup_stm32f767xx.o(.text)
    CAN1_TX_IRQHandler                       0x0800038b   Thumb Code     0  startup_stm32f767xx.o(.text)
    CAN2_RX0_IRQHandler                      0x0800038b   Thumb Code     0  startup_stm32f767xx.o(.text)
    CAN2_RX1_IRQHandler                      0x0800038b   Thumb Code     0  startup_stm32f767xx.o(.text)
    CAN2_SCE_IRQHandler                      0x0800038b   Thumb Code     0  startup_stm32f767xx.o(.text)
    CAN2_TX_IRQHandler                       0x0800038b   Thumb Code     0  startup_stm32f767xx.o(.text)
    CAN3_RX0_IRQHandler                      0x0800038b   Thumb Code     0  startup_stm32f767xx.o(.text)
    CAN3_RX1_IRQHandler                      0x0800038b   Thumb Code     0  startup_stm32f767xx.o(.text)
    CAN3_SCE_IRQHandler                      0x0800038b   Thumb Code     0  startup_stm32f767xx.o(.text)
    CAN3_TX_IRQHandler                       0x0800038b   Thumb Code     0  startup_stm32f767xx.o(.text)
    CEC_IRQHandler                           0x0800038b   Thumb Code     0  startup_stm32f767xx.o(.text)
    DCMI_IRQHandler                          0x0800038b   Thumb Code     0  startup_stm32f767xx.o(.text)
    DFSDM1_FLT0_IRQHandler                   0x0800038b   Thumb Code     0  startup_stm32f767xx.o(.text)
    DFSDM1_FLT1_IRQHandler                   0x0800038b   Thumb Code     0  startup_stm32f767xx.o(.text)
    DFSDM1_FLT2_IRQHandler                   0x0800038b   Thumb Code     0  startup_stm32f767xx.o(.text)
    DFSDM1_FLT3_IRQHandler                   0x0800038b   Thumb Code     0  startup_stm32f767xx.o(.text)
    DMA1_Stream0_IRQHandler                  0x0800038b   Thumb Code     0  startup_stm32f767xx.o(.text)
    DMA1_Stream1_IRQHandler                  0x0800038b   Thumb Code     0  startup_stm32f767xx.o(.text)
    DMA1_Stream2_IRQHandler                  0x0800038b   Thumb Code     0  startup_stm32f767xx.o(.text)
    DMA1_Stream3_IRQHandler                  0x0800038b   Thumb Code     0  startup_stm32f767xx.o(.text)
    DMA1_Stream4_IRQHandler                  0x0800038b   Thumb Code     0  startup_stm32f767xx.o(.text)
    DMA1_Stream5_IRQHandler                  0x0800038b   Thumb Code     0  startup_stm32f767xx.o(.text)
    DMA1_Stream6_IRQHandler                  0x0800038b   Thumb Code     0  startup_stm32f767xx.o(.text)
    DMA1_Stream7_IRQHandler                  0x0800038b   Thumb Code     0  startup_stm32f767xx.o(.text)
    DMA2D_IRQHandler                         0x0800038b   Thumb Code     0  startup_stm32f767xx.o(.text)
    DMA2_Stream0_IRQHandler                  0x0800038b   Thumb Code     0  startup_stm32f767xx.o(.text)
    DMA2_Stream1_IRQHandler                  0x0800038b   Thumb Code     0  startup_stm32f767xx.o(.text)
    DMA2_Stream2_IRQHandler                  0x0800038b   Thumb Code     0  startup_stm32f767xx.o(.text)
    DMA2_Stream3_IRQHandler                  0x0800038b   Thumb Code     0  startup_stm32f767xx.o(.text)
    DMA2_Stream4_IRQHandler                  0x0800038b   Thumb Code     0  startup_stm32f767xx.o(.text)
    DMA2_Stream5_IRQHandler                  0x0800038b   Thumb Code     0  startup_stm32f767xx.o(.text)
    DMA2_Stream6_IRQHandler                  0x0800038b   Thumb Code     0  startup_stm32f767xx.o(.text)
    DMA2_Stream7_IRQHandler                  0x0800038b   Thumb Code     0  startup_stm32f767xx.o(.text)
    ETH_IRQHandler                           0x0800038b   Thumb Code     0  startup_stm32f767xx.o(.text)
    ETH_WKUP_IRQHandler                      0x0800038b   Thumb Code     0  startup_stm32f767xx.o(.text)
    EXTI0_IRQHandler                         0x0800038b   Thumb Code     0  startup_stm32f767xx.o(.text)
    EXTI15_10_IRQHandler                     0x0800038b   Thumb Code     0  startup_stm32f767xx.o(.text)
    EXTI1_IRQHandler                         0x0800038b   Thumb Code     0  startup_stm32f767xx.o(.text)
    EXTI2_IRQHandler                         0x0800038b   Thumb Code     0  startup_stm32f767xx.o(.text)
    EXTI3_IRQHandler                         0x0800038b   Thumb Code     0  startup_stm32f767xx.o(.text)
    EXTI4_IRQHandler                         0x0800038b   Thumb Code     0  startup_stm32f767xx.o(.text)
    EXTI9_5_IRQHandler                       0x0800038b   Thumb Code     0  startup_stm32f767xx.o(.text)
    FLASH_IRQHandler                         0x0800038b   Thumb Code     0  startup_stm32f767xx.o(.text)
    FMC_IRQHandler                           0x0800038b   Thumb Code     0  startup_stm32f767xx.o(.text)
    FPU_IRQHandler                           0x0800038b   Thumb Code     0  startup_stm32f767xx.o(.text)
    I2C1_ER_IRQHandler                       0x0800038b   Thumb Code     0  startup_stm32f767xx.o(.text)
    I2C1_EV_IRQHandler                       0x0800038b   Thumb Code     0  startup_stm32f767xx.o(.text)
    I2C2_ER_IRQHandler                       0x0800038b   Thumb Code     0  startup_stm32f767xx.o(.text)
    I2C2_EV_IRQHandler                       0x0800038b   Thumb Code     0  startup_stm32f767xx.o(.text)
    I2C3_ER_IRQHandler                       0x0800038b   Thumb Code     0  startup_stm32f767xx.o(.text)
    I2C3_EV_IRQHandler                       0x0800038b   Thumb Code     0  startup_stm32f767xx.o(.text)
    I2C4_ER_IRQHandler                       0x0800038b   Thumb Code     0  startup_stm32f767xx.o(.text)
    I2C4_EV_IRQHandler                       0x0800038b   Thumb Code     0  startup_stm32f767xx.o(.text)
    JPEG_IRQHandler                          0x0800038b   Thumb Code     0  startup_stm32f767xx.o(.text)
    LPTIM1_IRQHandler                        0x0800038b   Thumb Code     0  startup_stm32f767xx.o(.text)
    LTDC_ER_IRQHandler                       0x0800038b   Thumb Code     0  startup_stm32f767xx.o(.text)
    LTDC_IRQHandler                          0x0800038b   Thumb Code     0  startup_stm32f767xx.o(.text)
    MDIOS_IRQHandler                         0x0800038b   Thumb Code     0  startup_stm32f767xx.o(.text)
    OTG_FS_IRQHandler                        0x0800038b   Thumb Code     0  startup_stm32f767xx.o(.text)
    OTG_FS_WKUP_IRQHandler                   0x0800038b   Thumb Code     0  startup_stm32f767xx.o(.text)
    OTG_HS_EP1_IN_IRQHandler                 0x0800038b   Thumb Code     0  startup_stm32f767xx.o(.text)
    OTG_HS_EP1_OUT_IRQHandler                0x0800038b   Thumb Code     0  startup_stm32f767xx.o(.text)
    OTG_HS_IRQHandler                        0x0800038b   Thumb Code     0  startup_stm32f767xx.o(.text)
    OTG_HS_WKUP_IRQHandler                   0x0800038b   Thumb Code     0  startup_stm32f767xx.o(.text)
    PVD_IRQHandler                           0x0800038b   Thumb Code     0  startup_stm32f767xx.o(.text)
    QUADSPI_IRQHandler                       0x0800038b   Thumb Code     0  startup_stm32f767xx.o(.text)
    RCC_IRQHandler                           0x0800038b   Thumb Code     0  startup_stm32f767xx.o(.text)
    RNG_IRQHandler                           0x0800038b   Thumb Code     0  startup_stm32f767xx.o(.text)
    RTC_Alarm_IRQHandler                     0x0800038b   Thumb Code     0  startup_stm32f767xx.o(.text)
    RTC_WKUP_IRQHandler                      0x0800038b   Thumb Code     0  startup_stm32f767xx.o(.text)
    SAI1_IRQHandler                          0x0800038b   Thumb Code     0  startup_stm32f767xx.o(.text)
    SAI2_IRQHandler                          0x0800038b   Thumb Code     0  startup_stm32f767xx.o(.text)
    SDMMC1_IRQHandler                        0x0800038b   Thumb Code     0  startup_stm32f767xx.o(.text)
    SDMMC2_IRQHandler                        0x0800038b   Thumb Code     0  startup_stm32f767xx.o(.text)
    SPDIF_RX_IRQHandler                      0x0800038b   Thumb Code     0  startup_stm32f767xx.o(.text)
    SPI1_IRQHandler                          0x0800038b   Thumb Code     0  startup_stm32f767xx.o(.text)
    SPI2_IRQHandler                          0x0800038b   Thumb Code     0  startup_stm32f767xx.o(.text)
    SPI3_IRQHandler                          0x0800038b   Thumb Code     0  startup_stm32f767xx.o(.text)
    SPI4_IRQHandler                          0x0800038b   Thumb Code     0  startup_stm32f767xx.o(.text)
    SPI5_IRQHandler                          0x0800038b   Thumb Code     0  startup_stm32f767xx.o(.text)
    SPI6_IRQHandler                          0x0800038b   Thumb Code     0  startup_stm32f767xx.o(.text)
    TAMP_STAMP_IRQHandler                    0x0800038b   Thumb Code     0  startup_stm32f767xx.o(.text)
    TIM1_BRK_TIM9_IRQHandler                 0x0800038b   Thumb Code     0  startup_stm32f767xx.o(.text)
    TIM1_CC_IRQHandler                       0x0800038b   Thumb Code     0  startup_stm32f767xx.o(.text)
    TIM1_TRG_COM_TIM11_IRQHandler            0x0800038b   Thumb Code     0  startup_stm32f767xx.o(.text)
    TIM1_UP_TIM10_IRQHandler                 0x0800038b   Thumb Code     0  startup_stm32f767xx.o(.text)
    TIM2_IRQHandler                          0x0800038b   Thumb Code     0  startup_stm32f767xx.o(.text)
    TIM4_IRQHandler                          0x0800038b   Thumb Code     0  startup_stm32f767xx.o(.text)
    TIM5_IRQHandler                          0x0800038b   Thumb Code     0  startup_stm32f767xx.o(.text)
    TIM6_DAC_IRQHandler                      0x0800038b   Thumb Code     0  startup_stm32f767xx.o(.text)
    TIM7_IRQHandler                          0x0800038b   Thumb Code     0  startup_stm32f767xx.o(.text)
    TIM8_BRK_TIM12_IRQHandler                0x0800038b   Thumb Code     0  startup_stm32f767xx.o(.text)
    TIM8_CC_IRQHandler                       0x0800038b   Thumb Code     0  startup_stm32f767xx.o(.text)
    TIM8_TRG_COM_TIM14_IRQHandler            0x0800038b   Thumb Code     0  startup_stm32f767xx.o(.text)
    TIM8_UP_TIM13_IRQHandler                 0x0800038b   Thumb Code     0  startup_stm32f767xx.o(.text)
    UART5_IRQHandler                         0x0800038b   Thumb Code     0  startup_stm32f767xx.o(.text)
    UART7_IRQHandler                         0x0800038b   Thumb Code     0  startup_stm32f767xx.o(.text)
    UART8_IRQHandler                         0x0800038b   Thumb Code     0  startup_stm32f767xx.o(.text)
    USART1_IRQHandler                        0x0800038b   Thumb Code     0  startup_stm32f767xx.o(.text)
    USART2_IRQHandler                        0x0800038b   Thumb Code     0  startup_stm32f767xx.o(.text)
    USART6_IRQHandler                        0x0800038b   Thumb Code     0  startup_stm32f767xx.o(.text)
    WWDG_IRQHandler                          0x0800038b   Thumb Code     0  startup_stm32f767xx.o(.text)
    __user_initial_stackheap                 0x0800038d   Thumb Code     0  startup_stm32f767xx.o(.text)
    sprintf                                  0x080003b1   Thumb Code    38  sprintf.o(.text)
    snprintf                                 0x080003dd   Thumb Code    58  snprintf.o(.text)
    atoi                                     0x0800041d   Thumb Code    26  atoi.o(.text)
    __use_two_region_memory                  0x08000437   Thumb Code     2  heapauxi.o(.text)
    __rt_heap_escrow$2region                 0x08000439   Thumb Code     2  heapauxi.o(.text)
    __rt_heap_expand$2region                 0x0800043b   Thumb Code     2  heapauxi.o(.text)
    __aeabi_errno_addr                       0x0800043d   Thumb Code     8  rt_errno_addr_intlibspace.o(.text)
    __errno$intlibspace                      0x0800043d   Thumb Code     0  rt_errno_addr_intlibspace.o(.text)
    __rt_errno_addr$intlibspace              0x0800043d   Thumb Code     0  rt_errno_addr_intlibspace.o(.text)
    _printf_pre_padding                      0x08000445   Thumb Code    44  _printf_pad.o(.text)
    _printf_post_padding                     0x08000471   Thumb Code    34  _printf_pad.o(.text)
    _printf_truncate_signed                  0x08000493   Thumb Code    18  _printf_truncate.o(.text)
    _printf_truncate_unsigned                0x080004a5   Thumb Code    18  _printf_truncate.o(.text)
    _printf_str                              0x080004b7   Thumb Code    82  _printf_str.o(.text)
    _printf_int_dec                          0x08000509   Thumb Code   104  _printf_dec.o(.text)
    _printf_charcount                        0x08000581   Thumb Code    40  _printf_charcount.o(.text)
    _printf_char_common                      0x080005b3   Thumb Code    32  _printf_char_common.o(.text)
    _sputc                                   0x080005d9   Thumb Code    10  _sputc.o(.text)
    _snputc                                  0x080005e3   Thumb Code    16  _snputc.o(.text)
    _printf_wctomb                           0x080005f5   Thumb Code   182  _printf_wctomb.o(.text)
    _printf_longlong_dec                     0x080006b1   Thumb Code   108  _printf_longlong_dec.o(.text)
    _printf_longlong_oct                     0x0800072d   Thumb Code    68  _printf_oct_int_ll.o(.text)
    _printf_int_oct                          0x08000771   Thumb Code    24  _printf_oct_int_ll.o(.text)
    _printf_ll_oct                           0x08000789   Thumb Code    12  _printf_oct_int_ll.o(.text)
    _printf_longlong_hex                     0x0800079d   Thumb Code    86  _printf_hex_int_ll_ptr.o(.text)
    _printf_int_hex                          0x080007f3   Thumb Code    28  _printf_hex_int_ll_ptr.o(.text)
    _printf_ll_hex                           0x0800080f   Thumb Code    12  _printf_hex_int_ll_ptr.o(.text)
    _printf_hex_ptr                          0x0800081b   Thumb Code    18  _printf_hex_int_ll_ptr.o(.text)
    __printf                                 0x08000831   Thumb Code   388  __printf_flags_ss_wp.o(.text)
    strtol                                   0x080009b9   Thumb Code   112  strtol.o(.text)
    __user_libspace                          0x08000a29   Thumb Code     8  libspace.o(.text)
    __user_perproc_libspace                  0x08000a29   Thumb Code     0  libspace.o(.text)
    __user_perthread_libspace                0x08000a29   Thumb Code     0  libspace.o(.text)
    __rt_ctype_table                         0x08000a31   Thumb Code    16  rt_ctype_table.o(.text)
    _ll_udiv10                               0x08000a41   Thumb Code   138  lludiv10.o(.text)
    _printf_int_common                       0x08000acb   Thumb Code   178  _printf_intcommon.o(.text)
    _printf_fp_dec_real                      0x08000d2d   Thumb Code   620  _printf_fp_dec.o(.text)
    _printf_fp_hex_real                      0x08000f99   Thumb Code   756  _printf_fp_hex.o(.text)
    _printf_cs_common                        0x08001295   Thumb Code    20  _printf_char.o(.text)
    _printf_char                             0x080012a9   Thumb Code    16  _printf_char.o(.text)
    _printf_string                           0x080012b9   Thumb Code     8  _printf_char.o(.text)
    _printf_lcs_common                       0x080012c1   Thumb Code    20  _printf_wchar.o(.text)
    _printf_wchar                            0x080012d5   Thumb Code    16  _printf_wchar.o(.text)
    _printf_wstring                          0x080012e5   Thumb Code     8  _printf_wchar.o(.text)
    _strtoul                                 0x080012ed   Thumb Code   158  _strtoul.o(.text)
    _c16rtomb                                0x0800138b   Thumb Code    72  _c16rtomb.o(.text)
    _wcrtomb                                 0x0800138b   Thumb Code     0  _c16rtomb.o(.text)
    __user_setup_stackheap                   0x080013d3   Thumb Code    74  sys_stackheap_outer.o(.text)
    __rt_locale                              0x0800141d   Thumb Code     8  rt_locale_intlibspace.o(.text)
    _printf_fp_infnan                        0x08001425   Thumb Code   112  _printf_fp_infnan.o(.text)
    _chval                                   0x080014a5   Thumb Code    28  _chval.o(.text)
    _btod_etento                             0x080014c1   Thumb Code   224  bigflt0.o(.text)
    exit                                     0x080015a5   Thumb Code    18  exit.o(.text)
    strcmp                                   0x080015b9   Thumb Code   124  strcmpv7m_pel.o(.text)
    _sys_exit                                0x08001635   Thumb Code     8  sys_exit.o(.text)
    __I$use$semihosting                      0x08001641   Thumb Code     0  use_no_semi.o(.text)
    __use_no_semihosting_swi                 0x08001641   Thumb Code     2  use_no_semi.o(.text)
    __semihosting_library_function           0x08001643   Thumb Code     0  indicate_semi.o(.text)
    SystemInit                               0x08001649   Thumb Code    18  system_stm32f7xx.o(.text.SystemInit)
    TIM3_IRQHandler                          0x08001661   Thumb Code   152  main.o(.text.TIM3_IRQHandler)
    UART4_IRQHandler                         0x080016f9   Thumb Code   262  main.o(.text.UART4_IRQHandler)
    USART3_IRQHandler                        0x08001801   Thumb Code   246  main.o(.text.USART3_IRQHandler)
    SysTick_ms(unsigned int)                 0x080018f9   Thumb Code    44  main.o(.text._Z10SysTick_msj)
    readINA219(unsigned char, INA219_Data*)  0x08001929   Thumb Code   208  main.o(.text._Z10readINA219hP11INA219_Data)
    settingsLCD(unsigned char)               0x08001a11   Thumb Code    50  main.o(.text._Z11settingsLCDh)
    SysTick_Wait(unsigned int)               0x08001a49   Thumb Code    62  main.o(.text._Z12SysTick_Waitj)
    ajustarServo()                           0x08001a89   Thumb Code   242  main.o(.text._Z12ajustarServov)
    setCursorLCD(unsigned char, unsigned char) 0x08001b81   Thumb Code    76  main.o(.text._Z12setCursorLCDhh)
    UART_Transmit(char*)                     0x08001bd1   Thumb Code    82  main.o(.text._Z13UART_TransmitPc)
    configureINA219(unsigned char)           0x08001c29   Thumb Code    56  main.o(.text._Z15configureINA219h)
    enviarDatosUART(float, float, float, float, float, float) 0x08001c61   Thumb Code   190  main.o(.text._Z15enviarDatosUARTffffff)
    limpiarLineaLCD(int)                     0x08001d21   Thumb Code    44  main.o(.text._Z15limpiarLineaLCDi)
    configuracionPWM()                       0x08001d51   Thumb Code   172  main.o(.text._Z16configuracionPWMv)
    actualizarMensajeLCD(char*)              0x08001e01   Thumb Code    52  main.o(.text._Z20actualizarMensajeLCDPc)
    actualizarMensaje2LCD(char const*)       0x08001e39   Thumb Code    54  main.o(.text._Z21actualizarMensaje2LCDPKc)
    actualizarMensaje3LCD(char const*)       0x08001e71   Thumb Code    54  main.o(.text._Z21actualizarMensaje3LCDPKc)
    actualizarMensaje4LCD(char const*)       0x08001ea9   Thumb Code    54  main.o(.text._Z21actualizarMensaje4LCDPKc)
    actualizarLCD_AnguloServo1(unsigned char) 0x08001ee1   Thumb Code    40  main.o(.text._Z26actualizarLCD_AnguloServo1h)
    actualizarLCD_AnguloServo2(unsigned char) 0x08001f09   Thumb Code    40  main.o(.text._Z26actualizarLCD_AnguloServo2h)
    actualizarLCD_AnguloServo3(unsigned char) 0x08001f31   Thumb Code    40  main.o(.text._Z26actualizarLCD_AnguloServo3h)
    actualizarLCD_AnguloServo4(unsigned char) 0x08001f59   Thumb Code    40  main.o(.text._Z26actualizarLCD_AnguloServo4h)
    configuracionComuniacionI2C()            0x08001f81   Thumb Code   166  main.o(.text._Z27configuracionComuniacionI2Cv)
    actualizarVoltajeServo1EnLCD(float)      0x08002029   Thumb Code    86  main.o(.text._Z28actualizarVoltajeServo1EnLCDf)
    configuracionTimerCronometro()           0x08002081   Thumb Code    84  main.o(.text._Z28configuracionTimerCronometrov)
    configurarUART4BluetoothHc50()           0x080020d9   Thumb Code   136  main.o(.text._Z28configurarUART4BluetoothHc50v)
    actualizarCorrienteServo1EnLCD(float)    0x08002161   Thumb Code    94  main.o(.text._Z30actualizarCorrienteServo1EnLCDf)
    actualizarCorrienteServo2EnLCD(float)    0x080021c1   Thumb Code    86  main.o(.text._Z30actualizarCorrienteServo2EnLCDf)
    actualizarCorrienteServo3EnLCD(float)    0x08002219   Thumb Code    86  main.o(.text._Z30actualizarCorrienteServo3EnLCDf)
    actualizarMensajeCronometroLCD(char*)    0x08002271   Thumb Code    54  main.o(.text._Z30actualizarMensajeCronometroLCDPc)
    configuracionUART3comunicacionPc()       0x080022a9   Thumb Code   128  main.o(.text._Z32configuracionUART3comunicacionPcv)
    LCD(unsigned char)                       0x08002329   Thumb Code    86  main.o(.text._Z3LCDh)
    ReadI2C1(unsigned char, unsigned char, unsigned char*, unsigned char) 0x08002381   Thumb Code   308  main.o(.text._Z8ReadI2C1hhPhh)
    settings()                               0x080024b9   Thumb Code   174  main.o(.text._Z8settingsv)
    writeLCD(unsigned char)                  0x08002569   Thumb Code    50  main.o(.text._Z8writeLCDh)
    WriteI2C1(unsigned char, unsigned char, unsigned char*, unsigned char) 0x080025a1   Thumb Code   230  main.o(.text._Z9WriteI2C1hhPhh)
    main                                     0x080026b9   Thumb Code   502  main.o(.text.main)
    _btod_d2e                                0x080028af   Thumb Code    62  btod.o(CL$$btod_d2e)
    _d2e_denorm_low                          0x080028ed   Thumb Code    70  btod.o(CL$$btod_d2e_denorm_low)
    _d2e_norm_op1                            0x08002933   Thumb Code    96  btod.o(CL$$btod_d2e_norm_op1)
    __btod_div_common                        0x08002995   Thumb Code   696  btod.o(CL$$btod_div_common)
    _e2e                                     0x08002ccd   Thumb Code   220  btod.o(CL$$btod_e2e)
    _btod_ediv                               0x08002da9   Thumb Code    42  btod.o(CL$$btod_ediv)
    _btod_emul                               0x08002dd3   Thumb Code    42  btod.o(CL$$btod_emul)
    __btod_mult_common                       0x08002dfd   Thumb Code   580  btod.o(CL$$btod_mult_common)
    __ARM_fpclassify                         0x08003041   Thumb Code    48  fpclassify.o(i.__ARM_fpclassify)
    _is_digit                                0x08003071   Thumb Code    14  __printf_wp.o(i._is_digit)
    _get_lc_ctype                            0x08003081   Thumb Code    44  lc_ctype_c.o(locale$$code)
    _get_lc_numeric                          0x080030ad   Thumb Code    44  lc_numeric_c.o(locale$$code)
    _fp_init                                 0x080030d9   Thumb Code    26  fpinit.o(x$fpl$fpinit)
    __fplib_config_fpu_vfp                   0x080030f1   Thumb Code     0  fpinit.o(x$fpl$fpinit)
    __fplib_config_pureend_doubles           0x080030f1   Thumb Code     0  fpinit.o(x$fpl$fpinit)
    _printf_fp_dec                           0x080030f3   Thumb Code     4  printf1.o(x$fpl$printf1)
    _printf_fp_hex                           0x080030f7   Thumb Code     4  printf2.o(x$fpl$printf2)
    __I$use$fp                               0x080030fa   Number         0  usenofp.o(x$fpl$usenofp)
    Region$$Table$$Base                      0x08003248   Number         0  anon$$obj.o(Region$$Table)
    Region$$Table$$Limit                     0x08003268   Number         0  anon$$obj.o(Region$$Table)
    __ctype                                  0x08003275   Data           0  lc_ctype_c.o(locale$$data)
    last_angle                               0x20020000   Data           1  main.o(.data.last_angle)
    last_angle2                              0x20020001   Data           1  main.o(.data.last_angle2)
    last_angle3                              0x20020002   Data           1  main.o(.data.last_angle3)
    last_botton                              0x20020003   Data           1  main.o(.data.last_botton)
    __libspace_start                         0x20020008   Data          96  libspace.o(.bss)
    __temporary_stack_top$libspace           0x20020068   Data           0  libspace.o(.bss)
    botton_angle                             0x20020070   Data           1  main.o(.bss.botton_angle)
    byte_count                               0x20020071   Data           1  main.o(.bss.byte_count)
    cont                                     0x20020072   Data           1  main.o(.bss.cont)
    cronometro_iniciado                      0x20020073   Data           1  main.o(.bss.cronometro_iniciado)
    flag_cronometro                          0x20020074   Data           1  main.o(.bss.flag_cronometro)
    minutos                                  0x20020078   Data           4  main.o(.bss.minutos)
    received_data                            0x2002007c   Data           2  main.o(.bss.received_data)
    segundos                                 0x20020080   Data           4  main.o(.bss.segundos)
    slider1_angle                            0x20020084   Data           1  main.o(.bss.slider1_angle)
    slider2_angle                            0x20020085   Data           1  main.o(.bss.slider2_angle)
    slider3_angle                            0x20020086   Data           1  main.o(.bss.slider3_angle)
    text                                     0x20020087   Data          16  main.o(.bss.text)



==============================================================================

Memory Map of the image

  Image Entry point : 0x08000371

  Load Region LR_1 (Base: 0x08000000, Size: 0x00003398, Max: 0xffffffff, ABSOLUTE)

    Execution Region ER_RO (Exec base: 0x08000000, Load base: 0x08000000, Size: 0x00003394, Max: 0xffffffff, ABSOLUTE)

    Exec Addr    Load Addr    Size         Type   Attr      Idx    E Section Name        Object

    0x08000000   0x08000000   0x000001f8   Data   RO          125    RESET               startup_stm32f767xx.o
    0x080001f8   0x080001f8   0x00000008   Code   RO          156  * !!!main             c_w.l(__main.o)
    0x08000200   0x08000200   0x0000005c   Code   RO          506    !!!scatter          c_w.l(__scatter.o)
    0x0800025c   0x0800025c   0x0000001a   Code   RO          510    !!handler_copy      c_w.l(__scatter_copy.o)
    0x08000276   0x08000276   0x00000002   PAD
    0x08000278   0x08000278   0x00000002   Code   RO          507    !!handler_null      c_w.l(__scatter.o)
    0x0800027a   0x0800027a   0x00000002   PAD
    0x0800027c   0x0800027c   0x0000001c   Code   RO          512    !!handler_zi        c_w.l(__scatter_zi.o)
    0x08000298   0x08000298   0x00000000   Code   RO          247    .ARM.Collect$$_printf_percent$$00000000  c_w.l(_printf_percent.o)
    0x08000298   0x08000298   0x00000006   Code   RO          236    .ARM.Collect$$_printf_percent$$00000001  c_w.l(_printf_n.o)
    0x0800029e   0x0800029e   0x00000006   Code   RO          238    .ARM.Collect$$_printf_percent$$00000002  c_w.l(_printf_p.o)
    0x080002a4   0x080002a4   0x00000006   Code   RO          243    .ARM.Collect$$_printf_percent$$00000003  c_w.l(_printf_f.o)
    0x080002aa   0x080002aa   0x00000006   Code   RO          244    .ARM.Collect$$_printf_percent$$00000004  c_w.l(_printf_e.o)
    0x080002b0   0x080002b0   0x00000006   Code   RO          245    .ARM.Collect$$_printf_percent$$00000005  c_w.l(_printf_g.o)
    0x080002b6   0x080002b6   0x00000006   Code   RO          246    .ARM.Collect$$_printf_percent$$00000006  c_w.l(_printf_a.o)
    0x080002bc   0x080002bc   0x0000000a   Code   RO          251    .ARM.Collect$$_printf_percent$$00000007  c_w.l(_printf_ll.o)
    0x080002c6   0x080002c6   0x00000006   Code   RO          240    .ARM.Collect$$_printf_percent$$00000008  c_w.l(_printf_i.o)
    0x080002cc   0x080002cc   0x00000006   Code   RO          241    .ARM.Collect$$_printf_percent$$00000009  c_w.l(_printf_d.o)
    0x080002d2   0x080002d2   0x00000006   Code   RO          242    .ARM.Collect$$_printf_percent$$0000000A  c_w.l(_printf_u.o)
    0x080002d8   0x080002d8   0x00000006   Code   RO          239    .ARM.Collect$$_printf_percent$$0000000B  c_w.l(_printf_o.o)
    0x080002de   0x080002de   0x00000006   Code   RO          237    .ARM.Collect$$_printf_percent$$0000000C  c_w.l(_printf_x.o)
    0x080002e4   0x080002e4   0x00000006   Code   RO          248    .ARM.Collect$$_printf_percent$$0000000D  c_w.l(_printf_lli.o)
    0x080002ea   0x080002ea   0x00000006   Code   RO          249    .ARM.Collect$$_printf_percent$$0000000E  c_w.l(_printf_lld.o)
    0x080002f0   0x080002f0   0x00000006   Code   RO          250    .ARM.Collect$$_printf_percent$$0000000F  c_w.l(_printf_llu.o)
    0x080002f6   0x080002f6   0x00000006   Code   RO          255    .ARM.Collect$$_printf_percent$$00000010  c_w.l(_printf_llo.o)
    0x080002fc   0x080002fc   0x00000006   Code   RO          256    .ARM.Collect$$_printf_percent$$00000011  c_w.l(_printf_llx.o)
    0x08000302   0x08000302   0x0000000a   Code   RO          252    .ARM.Collect$$_printf_percent$$00000012  c_w.l(_printf_l.o)
    0x0800030c   0x0800030c   0x00000006   Code   RO          234    .ARM.Collect$$_printf_percent$$00000013  c_w.l(_printf_c.o)
    0x08000312   0x08000312   0x00000006   Code   RO          235    .ARM.Collect$$_printf_percent$$00000014  c_w.l(_printf_s.o)
    0x08000318   0x08000318   0x00000006   Code   RO          253    .ARM.Collect$$_printf_percent$$00000015  c_w.l(_printf_lc.o)
    0x0800031e   0x0800031e   0x00000006   Code   RO          254    .ARM.Collect$$_printf_percent$$00000016  c_w.l(_printf_ls.o)
    0x08000324   0x08000324   0x00000004   Code   RO          304    .ARM.Collect$$_printf_percent$$00000017  c_w.l(_printf_percent_end.o)
    0x08000328   0x08000328   0x00000002   Code   RO          360    .ARM.Collect$$libinit$$00000000  c_w.l(libinit.o)
    0x0800032a   0x0800032a   0x00000004   Code   RO          372    .ARM.Collect$$libinit$$00000001  c_w.l(libinit2.o)
    0x0800032e   0x0800032e   0x00000000   Code   RO          375    .ARM.Collect$$libinit$$00000004  c_w.l(libinit2.o)
    0x0800032e   0x0800032e   0x00000000   Code   RO          377    .ARM.Collect$$libinit$$00000006  c_w.l(libinit2.o)
    0x0800032e   0x0800032e   0x00000000   Code   RO          380    .ARM.Collect$$libinit$$0000000C  c_w.l(libinit2.o)
    0x0800032e   0x0800032e   0x00000000   Code   RO          382    .ARM.Collect$$libinit$$0000000E  c_w.l(libinit2.o)
    0x0800032e   0x0800032e   0x00000000   Code   RO          384    .ARM.Collect$$libinit$$00000010  c_w.l(libinit2.o)
    0x0800032e   0x0800032e   0x00000006   Code   RO          385    .ARM.Collect$$libinit$$00000011  c_w.l(libinit2.o)
    0x08000334   0x08000334   0x00000000   Code   RO          387    .ARM.Collect$$libinit$$00000013  c_w.l(libinit2.o)
    0x08000334   0x08000334   0x0000000c   Code   RO          388    .ARM.Collect$$libinit$$00000014  c_w.l(libinit2.o)
    0x08000340   0x08000340   0x00000000   Code   RO          389    .ARM.Collect$$libinit$$00000015  c_w.l(libinit2.o)
    0x08000340   0x08000340   0x00000000   Code   RO          391    .ARM.Collect$$libinit$$00000017  c_w.l(libinit2.o)
    0x08000340   0x08000340   0x0000000a   Code   RO          392    .ARM.Collect$$libinit$$00000018  c_w.l(libinit2.o)
    0x0800034a   0x0800034a   0x00000000   Code   RO          393    .ARM.Collect$$libinit$$00000019  c_w.l(libinit2.o)
    0x0800034a   0x0800034a   0x00000000   Code   RO          395    .ARM.Collect$$libinit$$0000001B  c_w.l(libinit2.o)
    0x0800034a   0x0800034a   0x00000000   Code   RO          397    .ARM.Collect$$libinit$$0000001D  c_w.l(libinit2.o)
    0x0800034a   0x0800034a   0x00000000   Code   RO          399    .ARM.Collect$$libinit$$0000001F  c_w.l(libinit2.o)
    0x0800034a   0x0800034a   0x00000000   Code   RO          401    .ARM.Collect$$libinit$$00000021  c_w.l(libinit2.o)
    0x0800034a   0x0800034a   0x00000000   Code   RO          403    .ARM.Collect$$libinit$$00000023  c_w.l(libinit2.o)
    0x0800034a   0x0800034a   0x00000000   Code   RO          405    .ARM.Collect$$libinit$$00000025  c_w.l(libinit2.o)
    0x0800034a   0x0800034a   0x00000000   Code   RO          407    .ARM.Collect$$libinit$$00000027  c_w.l(libinit2.o)
    0x0800034a   0x0800034a   0x00000000   Code   RO          411    .ARM.Collect$$libinit$$0000002E  c_w.l(libinit2.o)
    0x0800034a   0x0800034a   0x00000000   Code   RO          413    .ARM.Collect$$libinit$$00000030  c_w.l(libinit2.o)
    0x0800034a   0x0800034a   0x00000000   Code   RO          415    .ARM.Collect$$libinit$$00000032  c_w.l(libinit2.o)
    0x0800034a   0x0800034a   0x00000000   Code   RO          417    .ARM.Collect$$libinit$$00000034  c_w.l(libinit2.o)
    0x0800034a   0x0800034a   0x00000002   Code   RO          418    .ARM.Collect$$libinit$$00000035  c_w.l(libinit2.o)
    0x0800034c   0x0800034c   0x00000002   Code   RO          442    .ARM.Collect$$libshutdown$$00000000  c_w.l(libshutdown.o)
    0x0800034e   0x0800034e   0x00000000   Code   RO          457    .ARM.Collect$$libshutdown$$00000002  c_w.l(libshutdown2.o)
    0x0800034e   0x0800034e   0x00000000   Code   RO          459    .ARM.Collect$$libshutdown$$00000004  c_w.l(libshutdown2.o)
    0x0800034e   0x0800034e   0x00000000   Code   RO          462    .ARM.Collect$$libshutdown$$00000007  c_w.l(libshutdown2.o)
    0x0800034e   0x0800034e   0x00000000   Code   RO          465    .ARM.Collect$$libshutdown$$0000000A  c_w.l(libshutdown2.o)
    0x0800034e   0x0800034e   0x00000000   Code   RO          467    .ARM.Collect$$libshutdown$$0000000C  c_w.l(libshutdown2.o)
    0x0800034e   0x0800034e   0x00000000   Code   RO          470    .ARM.Collect$$libshutdown$$0000000F  c_w.l(libshutdown2.o)
    0x0800034e   0x0800034e   0x00000002   Code   RO          471    .ARM.Collect$$libshutdown$$00000010  c_w.l(libshutdown2.o)
    0x08000350   0x08000350   0x00000000   Code   RO          158    .ARM.Collect$$rtentry$$00000000  c_w.l(__rtentry.o)
    0x08000350   0x08000350   0x00000000   Code   RO          271    .ARM.Collect$$rtentry$$00000002  c_w.l(__rtentry2.o)
    0x08000350   0x08000350   0x00000006   Code   RO          283    .ARM.Collect$$rtentry$$00000004  c_w.l(__rtentry4.o)
    0x08000356   0x08000356   0x00000000   Code   RO          273    .ARM.Collect$$rtentry$$00000009  c_w.l(__rtentry2.o)
    0x08000356   0x08000356   0x00000004   Code   RO          274    .ARM.Collect$$rtentry$$0000000A  c_w.l(__rtentry2.o)
    0x0800035a   0x0800035a   0x00000000   Code   RO          276    .ARM.Collect$$rtentry$$0000000C  c_w.l(__rtentry2.o)
    0x0800035a   0x0800035a   0x00000008   Code   RO          277    .ARM.Collect$$rtentry$$0000000D  c_w.l(__rtentry2.o)
    0x08000362   0x08000362   0x00000002   Code   RO          366    .ARM.Collect$$rtexit$$00000000  c_w.l(rtexit.o)
    0x08000364   0x08000364   0x00000000   Code   RO          420    .ARM.Collect$$rtexit$$00000002  c_w.l(rtexit2.o)
    0x08000364   0x08000364   0x00000004   Code   RO          421    .ARM.Collect$$rtexit$$00000003  c_w.l(rtexit2.o)
    0x08000368   0x08000368   0x00000006   Code   RO          422    .ARM.Collect$$rtexit$$00000004  c_w.l(rtexit2.o)
    0x0800036e   0x0800036e   0x00000002   PAD
    0x08000370   0x08000370   0x00000040   Code   RO          126  * .text               startup_stm32f767xx.o
    0x080003b0   0x080003b0   0x0000002c   Code   RO          148    .text               c_w.l(sprintf.o)
    0x080003dc   0x080003dc   0x00000040   Code   RO          150    .text               c_w.l(snprintf.o)
    0x0800041c   0x0800041c   0x0000001a   Code   RO          152    .text               c_w.l(atoi.o)
    0x08000436   0x08000436   0x00000006   Code   RO          154    .text               c_w.l(heapauxi.o)
    0x0800043c   0x0800043c   0x00000008   Code   RO          162    .text               c_w.l(rt_errno_addr_intlibspace.o)
    0x08000444   0x08000444   0x0000004e   Code   RO          166    .text               c_w.l(_printf_pad.o)
    0x08000492   0x08000492   0x00000024   Code   RO          168    .text               c_w.l(_printf_truncate.o)
    0x080004b6   0x080004b6   0x00000052   Code   RO          170    .text               c_w.l(_printf_str.o)
    0x08000508   0x08000508   0x00000078   Code   RO          172    .text               c_w.l(_printf_dec.o)
    0x08000580   0x08000580   0x00000028   Code   RO          174    .text               c_w.l(_printf_charcount.o)
    0x080005a8   0x080005a8   0x00000030   Code   RO          176    .text               c_w.l(_printf_char_common.o)
    0x080005d8   0x080005d8   0x0000000a   Code   RO          178    .text               c_w.l(_sputc.o)
    0x080005e2   0x080005e2   0x00000010   Code   RO          180    .text               c_w.l(_snputc.o)
    0x080005f2   0x080005f2   0x00000002   PAD
    0x080005f4   0x080005f4   0x000000bc   Code   RO          182    .text               c_w.l(_printf_wctomb.o)
    0x080006b0   0x080006b0   0x0000007c   Code   RO          185    .text               c_w.l(_printf_longlong_dec.o)
    0x0800072c   0x0800072c   0x00000070   Code   RO          191    .text               c_w.l(_printf_oct_int_ll.o)
    0x0800079c   0x0800079c   0x00000094   Code   RO          211    .text               c_w.l(_printf_hex_int_ll_ptr.o)
    0x08000830   0x08000830   0x00000188   Code   RO          231    .text               c_w.l(__printf_flags_ss_wp.o)
    0x080009b8   0x080009b8   0x00000070   Code   RO          257    .text               c_w.l(strtol.o)
    0x08000a28   0x08000a28   0x00000008   Code   RO          267    .text               c_w.l(libspace.o)
    0x08000a30   0x08000a30   0x00000010   Code   RO          285    .text               c_w.l(rt_ctype_table.o)
    0x08000a40   0x08000a40   0x0000008a   Code   RO          287    .text               c_w.l(lludiv10.o)
    0x08000aca   0x08000aca   0x000000b2   Code   RO          289    .text               c_w.l(_printf_intcommon.o)
    0x08000b7c   0x08000b7c   0x0000041c   Code   RO          291    .text               c_w.l(_printf_fp_dec.o)
    0x08000f98   0x08000f98   0x000002fc   Code   RO          295    .text               c_w.l(_printf_fp_hex.o)
    0x08001294   0x08001294   0x0000002c   Code   RO          300    .text               c_w.l(_printf_char.o)
    0x080012c0   0x080012c0   0x0000002c   Code   RO          302    .text               c_w.l(_printf_wchar.o)
    0x080012ec   0x080012ec   0x0000009e   Code   RO          305    .text               c_w.l(_strtoul.o)
    0x0800138a   0x0800138a   0x00000048   Code   RO          307    .text               c_w.l(_c16rtomb.o)
    0x080013d2   0x080013d2   0x0000004a   Code   RO          309    .text               c_w.l(sys_stackheap_outer.o)
    0x0800141c   0x0800141c   0x00000008   Code   RO          314    .text               c_w.l(rt_locale_intlibspace.o)
    0x08001424   0x08001424   0x00000080   Code   RO          316    .text               c_w.l(_printf_fp_infnan.o)
    0x080014a4   0x080014a4   0x0000001c   Code   RO          318    .text               c_w.l(_chval.o)
    0x080014c0   0x080014c0   0x000000e4   Code   RO          320    .text               c_w.l(bigflt0.o)
    0x080015a4   0x080015a4   0x00000012   Code   RO          353    .text               c_w.l(exit.o)
    0x080015b6   0x080015b6   0x00000002   PAD
    0x080015b8   0x080015b8   0x0000007c   Code   RO          370    .text               c_w.l(strcmpv7m_pel.o)
    0x08001634   0x08001634   0x0000000c   Code   RO          432    .text               c_w.l(sys_exit.o)
    0x08001640   0x08001640   0x00000002   Code   RO          447    .text               c_w.l(use_no_semi.o)
    0x08001642   0x08001642   0x00000000   Code   RO          449    .text               c_w.l(indicate_semi.o)
    0x08001642   0x08001642   0x00000006   PAD
    0x08001648   0x08001648   0x00000012   Code   RO          133    .text.SystemInit    system_stm32f7xx.o
    0x0800165a   0x0800165a   0x00000006   PAD
    0x08001660   0x08001660   0x00000098   Code   RO           68    .text.TIM3_IRQHandler  main.o
    0x080016f8   0x080016f8   0x00000106   Code   RO           66    .text.UART4_IRQHandler  main.o
    0x080017fe   0x080017fe   0x00000002   PAD
    0x08001800   0x08001800   0x000000f6   Code   RO           64    .text.USART3_IRQHandler  main.o
    0x080018f6   0x080018f6   0x00000002   PAD
    0x080018f8   0x080018f8   0x0000002c   Code   RO           16    .text._Z10SysTick_msj  main.o
    0x08001924   0x08001924   0x00000004   PAD
    0x08001928   0x08001928   0x000000e8   Code   RO           10    .text._Z10readINA219hP11INA219_Data  main.o
    0x08001a10   0x08001a10   0x00000032   Code   RO           22    .text._Z11settingsLCDh  main.o
    0x08001a42   0x08001a42   0x00000006   PAD
    0x08001a48   0x08001a48   0x0000003e   Code   RO           14    .text._Z12SysTick_Waitj  main.o
    0x08001a86   0x08001a86   0x00000002   PAD
    0x08001a88   0x08001a88   0x000000f2   Code   RO           74    .text._Z12ajustarServov  main.o
    0x08001b7a   0x08001b7a   0x00000006   PAD
    0x08001b80   0x08001b80   0x0000004c   Code   RO           30    .text._Z12setCursorLCDhh  main.o
    0x08001bcc   0x08001bcc   0x00000004   PAD
    0x08001bd0   0x08001bd0   0x00000052   Code   RO            2    .text._Z13UART_TransmitPc  main.o
    0x08001c22   0x08001c22   0x00000006   PAD
    0x08001c28   0x08001c28   0x00000038   Code   RO           12    .text._Z15configureINA219h  main.o
    0x08001c60   0x08001c60   0x000000be   Code   RO            4    .text._Z15enviarDatosUARTffffff  main.o
    0x08001d1e   0x08001d1e   0x00000002   PAD
    0x08001d20   0x08001d20   0x0000002c   Code   RO           28    .text._Z15limpiarLineaLCDi  main.o
    0x08001d4c   0x08001d4c   0x00000004   PAD
    0x08001d50   0x08001d50   0x000000ac   Code   RO           70    .text._Z16configuracionPWMv  main.o
    0x08001dfc   0x08001dfc   0x00000004   PAD
    0x08001e00   0x08001e00   0x00000034   Code   RO           32    .text._Z20actualizarMensajeLCDPc  main.o
    0x08001e34   0x08001e34   0x00000004   PAD
    0x08001e38   0x08001e38   0x00000036   Code   RO           34    .text._Z21actualizarMensaje2LCDPKc  main.o
    0x08001e6e   0x08001e6e   0x00000002   PAD
    0x08001e70   0x08001e70   0x00000036   Code   RO           36    .text._Z21actualizarMensaje3LCDPKc  main.o
    0x08001ea6   0x08001ea6   0x00000002   PAD
    0x08001ea8   0x08001ea8   0x00000036   Code   RO           38    .text._Z21actualizarMensaje4LCDPKc  main.o
    0x08001ede   0x08001ede   0x00000002   PAD
    0x08001ee0   0x08001ee0   0x00000028   Code   RO           76    .text._Z26actualizarLCD_AnguloServo1h  main.o
    0x08001f08   0x08001f08   0x00000028   Code   RO           78    .text._Z26actualizarLCD_AnguloServo2h  main.o
    0x08001f30   0x08001f30   0x00000028   Code   RO           80    .text._Z26actualizarLCD_AnguloServo3h  main.o
    0x08001f58   0x08001f58   0x00000028   Code   RO           82    .text._Z26actualizarLCD_AnguloServo4h  main.o
    0x08001f80   0x08001f80   0x000000a6   Code   RO           18    .text._Z27configuracionComuniacionI2Cv  main.o
    0x08002026   0x08002026   0x00000002   PAD
    0x08002028   0x08002028   0x00000056   Code   RO           42    .text._Z28actualizarVoltajeServo1EnLCDf  main.o
    0x0800207e   0x0800207e   0x00000002   PAD
    0x08002080   0x08002080   0x00000054   Code   RO           56    .text._Z28configuracionTimerCronometrov  main.o
    0x080020d4   0x080020d4   0x00000004   PAD
    0x080020d8   0x080020d8   0x00000088   Code   RO           60    .text._Z28configurarUART4BluetoothHc50v  main.o
    0x08002160   0x08002160   0x0000005e   Code   RO           44    .text._Z30actualizarCorrienteServo1EnLCDf  main.o
    0x080021be   0x080021be   0x00000002   PAD
    0x080021c0   0x080021c0   0x00000056   Code   RO           48    .text._Z30actualizarCorrienteServo2EnLCDf  main.o
    0x08002216   0x08002216   0x00000002   PAD
    0x08002218   0x08002218   0x00000056   Code   RO           52    .text._Z30actualizarCorrienteServo3EnLCDf  main.o
    0x0800226e   0x0800226e   0x00000002   PAD
    0x08002270   0x08002270   0x00000036   Code   RO           40    .text._Z30actualizarMensajeCronometroLCDPc  main.o
    0x080022a6   0x080022a6   0x00000002   PAD
    0x080022a8   0x080022a8   0x00000080   Code   RO           62    .text._Z32configuracionUART3comunicacionPcv  main.o
    0x08002328   0x08002328   0x00000056   Code   RO           20    .text._Z3LCDh       main.o
    0x0800237e   0x0800237e   0x00000002   PAD
    0x08002380   0x08002380   0x00000134   Code   RO            8    .text._Z8ReadI2C1hhPhh  main.o
    0x080024b4   0x080024b4   0x00000004   PAD
    0x080024b8   0x080024b8   0x000000ae   Code   RO           54    .text._Z8settingsv  main.o
    0x08002566   0x08002566   0x00000002   PAD
    0x08002568   0x08002568   0x00000032   Code   RO           24    .text._Z8writeLCDh  main.o
    0x0800259a   0x0800259a   0x00000006   PAD
    0x080025a0   0x080025a0   0x000000e6   Code   RO            6    .text._Z9WriteI2C1hhPhh  main.o
    0x08002686   0x08002686   0x00000002   PAD
    0x08002688   0x08002688   0x00000030   Code   RO           58    .text._ZL16__NVIC_EnableIRQ9IRQn_Type  main.o
    0x080026b8   0x080026b8   0x000001f6   Code   RO           86    .text.main          main.o
    0x080028ae   0x080028ae   0x0000003e   Code   RO          323    CL$$btod_d2e        c_w.l(btod.o)
    0x080028ec   0x080028ec   0x00000046   Code   RO          325    CL$$btod_d2e_denorm_low  c_w.l(btod.o)
    0x08002932   0x08002932   0x00000060   Code   RO          324    CL$$btod_d2e_norm_op1  c_w.l(btod.o)
    0x08002992   0x08002992   0x00000002   PAD
    0x08002994   0x08002994   0x00000338   Code   RO          333    CL$$btod_div_common  c_w.l(btod.o)
    0x08002ccc   0x08002ccc   0x000000dc   Code   RO          330    CL$$btod_e2e        c_w.l(btod.o)
    0x08002da8   0x08002da8   0x0000002a   Code   RO          327    CL$$btod_ediv       c_w.l(btod.o)
    0x08002dd2   0x08002dd2   0x0000002a   Code   RO          326    CL$$btod_emul       c_w.l(btod.o)
    0x08002dfc   0x08002dfc   0x00000244   Code   RO          332    CL$$btod_mult_common  c_w.l(btod.o)
    0x08003040   0x08003040   0x00000030   Code   RO          364    i.__ARM_fpclassify  m_wv.l(fpclassify.o)
    0x08003070   0x08003070   0x0000000e   Code   RO          224    i._is_digit         c_w.l(__printf_wp.o)
    0x0800307e   0x0800307e   0x00000002   PAD
    0x08003080   0x08003080   0x0000002c   Code   RO          348    locale$$code        c_w.l(lc_ctype_c.o)
    0x080030ac   0x080030ac   0x0000002c   Code   RO          351    locale$$code        c_w.l(lc_numeric_c.o)
    0x080030d8   0x080030d8   0x0000001a   Code   RO          430    x$fpl$fpinit        fz_wv.l(fpinit.o)
    0x080030f2   0x080030f2   0x00000004   Code   RO          259    x$fpl$printf1       fz_wv.l(printf1.o)
    0x080030f6   0x080030f6   0x00000004   Code   RO          261    x$fpl$printf2       fz_wv.l(printf2.o)
    0x080030fa   0x080030fa   0x00000000   Code   RO          363    x$fpl$usenofp       fz_wv.l(usenofp.o)
    0x080030fa   0x080030fa   0x00000002   PAD
    0x080030fc   0x080030fc   0x00000008   Data   RO          183    .constdata          c_w.l(_printf_wctomb.o)
    0x08003104   0x08003104   0x00000028   Data   RO          212    .constdata          c_w.l(_printf_hex_int_ll_ptr.o)
    0x0800312c   0x0800312c   0x00000011   Data   RO          232    .constdata          c_w.l(__printf_flags_ss_wp.o)
    0x0800313d   0x0800313d   0x00000026   Data   RO          296    .constdata          c_w.l(_printf_fp_hex.o)
    0x08003163   0x08003163   0x00000001   PAD
    0x08003164   0x08003164   0x00000094   Data   RO          321    .constdata          c_w.l(bigflt0.o)
    0x080031f8   0x080031f8   0x0000004e   Data   RO          112    .rodata.str1.1      main.o
    0x08003246   0x08003246   0x00000002   PAD
    0x08003248   0x08003248   0x00000020   Data   RO          505    Region$$Table       anon$$obj.o
    0x08003268   0x08003268   0x00000110   Data   RO          347    locale$$data        c_w.l(lc_ctype_c.o)
    0x08003378   0x08003378   0x0000001c   Data   RO          350    locale$$data        c_w.l(lc_numeric_c.o)


    Execution Region ER_RW (Exec base: 0x20020000, Load base: 0x08003394, Size: 0x00000004, Max: 0xffffffff, ABSOLUTE)

    Exec Addr    Load Addr    Size         Type   Attr      Idx    E Section Name        Object

    0x20020000   0x08003394   0x00000001   Data   RW           88    .data.last_angle    main.o
    0x20020001   0x08003395   0x00000001   Data   RW           89    .data.last_angle2   main.o
    0x20020002   0x08003396   0x00000001   Data   RW           90    .data.last_angle3   main.o
    0x20020003   0x08003397   0x00000001   Data   RW           91    .data.last_botton   main.o


    Execution Region ER_ZI (Exec base: 0x20020008, Load base: 0x08003398, Size: 0x00000690, Max: 0xffffffff, ABSOLUTE)

    Exec Addr    Load Addr    Size         Type   Attr      Idx    E Section Name        Object

    0x20020008        -       0x00000060   Zero   RW          268    .bss                c_w.l(libspace.o)
    0x20020068        -       0x00000001   Zero   RW          115    .bss._ZZ16UART4_IRQHandlerE5index  main.o
    0x20020069        -       0x00000007   Zero   RW          114    .bss._ZZ16UART4_IRQHandlerE6buffer  main.o
    0x20020070        -       0x00000001   Zero   RW           99    .bss.botton_angle   main.o
    0x20020071        -       0x00000001   Zero   RW           97    .bss.byte_count     main.o
    0x20020072        -       0x00000001   Zero   RW          102    .bss.cont           main.o
    0x20020073        -       0x00000001   Zero   RW          103    .bss.cronometro_iniciado  main.o
    0x20020074        -       0x00000001   Zero   RW          101    .bss.flag_cronometro  main.o
    0x20020075   0x08003398   0x00000003   PAD
    0x20020078        -       0x00000004   Zero   RW          105    .bss.minutos        main.o
    0x2002007c        -       0x00000002   Zero   RW           98    .bss.received_data  main.o
    0x2002007e   0x08003398   0x00000002   PAD
    0x20020080        -       0x00000004   Zero   RW          104    .bss.segundos       main.o
    0x20020084        -       0x00000001   Zero   RW           94    .bss.slider1_angle  main.o
    0x20020085        -       0x00000001   Zero   RW           95    .bss.slider2_angle  main.o
    0x20020086        -       0x00000001   Zero   RW           96    .bss.slider3_angle  main.o
    0x20020087        -       0x00000010   Zero   RW          100    .bss.text           main.o
    0x20020097   0x08003398   0x00000001   PAD
    0x20020098        -       0x00000200   Zero   RW          124    HEAP                startup_stm32f767xx.o
    0x20020298        -       0x00000400   Zero   RW          123    STACK               startup_stm32f767xx.o


==============================================================================

Image component sizes


      Code (inc. data)   RO Data    RW Data    ZI Data      Debug   Object Name

      4602         24         78          4         42      24981   main.o
        64         26        504          0       1536        876   startup_stm32f767xx.o
        18          0          0          0          0       3401   system_stm32f7xx.o

    ----------------------------------------------------------------------
      4774         50        616          4       1584      29258   Object Totals
         0          0         32          0          0          0   (incl. Generated)
        90          0          2          0          6          0   (incl. Padding)

    ----------------------------------------------------------------------

      Code (inc. data)   RO Data    RW Data    ZI Data      Debug   Library Member Name

         8          0          0          0          0         68   __main.o
       392          4         17          0          0         92   __printf_flags_ss_wp.o
        14          0          0          0          0         68   __printf_wp.o
         0          0          0          0          0          0   __rtentry.o
        12          0          0          0          0          0   __rtentry2.o
         6          0          0          0          0          0   __rtentry4.o
        94          8          0          0          0          0   __scatter.o
        26          0          0          0          0          0   __scatter_copy.o
        28          0          0          0          0          0   __scatter_zi.o
        72          0          0          0          0         96   _c16rtomb.o
        28          0          0          0          0         68   _chval.o
         6          0          0          0          0          0   _printf_a.o
         6          0          0          0          0          0   _printf_c.o
        44          0          0          0          0        108   _printf_char.o
        48          6          0          0          0         96   _printf_char_common.o
        40          0          0          0          0         68   _printf_charcount.o
         6          0          0          0          0          0   _printf_d.o
       120         16          0          0          0         92   _printf_dec.o
         6          0          0          0          0          0   _printf_e.o
         6          0          0          0          0          0   _printf_f.o
      1052          0          0          0          0        148   _printf_fp_dec.o
       764          8         38          0          0        100   _printf_fp_hex.o
       128         16          0          0          0         84   _printf_fp_infnan.o
         6          0          0          0          0          0   _printf_g.o
       148          4         40          0          0        160   _printf_hex_int_ll_ptr.o
         6          0          0          0          0          0   _printf_i.o
       178          0          0          0          0         88   _printf_intcommon.o
        10          0          0          0          0          0   _printf_l.o
         6          0          0          0          0          0   _printf_lc.o
        10          0          0          0          0          0   _printf_ll.o
         6          0          0          0          0          0   _printf_lld.o
         6          0          0          0          0          0   _printf_lli.o
         6          0          0          0          0          0   _printf_llo.o
         6          0          0          0          0          0   _printf_llu.o
         6          0          0          0          0          0   _printf_llx.o
       124         16          0          0          0         92   _printf_longlong_dec.o
         6          0          0          0          0          0   _printf_ls.o
         6          0          0          0          0          0   _printf_n.o
         6          0          0          0          0          0   _printf_o.o
       112          8          0          0          0        124   _printf_oct_int_ll.o
         6          0          0          0          0          0   _printf_p.o
        78          0          0          0          0        108   _printf_pad.o
         0          0          0          0          0          0   _printf_percent.o
         4          0          0          0          0          0   _printf_percent_end.o
         6          0          0          0          0          0   _printf_s.o
        82          0          0          0          0         80   _printf_str.o
        36          0          0          0          0         84   _printf_truncate.o
         6          0          0          0          0          0   _printf_u.o
        44          0          0          0          0        108   _printf_wchar.o
       188          6          8          0          0         92   _printf_wctomb.o
         6          0          0          0          0          0   _printf_x.o
        16          0          0          0          0         68   _snputc.o
        10          0          0          0          0         68   _sputc.o
       158          0          0          0          0         92   _strtoul.o
        26          0          0          0          0         80   atoi.o
       228          4        148          0          0         96   bigflt0.o
      1936        128          0          0          0        668   btod.o
        18          0          0          0          0         80   exit.o
         6          0          0          0          0        152   heapauxi.o
         0          0          0          0          0          0   indicate_semi.o
        44         10        272          0          0         76   lc_ctype_c.o
        44         10         28          0          0         76   lc_numeric_c.o
         2          0          0          0          0          0   libinit.o
        34          0          0          0          0          0   libinit2.o
         2          0          0          0          0          0   libshutdown.o
         2          0          0          0          0          0   libshutdown2.o
         8          4          0          0         96         68   libspace.o
       138          0          0          0          0         80   lludiv10.o
        16          4          0          0          0         76   rt_ctype_table.o
         8          4          0          0          0         68   rt_errno_addr_intlibspace.o
         8          4          0          0          0         68   rt_locale_intlibspace.o
         2          0          0          0          0          0   rtexit.o
        10          0          0          0          0          0   rtexit2.o
        64          6          0          0          0         84   snprintf.o
        44          6          0          0          0         84   sprintf.o
       124          0          0          0          0         88   strcmpv7m_pel.o
       112          0          0          0          0         88   strtol.o
        12          4          0          0          0         68   sys_exit.o
        74          0          0          0          0         80   sys_stackheap_outer.o
         2          0          0          0          0         68   use_no_semi.o
        26          0          0          0          0        116   fpinit.o
         4          0          0          0          0        116   printf1.o
         4          0          0          0          0        116   printf2.o
         0          0          0          0          0          0   usenofp.o
        48          0          0          0          0        124   fpclassify.o

    ----------------------------------------------------------------------
      7262        276        552          0         96       4872   Library Totals
        22          0          1          0          0          0   (incl. Padding)

    ----------------------------------------------------------------------

      Code (inc. data)   RO Data    RW Data    ZI Data      Debug   Library Name

      7158        276        551          0         96       4400   c_w.l
        34          0          0          0          0        348   fz_wv.l
        48          0          0          0          0        124   m_wv.l

    ----------------------------------------------------------------------
      7262        276        552          0         96       4872   Library Totals

    ----------------------------------------------------------------------

==============================================================================


      Code (inc. data)   RO Data    RW Data    ZI Data      Debug   

     12036        326       1168          4       1680      31586   Grand Totals
     12036        326       1168          4       1680      31586   ELF Image Totals
     12036        326       1168          4          0          0   ROM Totals

==============================================================================

    Total RO  Size (Code + RO Data)                13204 (  12.89kB)
    Total RW  Size (RW Data + ZI Data)              1684 (   1.64kB)
    Total ROM Size (Code + RO Data + RW Data)      13208 (  12.90kB)

==============================================================================

