Component: Arm Compiler for Embedded 6.22 Tool: armlink [5ee90200]

==============================================================================

Section Cross References

    main.o(.ARM.exidx.text._Z12SysTick_Waitj) refers to main.o(.text._Z12SysTick_Waitj) for [Anonymous Symbol]
    main.o(.text._Z10SysTick_msj) refers to main.o(.text._Z12SysTick_Waitj) for SysTick_Wait(unsigned int)
    main.o(.ARM.exidx.text._Z10SysTick_msj) refers to main.o(.text._Z10SysTick_msj) for [Anonymous Symbol]
    main.o(.text._Z3LCDh) refers to main.o(.text._Z10SysTick_msj) for SysTick_ms(unsigned int)
    main.o(.ARM.exidx.text._Z3LCDh) refers to main.o(.text._Z3LCDh) for [Anonymous Symbol]
    main.o(.text._Z11settingsLCDh) refers to main.o(.text._Z3LCDh) for LCD(unsigned char)
    main.o(.ARM.exidx.text._Z11settingsLCDh) refers to main.o(.text._Z11settingsLCDh) for [Anonymous Symbol]
    main.o(.text._Z8writeLCDh) refers to main.o(.text._Z3LCDh) for LCD(unsigned char)
    main.o(.ARM.exidx.text._Z8writeLCDh) refers to main.o(.text._Z8writeLCDh) for [Anonymous Symbol]
    main.o(.text._Z9apagarLCDv) refers to main.o(.text._Z11settingsLCDh) for settingsLCD(unsigned char)
    main.o(.ARM.exidx.text._Z9apagarLCDv) refers to main.o(.text._Z9apagarLCDv) for [Anonymous Symbol]
    main.o(.text._Z15limpiarLineaLCDi) refers to main.o(.text._Z11settingsLCDh) for settingsLCD(unsigned char)
    main.o(.ARM.exidx.text._Z15limpiarLineaLCDi) refers to main.o(.text._Z15limpiarLineaLCDi) for [Anonymous Symbol]
    main.o(.text._Z12setCursorLCDhh) refers to main.o(.text._Z11settingsLCDh) for settingsLCD(unsigned char)
    main.o(.ARM.exidx.text._Z12setCursorLCDhh) refers to main.o(.text._Z12setCursorLCDhh) for [Anonymous Symbol]
    main.o(.text._Z20actualizarMensajeLCDPc) refers to main.o(.text._Z11settingsLCDh) for settingsLCD(unsigned char)
    main.o(.text._Z20actualizarMensajeLCDPc) refers to main.o(.text._Z8writeLCDh) for writeLCD(unsigned char)
    main.o(.ARM.exidx.text._Z20actualizarMensajeLCDPc) refers to main.o(.text._Z20actualizarMensajeLCDPc) for [Anonymous Symbol]
    main.o(.text._Z21actualizarMensaje2LCDPc) refers to main.o(.text._Z12setCursorLCDhh) for setCursorLCD(unsigned char, unsigned char)
    main.o(.text._Z21actualizarMensaje2LCDPc) refers to main.o(.text._Z8writeLCDh) for writeLCD(unsigned char)
    main.o(.ARM.exidx.text._Z21actualizarMensaje2LCDPc) refers to main.o(.text._Z21actualizarMensaje2LCDPc) for [Anonymous Symbol]
    main.o(.text._Z29actualizarMensajeLCDEnColumnaPc) refers to main.o(.text._Z12setCursorLCDhh) for setCursorLCD(unsigned char, unsigned char)
    main.o(.text._Z29actualizarMensajeLCDEnColumnaPc) refers to main.o(.text._Z8writeLCDh) for writeLCD(unsigned char)
    main.o(.text._Z29actualizarMensajeLCDEnColumnaPc) refers to main.o(.text._Z10SysTick_msj) for SysTick_ms(unsigned int)
    main.o(.ARM.exidx.text._Z29actualizarMensajeLCDEnColumnaPc) refers to main.o(.text._Z29actualizarMensajeLCDEnColumnaPc) for [Anonymous Symbol]
    main.o(.text._Z30actualizarMensajeLCDmovimientoPc) refers to main.o(.text._Z12setCursorLCDhh) for setCursorLCD(unsigned char, unsigned char)
    main.o(.text._Z30actualizarMensajeLCDmovimientoPc) refers to main.o(.text._Z8writeLCDh) for writeLCD(unsigned char)
    main.o(.text._Z30actualizarMensajeLCDmovimientoPc) refers to main.o(.text._Z10SysTick_msj) for SysTick_ms(unsigned int)
    main.o(.ARM.exidx.text._Z30actualizarMensajeLCDmovimientoPc) refers to main.o(.text._Z30actualizarMensajeLCDmovimientoPc) for [Anonymous Symbol]
    main.o(.text._Z8settingsv) refers to main.o(.text._Z11settingsLCDh) for settingsLCD(unsigned char)
    main.o(.ARM.exidx.text._Z8settingsv) refers to main.o(.text._Z8settingsv) for [Anonymous Symbol]
    main.o(.ARM.exidx.text._Z15configurarMotorv) refers to main.o(.text._Z15configurarMotorv) for [Anonymous Symbol]
    main.o(.ARM.exidx.text._Z20moverMotoresAdelantev) refers to main.o(.text._Z20moverMotoresAdelantev) for [Anonymous Symbol]
    main.o(.ARM.exidx.text._Z17moverMotoresAtrasv) refers to main.o(.text._Z17moverMotoresAtrasv) for [Anonymous Symbol]
    main.o(.ARM.exidx.text._Z14girarIzquierdav) refers to main.o(.text._Z14girarIzquierdav) for [Anonymous Symbol]
    main.o(.ARM.exidx.text._Z12girarDerechav) refers to main.o(.text._Z12girarDerechav) for [Anonymous Symbol]
    main.o(.ARM.exidx.text._Z12detenerMotorv) refers to main.o(.text._Z12detenerMotorv) for [Anonymous Symbol]
    main.o(.text._Z19configurarSensorPA0v) refers to main.o(.text._ZL16__NVIC_EnableIRQ9IRQn_Type) for __NVIC_EnableIRQ(IRQn_Type)
    main.o(.ARM.exidx.text._Z19configurarSensorPA0v) refers to main.o(.text._Z19configurarSensorPA0v) for [Anonymous Symbol]
    main.o(.ARM.exidx.text._ZL16__NVIC_EnableIRQ9IRQn_Type) refers to main.o(.text._ZL16__NVIC_EnableIRQ9IRQn_Type) for [Anonymous Symbol]
    main.o(.text._Z32configuracionUART3comunicacionPcv) refers to main.o(.text._ZL16__NVIC_EnableIRQ9IRQn_Type) for __NVIC_EnableIRQ(IRQn_Type)
[...]
    ../clib/signal.c                         0x00000000   Number         0  defsig_exit.o ABSOLUTE
    ../clib/signal.c                         0x00000000   Number         0  defsig_rtmem_inner.o ABSOLUTE
    ../clib/signal.c                         0x00000000   Number         0  __raise.o ABSOLUTE
    ../clib/signal.c                         0x00000000   Number         0  defsig_general.o ABSOLUTE
    ../clib/signal.c                         0x00000000   Number         0  defsig_abrt_inner.o ABSOLUTE
    ../clib/signal.c                         0x00000000   Number         0  defsig_fpe_inner.o ABSOLUTE
    ../clib/signal.c                         0x00000000   Number         0  defsig_rtred_inner.o ABSOLUTE
    ../clib/signal.c                         0x00000000   Number         0  defsig_stak_inner.o ABSOLUTE
    ../clib/signal.c                         0x00000000   Number         0  defsig_pvfn_inner.o ABSOLUTE
    ../clib/signal.c                         0x00000000   Number         0  defsig_cppl_inner.o ABSOLUTE
    ../clib/signal.c                         0x00000000   Number         0  defsig_segv_inner.o ABSOLUTE
    ../clib/signal.c                         0x00000000   Number         0  defsig_other.o ABSOLUTE
    ../clib/signal.s                         0x00000000   Number         0  defsig.o ABSOLUTE
    ../clib/stdlib.c                         0x00000000   Number         0  exit.o ABSOLUTE
    ../clib/string.c                         0x00000000   Number         0  strcpy.o ABSOLUTE
    ../clib/string.c                         0x00000000   Number         0  strlen.o ABSOLUTE
    ../fplib/fpinit.s                        0x00000000   Number         0  fpinit.o ABSOLUTE
    ../fplib/istatus.s                       0x00000000   Number         0  istatus.o ABSOLUTE
    ../fplib/printf1.s                       0x00000000   Number         0  printf1.o ABSOLUTE
    ../fplib/printf2.s                       0x00000000   Number         0  printf2.o ABSOLUTE
    ../fplib/printf2a.s                      0x00000000   Number         0  printf2a.o ABSOLUTE
    ../fplib/printf2b.s                      0x00000000   Number         0  printf2b.o ABSOLUTE
    ../fplib/usenofp.s                       0x00000000   Number         0  usenofp.o ABSOLUTE
    ../mathlib/fpclassify.c                  0x00000000   Number         0  fpclassify.o ABSOLUTE
    RTE/Device/STM32F767ZITx/startup_stm32f767xx.s 0x00000000   Number         0  startup_stm32f767xx.o ABSOLUTE
    dc.s                                     0x00000000   Number         0  dc.o ABSOLUTE
    main.cpp                                 0x00000000   Number         0  main.o ABSOLUTE
    system_stm32f7xx.c                       0x00000000   Number         0  system_stm32f7xx.o ABSOLUTE
    RESET                                    0x08000000   Section      504  startup_stm32f767xx.o(RESET)
    !!!main                                  0x080001f8   Section        8  __main.o(!!!main)
    !!!scatter                               0x08000200   Section       92  __scatter.o(!!!scatter)
    !!handler_copy                           0x0800025c   Section       26  __scatter_copy.o(!!handler_copy)
    !!handler_null                           0x08000278   Section        2  __scatter.o(!!handler_null)
    !!handler_zi                             0x0800027c   Section       28  __scatter_zi.o(!!handler_zi)
    .ARM.Collect$$_printf_percent$$00000000  0x08000298   Section        0  _printf_percent.o(.ARM.Collect$$_printf_percent$$00000000)
    .ARM.Collect$$_printf_percent$$00000001  0x08000298   Section        6  _printf_n.o(.ARM.Collect$$_printf_percent$$00000001)
    .ARM.Collect$$_printf_percent$$00000002  0x0800029e   Section        6  _printf_p.o(.ARM.Collect$$_printf_percent$$00000002)
    .ARM.Collect$$_printf_percent$$00000003  0x080002a4   Section        6  _printf_f.o(.ARM.Collect$$_printf_percent$$00000003)
    .ARM.Collect$$_printf_percent$$00000004  0x080002aa   Section        6  _printf_e.o(.ARM.Collect$$_printf_percent$$00000004)
    .ARM.Collect$$_printf_percent$$00000005  0x080002b0   Section        6  _printf_g.o(.ARM.Collect$$_printf_percent$$00000005)
    .ARM.Collect$$_printf_percent$$00000006  0x080002b6   Section        6  _printf_a.o(.ARM.Collect$$_printf_percent$$00000006)
    .ARM.Collect$$_printf_percent$$00000007  0x080002bc   Section       10  _printf_ll.o(.ARM.Collect$$_printf_percent$$00000007)
    .ARM.Collect$$_printf_percent$$00000008  0x080002c6   Section        6  _printf_i.o(.ARM.Collect$$_printf_percent$$00000008)
    .ARM.Collect$$_printf_percent$$00000009  0x080002cc   Section        6  _printf_d.o(.ARM.Collect$$_printf_percent$$00000009)
    .ARM.Collect$$_printf_percent$$0000000A  0x080002d2   Section        6  _printf_u.o(.ARM.Collect$$_printf_percent$$0000000A)
    .ARM.Collect$$_printf_percent$$0000000B  0x080002d8   Section        6  _printf_o.o(.ARM.Collect$$_printf_percent$$0000000B)
    .ARM.Collect$$_printf_percent$$0000000C  0x080002de   Section        6  _printf_x.o(.ARM.Collect$$_printf_percent$$0000000C)
    .ARM.Collect$$_printf_percent$$0000000D  0x080002e4   Section        6  _printf_lli.o(.ARM.Collect$$_printf_percent$$0000000D)
    .ARM.Collect$$_printf_percent$$0000000E  0x080002ea   Section        6  _printf_lld.o(.ARM.Collect$$_printf_percent$$0000000E)
    .ARM.Collect$$_printf_percent$$0000000F  0x080002f0   Section        6  _printf_llu.o(.ARM.Collect$$_printf_percent$$0000000F)
    .ARM.Collect$$_printf_percent$$00000010  0x080002f6   Section        6  _printf_llo.o(.ARM.Collect$$_printf_percent$$00000010)
    .ARM.Collect$$_printf_percent$$00000011  0x080002fc   Section        6  _printf_llx.o(.ARM.Collect$$_printf_percent$$00000011)
    .ARM.Collect$$_printf_percent$$00000012  0x08000302   Section       10  _printf_l.o(.ARM.Collect$$_printf_percent$$00000012)
    .ARM.Collect$$_printf_percent$$00000013  0x0800030c   Section        6  _printf_c.o(.ARM.Collect$$_printf_percent$$00000013)
    .ARM.Collect$$_printf_percent$$00000014  0x08000312   Section        6  _printf_s.o(.ARM.Collect$$_printf_percent$$00000014)
    .ARM.Collect$$_printf_percent$$00000015  0x08000318   Section        6  _printf_lc.o(.ARM.Collect$$_printf_percent$$00000015)
    .ARM.Collect$$_printf_percent$$00000016  0x0800031e   Section        6  _printf_ls.o(.ARM.Collect$$_printf_percent$$00000016)
    .ARM.Collect$$_printf_percent$$00000017  0x08000324   Section        4  _printf_percent_end.o(.ARM.Collect$$_printf_percent$$00000017)
    .ARM.Collect$$libinit$$00000000          0x08000328   Section        2  libinit.o(.ARM.Collect$$libinit$$00000000)
    .ARM.Collect$$libinit$$00000001          0x0800032a   Section        4  libinit2.o(.ARM.Collect$$libinit$$00000001)
    .ARM.Collect$$libinit$$00000004          0x0800032e   Section        0  libinit2.o(.ARM.Collect$$libinit$$00000004)
    .ARM.Collect$$libinit$$00000006          0x0800032e   Section        0  libinit2.o(.ARM.Collect$$libinit$$00000006)
    .ARM.Collect$$libinit$$0000000C          0x0800032e   Section        0  libinit2.o(.ARM.Collect$$libinit$$0000000C)
    .ARM.Collect$$libinit$$0000000E          0x0800032e   Section        0  libinit2.o(.ARM.Collect$$libinit$$0000000E)
    .ARM.Collect$$libinit$$00000010          0x0800032e   Section        0  libinit2.o(.ARM.Collect$$libinit$$00000010)
    .ARM.Collect$$libinit$$00000011          0x0800032e   Section        6  libinit2.o(.ARM.Collect$$libinit$$00000011)
    .ARM.Collect$$libinit$$00000013          0x08000334   Section        0  libinit2.o(.ARM.Collect$$libinit$$00000013)
    .ARM.Collect$$libinit$$00000014          0x08000334   Section       12  libinit2.o(.ARM.Collect$$libinit$$00000014)
    .ARM.Collect$$libinit$$00000015          0x08000340   Section        0  libinit2.o(.ARM.Collect$$libinit$$00000015)
    .ARM.Collect$$libinit$$00000017          0x08000340   Section        0  libinit2.o(.ARM.Collect$$libinit$$00000017)
    .ARM.Collect$$libinit$$00000018          0x08000340   Section       10  libinit2.o(.ARM.Collect$$libinit$$00000018)
    .ARM.Collect$$libinit$$00000019          0x0800034a   Section        0  libinit2.o(.ARM.Collect$$libinit$$00000019)
    .ARM.Collect$$libinit$$0000001B          0x0800034a   Section        0  libinit2.o(.ARM.Collect$$libinit$$0000001B)
    .ARM.Collect$$libinit$$0000001D          0x0800034a   Section        0  libinit2.o(.ARM.Collect$$libinit$$0000001D)
    .ARM.Collect$$libinit$$0000001F          0x0800034a   Section        0  libinit2.o(.ARM.Collect$$libinit$$0000001F)
    .ARM.Collect$$libinit$$00000021          0x0800034a   Section        0  libinit2.o(.ARM.Collect$$libinit$$00000021)
    .ARM.Collect$$libinit$$00000023          0x0800034a   Section        0  libinit2.o(.ARM.Collect$$libinit$$00000023)
    .ARM.Collect$$libinit$$00000025          0x0800034a   Section        0  libinit2.o(.ARM.Collect$$libinit$$00000025)
    .ARM.Collect$$libinit$$00000027          0x0800034a   Section        0  libinit2.o(.ARM.Collect$$libinit$$00000027)
    .ARM.Collect$$libinit$$0000002E          0x0800034a   Section        0  libinit2.o(.ARM.Collect$$libinit$$0000002E)
    .ARM.Collect$$libinit$$00000030          0x0800034a   Section        0  libinit2.o(.ARM.Collect$$libinit$$00000030)
    .ARM.Collect$$libinit$$00000032          0x0800034a   Section        0  libinit2.o(.ARM.Collect$$libinit$$00000032)
    .ARM.Collect$$libinit$$00000034          0x0800034a   Section        0  libinit2.o(.ARM.Collect$$libinit$$00000034)
    .ARM.Collect$$libinit$$00000035          0x0800034a   Section        2  libinit2.o(.ARM.Collect$$libinit$$00000035)
    .ARM.Collect$$libshutdown$$00000000      0x0800034c   Section        2  libshutdown.o(.ARM.Collect$$libshutdown$$00000000)
    .ARM.Collect$$libshutdown$$00000002      0x0800034e   Section        0  libshutdown2.o(.ARM.Collect$$libshutdown$$00000002)
    .ARM.Collect$$libshutdown$$00000004      0x0800034e   Section        0  libshutdown2.o(.ARM.Collect$$libshutdown$$00000004)
    .ARM.Collect$$libshutdown$$00000007      0x0800034e   Section        0  libshutdown2.o(.ARM.Collect$$libshutdown$$00000007)
    .ARM.Collect$$libshutdown$$0000000A      0x0800034e   Section        0  libshutdown2.o(.ARM.Collect$$libshutdown$$0000000A)
    .ARM.Collect$$libshutdown$$0000000C      0x0800034e   Section        0  libshutdown2.o(.ARM.Collect$$libshutdown$$0000000C)
    .ARM.Collect$$libshutdown$$0000000F      0x0800034e   Section        0  libshutdown2.o(.ARM.Collect$$libshutdown$$0000000F)
    .ARM.Collect$$libshutdown$$00000010      0x0800034e   Section        2  libshutdown2.o(.ARM.Collect$$libshutdown$$00000010)
    .ARM.Collect$$rtentry$$00000000          0x08000350   Section        0  __rtentry.o(.ARM.Collect$$rtentry$$00000000)
    .ARM.Collect$$rtentry$$00000002          0x08000350   Section        0  __rtentry2.o(.ARM.Collect$$rtentry$$00000002)
    .ARM.Collect$$rtentry$$00000004          0x08000350   Section        6  __rtentry4.o(.ARM.Collect$$rtentry$$00000004)
    .ARM.Collect$$rtentry$$00000009          0x08000356   Section        0  __rtentry2.o(.ARM.Collect$$rtentry$$00000009)
    .ARM.Collect$$rtentry$$0000000A          0x08000356   Section        4  __rtentry2.o(.ARM.Collect$$rtentry$$0000000A)
    .ARM.Collect$$rtentry$$0000000C          0x0800035a   Section        0  __rtentry2.o(.ARM.Collect$$rtentry$$0000000C)
    .ARM.Collect$$rtentry$$0000000D          0x0800035a   Section        8  __rtentry2.o(.ARM.Collect$$rtentry$$0000000D)
    .ARM.Collect$$rtexit$$00000000           0x08000362   Section        2  rtexit.o(.ARM.Collect$$rtexit$$00000000)
    .ARM.Collect$$rtexit$$00000002           0x08000364   Section        0  rtexit2.o(.ARM.Collect$$rtexit$$00000002)
    .ARM.Collect$$rtexit$$00000003           0x08000364   Section        4  rtexit2.o(.ARM.Collect$$rtexit$$00000003)
    .ARM.Collect$$rtexit$$00000004           0x08000368   Section        6  rtexit2.o(.ARM.Collect$$rtexit$$00000004)
    $v0                                      0x08000370   Number         0  startup_stm32f767xx.o(.text)
    .text                                    0x08000370   Section       64  startup_stm32f767xx.o(.text)
    .text                                    0x080003b0   Section        0  sprintf.o(.text)
    .text                                    0x080003dc   Section        0  strcpy.o(.text)
    .text                                    0x08000424   Section        0  strlen.o(.text)
    .text                                    0x08000462   Section        0  heapauxi.o(.text)
    .text                                    0x08000468   Section        0  _printf_pad.o(.text)
    .text                                    0x080004b6   Section        0  _printf_truncate.o(.text)
    .text                                    0x080004da   Section        0  _printf_str.o(.text)
    .text                                    0x0800052c   Section        0  _printf_dec.o(.text)
    .text                                    0x080005a4   Section        0  _printf_charcount.o(.text)
    _printf_input_char                       0x080005cd   Thumb Code    10  _printf_char_common.o(.text)
    .text                                    0x080005cc   Section        0  _printf_char_common.o(.text)
    .text                                    0x080005fc   Section        0  _sputc.o(.text)
    .text                                    0x08000608   Section        0  _printf_wctomb.o(.text)
    .text                                    0x080006c4   Section        0  _printf_longlong_dec.o(.text)
    _printf_longlong_oct_internal            0x08000741   Thumb Code     0  _printf_oct_int_ll.o(.text)
    .text                                    0x08000740   Section        0  _printf_oct_int_ll.o(.text)
    _printf_hex_common                       0x080007b1   Thumb Code     0  _printf_hex_int_ll_ptr.o(.text)
    .text                                    0x080007b0   Section        0  _printf_hex_int_ll_ptr.o(.text)
    .text                                    0x08000844   Section        0  __printf_flags_ss_wp.o(.text)
    .text                                    0x080009cc   Section      138  lludiv10.o(.text)
    .text                                    0x08000a56   Section        0  _printf_intcommon.o(.text)
    _fp_digits                               0x08000b09   Thumb Code   432  _printf_fp_dec.o(.text)
    .text                                    0x08000b08   Section        0  _printf_fp_dec.o(.text)
    .text                                    0x08000f24   Section        0  _printf_fp_hex.o(.text)
    .text                                    0x08001220   Section        0  _printf_char.o(.text)
    .text                                    0x0800124c   Section        0  _printf_wchar.o(.text)
    .text                                    0x08001278   Section        0  _c16rtomb.o(.text)
    .text                                    0x080012c0   Section       74  sys_stackheap_outer.o(.text)
    .text                                    0x0800130c   Section       16  rt_ctype_table.o(.text)
    .text                                    0x0800131c   Section        8  rt_locale_intlibspace.o(.text)
    .text                                    0x08001324   Section        0  _printf_fp_infnan.o(.text)
    .text                                    0x080013a4   Section        0  bigflt0.o(.text)
    .text                                    0x08001488   Section        0  exit.o(.text)
    .text                                    0x0800149c   Section        8  libspace.o(.text)
    .text                                    0x080014a8   Section      124  strcmpv7m_pel.o(.text)
    .text                                    0x08001524   Section        0  sys_exit.o(.text)
    .text                                    0x08001530   Section        2  use_no_semi.o(.text)
    .text                                    0x08001532   Section        0  indicate_semi.o(.text)
    [Anonymous Symbol]                       0x08001538   Section        0  main.o(.text.EXTI0_IRQHandler)
    [Anonymous Symbol]                       0x080015e8   Section        0  system_stm32f7xx.o(.text.SystemInit)
    [Anonymous Symbol]                       0x08001600   Section        0  main.o(.text.TIM3_IRQHandler)
    [Anonymous Symbol]                       0x08001698   Section        0  main.o(.text.UART4_IRQHandler)
    [Anonymous Symbol]                       0x08001760   Section        0  main.o(.text.USART3_IRQHandler)
    [Anonymous Symbol]                       0x08001858   Section        0  main.o(.text._Z10SysTick_msj)
    [Anonymous Symbol]                       0x08001888   Section        0  main.o(.text._Z11settingsLCDh)
    [Anonymous Symbol]                       0x080018c0   Section        0  main.o(.text._Z12SysTick_Waitj)
    [Anonymous Symbol]                       0x08001900   Section        0  main.o(.text._Z12detenerMotorv)
    [Anonymous Symbol]                       0x08001920   Section        0  main.o(.text._Z12girarDerechav)
    [Anonymous Symbol]                       0x08001948   Section        0  main.o(.text._Z12setCursorLCDhh)
    [Anonymous Symbol]                       0x08001998   Section        0  main.o(.text._Z13conversionADCv)
    [Anonymous Symbol]                       0x08001ab0   Section        0  main.o(.text._Z14girarIzquierdav)
    [Anonymous Symbol]                       0x08001ad8   Section        0  main.o(.text._Z15configurarMotorv)
    [Anonymous Symbol]                       0x08001b30   Section        0  main.o(.text._Z17moverMotoresAtrasv)
    [Anonymous Symbol]                       0x08001b60   Section        0  main.o(.text._Z19configurarSensorPA0v)
    [Anonymous Symbol]                       0x08001c50   Section        0  main.o(.text._Z20actualizarMensajeLCDPc)
    [Anonymous Symbol]                       0x08001c88   Section        0  main.o(.text._Z20moverMotoresAdelantev)
    [Anonymous Symbol]                       0x08001cb8   Section        0  main.o(.text._Z21actualizarMensaje2LCDPc)
    [Anonymous Symbol]                       0x08001cf0   Section        0  main.o(.text._Z21configuracionADCcny70v)
    [Anonymous Symbol]                       0x08001d68   Section        0  main.o(.text._Z28configuracionTimerCronometrov)
    [Anonymous Symbol]                       0x08001dc0   Section        0  main.o(.text._Z28configurarUART4BluetoothHc50v)
    [Anonymous Symbol]                       0x08001e48   Section        0  main.o(.text._Z29actualizarMensajeLCDEnColumnaPc)
    [Anonymous Symbol]                       0x08001e88   Section        0  main.o(.text._Z30actualizarMensajeLCDmovimientoPc)
    [Anonymous Symbol]                       0x08001ec8   Section        0  main.o(.text._Z32configuracionUART3comunicacionPcv)
    [Anonymous Symbol]                       0x08001f48   Section        0  main.o(.text._Z3LCDh)
    [Anonymous Symbol]                       0x08001fa0   Section        0  main.o(.text._Z8settingsv)
    [Anonymous Symbol]                       0x08002070   Section        0  main.o(.text._Z8writeLCDh)
    __NVIC_EnableIRQ(IRQn_Type)              0x080020a9   Thumb Code    48  main.o(.text._ZL16__NVIC_EnableIRQ9IRQn_Type)
    [Anonymous Symbol]                       0x080020a8   Section        0  main.o(.text._ZL16__NVIC_EnableIRQ9IRQn_Type)
    [Anonymous Symbol]                       0x080020d8   Section        0  main.o(.text.main)
    CL$$btod_d2e                             0x08002424   Section       62  btod.o(CL$$btod_d2e)
    CL$$btod_d2e_denorm_low                  0x08002462   Section       70  btod.o(CL$$btod_d2e_denorm_low)
    CL$$btod_d2e_norm_op1                    0x080024a8   Section       96  btod.o(CL$$btod_d2e_norm_op1)
    CL$$btod_div_common                      0x08002508   Section      824  btod.o(CL$$btod_div_common)
    CL$$btod_e2e                             0x08002840   Section      220  btod.o(CL$$btod_e2e)
    CL$$btod_ediv                            0x0800291c   Section       42  btod.o(CL$$btod_ediv)
    CL$$btod_emul                            0x08002946   Section       42  btod.o(CL$$btod_emul)
    CL$$btod_mult_common                     0x08002970   Section      580  btod.o(CL$$btod_mult_common)
    i.__ARM_fpclassify                       0x08002bb4   Section        0  fpclassify.o(i.__ARM_fpclassify)
    i._is_digit                              0x08002be4   Section        0  __printf_wp.o(i._is_digit)
    locale$$code                             0x08002bf4   Section       44  lc_numeric_c.o(locale$$code)
    locale$$code                             0x08002c20   Section       44  lc_ctype_c.o(locale$$code)
    $v0                                      0x08002c4c   Number         0  fpinit.o(x$fpl$fpinit)
    x$fpl$fpinit                             0x08002c4c   Section       26  fpinit.o(x$fpl$fpinit)
    $v0                                      0x08002c66   Number         0  printf1.o(x$fpl$printf1)
    x$fpl$printf1                            0x08002c66   Section        4  printf1.o(x$fpl$printf1)
    $v0                                      0x08002c6a   Number         0  printf2.o(x$fpl$printf2)
    x$fpl$printf2                            0x08002c6a   Section        4  printf2.o(x$fpl$printf2)
    x$fpl$usenofp                            0x08002c6e   Section        0  usenofp.o(x$fpl$usenofp)
    initial_mbstate                          0x08002c70   Data           8  _printf_wctomb.o(.constdata)
    .constdata                               0x08002c70   Section        8  _printf_wctomb.o(.constdata)
    uc_hextab                                0x08002c78   Data          20  _printf_hex_int_ll_ptr.o(.constdata)
    .constdata                               0x08002c78   Section       40  _printf_hex_int_ll_ptr.o(.constdata)
    lc_hextab                                0x08002c8c   Data          20  _printf_hex_int_ll_ptr.o(.constdata)
    maptable                                 0x08002ca0   Data          17  __printf_flags_ss_wp.o(.constdata)
    .constdata                               0x08002ca0   Section       17  __printf_flags_ss_wp.o(.constdata)
    lc_hextab                                0x08002cb1   Data          19  _printf_fp_hex.o(.constdata)
    .constdata                               0x08002cb1   Section       38  _printf_fp_hex.o(.constdata)
    uc_hextab                                0x08002cc4   Data          19  _printf_fp_hex.o(.constdata)
    tenpwrs_x                                0x08002cd8   Data          60  bigflt0.o(.constdata)
    .constdata                               0x08002cd8   Section      148  bigflt0.o(.constdata)
    tenpwrs_i                                0x08002d14   Data          64  bigflt0.o(.constdata)
    .L.str.6                                 0x08002d6c   Data           7  main.o(.rodata.str1.1)
    [Anonymous Symbol]                       0x08002d6c   Section        0  main.o(.rodata.str1.1)
    .L.str.7                                 0x08002d73   Data           7  main.o(.rodata.str1.1)
    .L.str.10                                0x08002d7a   Data           7  main.o(.rodata.str1.1)
    .L.str.8                                 0x08002d81   Data           7  main.o(.rodata.str1.1)
    .L.str.9                                 0x08002d88   Data           7  main.o(.rodata.str1.1)
    .L.str.4                                 0x08002d8f   Data           6  main.o(.rodata.str1.1)
    .L.str.5                                 0x08002d95   Data          10  main.o(.rodata.str1.1)
    .L.str.2                                 0x08002d9f   Data           8  main.o(.rodata.str1.1)
    .L.str                                   0x08002da7   Data           7  main.o(.rodata.str1.1)
    .L.str.3                                 0x08002dae   Data           8  main.o(.rodata.str1.1)
    .L.str.1                                 0x08002db6   Data           7  main.o(.rodata.str1.1)
    locale$$data                             0x08002de0   Section       28  lc_numeric_c.o(locale$$data)
    __lcnum_c_name                           0x08002de4   Data           2  lc_numeric_c.o(locale$$data)
    __lcnum_c_start                          0x08002dec   Data           0  lc_numeric_c.o(locale$$data)
    __lcnum_c_point                          0x08002df8   Data           0  lc_numeric_c.o(locale$$data)
    __lcnum_c_thousands                      0x08002dfa   Data           0  lc_numeric_c.o(locale$$data)
    __lcnum_c_grouping                       0x08002dfb   Data           0  lc_numeric_c.o(locale$$data)
    __lcnum_c_end                            0x08002dfc   Data           0  lc_numeric_c.o(locale$$data)
    locale$$data                             0x08002dfc   Section      272  lc_ctype_c.o(locale$$data)
    __lcctype_c_name                         0x08002e00   Data           2  lc_ctype_c.o(locale$$data)
    __lcctype_c_start                        0x08002e08   Data           0  lc_ctype_c.o(locale$$data)
    __lcctype_c_end                          0x08002f0c   Data           0  lc_ctype_c.o(locale$$data)
    .bss                                     0x20020018   Section       96  libspace.o(.bss)
    Heap_Mem                                 0x200200a8   Data         512  startup_stm32f767xx.o(HEAP)
    HEAP                                     0x200200a8   Section      512  startup_stm32f767xx.o(HEAP)
    Stack_Mem                                0x200202a8   Data        1024  startup_stm32f767xx.o(STACK)
    STACK                                    0x200202a8   Section     1024  startup_stm32f767xx.o(STACK)
    __initial_sp                             0x200206a8   Data           0  startup_stm32f767xx.o(STACK)

    Global Symbols

    Symbol Name                              Value     Ov Type        Size  Object(Section)

    BuildAttributes$$THM_ISAv4$E$P$D$K$B$S$7EM$VFPv5_D16$PE$PLD8$A:L22UL41UL21$X:L11$S22US41US21$IEEE1$IW$~IW$USESV6$~STKCKD$USESV7$~SHL$OTIME$ROPI$IEEEJ$EBA8$UX$STANDARDLIB$REQ8$PRES8$EABIv2 0x00000000   Number         0  anon$$obj.o ABSOLUTE
    _printf_flags                            0x00000000   Number         0  printf_stubs.o ABSOLUTE
    _printf_return_value                     0x00000000   Number         0  printf_stubs.o ABSOLUTE
    _printf_sizespec                         0x00000000   Number         0  printf_stubs.o ABSOLUTE
    _printf_widthprec                        0x00000000   Number         0  printf_stubs.o ABSOLUTE
    __ARM_exceptions_init                     - Undefined Weak Reference
    __alloca_initialize                       - Undefined Weak Reference
    __arm_preinit_                            - Undefined Weak Reference
    __arm_relocate_pie_                       - Undefined Weak Reference
    __cpp_initialize__aeabi_                  - Undefined Weak Reference
    __cxa_finalize                            - Undefined Weak Reference
    __sigvec_lookup                           - Undefined Weak Reference
    _atexit_init                              - Undefined Weak Reference
    _call_atexit_fns                          - Undefined Weak Reference
    _clock_init                               - Undefined Weak Reference
    _fp_trap_init                             - Undefined Weak Reference
    _fp_trap_shutdown                         - Undefined Weak Reference
    _get_lc_collate                           - Undefined Weak Reference
    _get_lc_monetary                          - Undefined Weak Reference
    _get_lc_time                              - Undefined Weak Reference
    _getenv_init                              - Undefined Weak Reference
    _handle_redirection                       - Undefined Weak Reference
    _init_alloc                               - Undefined Weak Reference
    _init_user_alloc                          - Undefined Weak Reference
    _initio                                   - Undefined Weak Reference
    _printf_mbtowc                            - Undefined Weak Reference
    _printf_wc                                - Undefined Weak Reference
    _rand_init                                - Undefined Weak Reference
    _signal_finish                            - Undefined Weak Reference
    _signal_init                              - Undefined Weak Reference
    _terminate_alloc                          - Undefined Weak Reference
    _terminate_user_alloc                     - Undefined Weak Reference
    _terminateio                              - Undefined Weak Reference
    __Vectors_Size                           0x000001f8   Number         0  startup_stm32f767xx.o ABSOLUTE
    __Vectors                                0x08000000   Data           4  startup_stm32f767xx.o(RESET)
    __Vectors_End                            0x080001f8   Data           0  startup_stm32f767xx.o(RESET)
    __main                                   0x080001f9   Thumb Code     8  __main.o(!!!main)
    __scatterload                            0x08000201   Thumb Code     0  __scatter.o(!!!scatter)
    __scatterload_rt2                        0x08000201   Thumb Code    84  __scatter.o(!!!scatter)
    __scatterload_rt2_thumb_only             0x08000201   Thumb Code     0  __scatter.o(!!!scatter)
    __scatterload_loop                       0x0800020b   Thumb Code     0  __scatter.o(!!!scatter)
    __scatterload_copy                       0x0800025d   Thumb Code    26  __scatter_copy.o(!!handler_copy)
    __scatterload_null                       0x08000279   Thumb Code     2  __scatter.o(!!handler_null)
    __scatterload_zeroinit                   0x0800027d   Thumb Code    28  __scatter_zi.o(!!handler_zi)
    _printf_n                                0x08000299   Thumb Code     0  _printf_n.o(.ARM.Collect$$_printf_percent$$00000001)
    _printf_percent                          0x08000299   Thumb Code     0  _printf_percent.o(.ARM.Collect$$_printf_percent$$00000000)
    _printf_p                                0x0800029f   Thumb Code     0  _printf_p.o(.ARM.Collect$$_printf_percent$$00000002)
    _printf_f                                0x080002a5   Thumb Code     0  _printf_f.o(.ARM.Collect$$_printf_percent$$00000003)
    _printf_e                                0x080002ab   Thumb Code     0  _printf_e.o(.ARM.Collect$$_printf_percent$$00000004)
    _printf_g                                0x080002b1   Thumb Code     0  _printf_g.o(.ARM.Collect$$_printf_percent$$00000005)
    _printf_a                                0x080002b7   Thumb Code     0  _printf_a.o(.ARM.Collect$$_printf_percent$$00000006)
    _printf_ll                               0x080002bd   Thumb Code     0  _printf_ll.o(.ARM.Collect$$_printf_percent$$00000007)
    _printf_i                                0x080002c7   Thumb Code     0  _printf_i.o(.ARM.Collect$$_printf_percent$$00000008)
    _printf_d                                0x080002cd   Thumb Code     0  _printf_d.o(.ARM.Collect$$_printf_percent$$00000009)
    _printf_u                                0x080002d3   Thumb Code     0  _printf_u.o(.ARM.Collect$$_printf_percent$$0000000A)
    _printf_o                                0x080002d9   Thumb Code     0  _printf_o.o(.ARM.Collect$$_printf_percent$$0000000B)
    _printf_x                                0x080002df   Thumb Code     0  _printf_x.o(.ARM.Collect$$_printf_percent$$0000000C)
    _printf_lli                              0x080002e5   Thumb Code     0  _printf_lli.o(.ARM.Collect$$_printf_percent$$0000000D)
    _printf_lld                              0x080002eb   Thumb Code     0  _printf_lld.o(.ARM.Collect$$_printf_percent$$0000000E)
    _printf_llu                              0x080002f1   Thumb Code     0  _printf_llu.o(.ARM.Collect$$_printf_percent$$0000000F)
    _printf_llo                              0x080002f7   Thumb Code     0  _printf_llo.o(.ARM.Collect$$_printf_percent$$00000010)
    _printf_llx                              0x080002fd   Thumb Code     0  _printf_llx.o(.ARM.Collect$$_printf_percent$$00000011)
    _printf_l                                0x08000303   Thumb Code     0  _printf_l.o(.ARM.Collect$$_printf_percent$$00000012)
    _printf_c                                0x0800030d   Thumb Code     0  _printf_c.o(.ARM.Collect$$_printf_percent$$00000013)
    _printf_s                                0x08000313   Thumb Code     0  _printf_s.o(.ARM.Collect$$_printf_percent$$00000014)
    _printf_lc                               0x08000319   Thumb Code     0  _printf_lc.o(.ARM.Collect$$_printf_percent$$00000015)
    _printf_ls                               0x0800031f   Thumb Code     0  _printf_ls.o(.ARM.Collect$$_printf_percent$$00000016)
    _printf_percent_end                      0x08000325   Thumb Code     0  _printf_percent_end.o(.ARM.Collect$$_printf_percent$$00000017)
    __rt_lib_init                            0x08000329   Thumb Code     0  libinit.o(.ARM.Collect$$libinit$$00000000)
    __rt_lib_init_fp_1                       0x0800032b   Thumb Code     0  libinit2.o(.ARM.Collect$$libinit$$00000001)
    __rt_lib_init_heap_1                     0x0800032f   Thumb Code     0  libinit2.o(.ARM.Collect$$libinit$$0000000C)
    __rt_lib_init_lc_common                  0x0800032f   Thumb Code     0  libinit2.o(.ARM.Collect$$libinit$$00000011)
    __rt_lib_init_preinit_1                  0x0800032f   Thumb Code     0  libinit2.o(.ARM.Collect$$libinit$$00000006)
    __rt_lib_init_rand_1                     0x0800032f   Thumb Code     0  libinit2.o(.ARM.Collect$$libinit$$00000010)
    __rt_lib_init_relocate_pie_1             0x0800032f   Thumb Code     0  libinit2.o(.ARM.Collect$$libinit$$00000004)
    __rt_lib_init_user_alloc_1               0x0800032f   Thumb Code     0  libinit2.o(.ARM.Collect$$libinit$$0000000E)
    __rt_lib_init_lc_collate_1               0x08000335   Thumb Code     0  libinit2.o(.ARM.Collect$$libinit$$00000013)
    __rt_lib_init_lc_ctype_2                 0x08000335   Thumb Code     0  libinit2.o(.ARM.Collect$$libinit$$00000014)
    __rt_lib_init_lc_ctype_1                 0x08000341   Thumb Code     0  libinit2.o(.ARM.Collect$$libinit$$00000015)
    __rt_lib_init_lc_monetary_1              0x08000341   Thumb Code     0  libinit2.o(.ARM.Collect$$libinit$$00000017)
    __rt_lib_init_lc_numeric_2               0x08000341   Thumb Code     0  libinit2.o(.ARM.Collect$$libinit$$00000018)
    __rt_lib_init_alloca_1                   0x0800034b   Thumb Code     0  libinit2.o(.ARM.Collect$$libinit$$00000030)
    __rt_lib_init_argv_1                     0x0800034b   Thumb Code     0  libinit2.o(.ARM.Collect$$libinit$$0000002E)
    __rt_lib_init_atexit_1                   0x0800034b   Thumb Code     0  libinit2.o(.ARM.Collect$$libinit$$0000001D)
    __rt_lib_init_clock_1                    0x0800034b   Thumb Code     0  libinit2.o(.ARM.Collect$$libinit$$00000023)
    __rt_lib_init_cpp_1                      0x0800034b   Thumb Code     0  libinit2.o(.ARM.Collect$$libinit$$00000034)
    __rt_lib_init_exceptions_1               0x0800034b   Thumb Code     0  libinit2.o(.ARM.Collect$$libinit$$00000032)
    __rt_lib_init_fp_trap_1                  0x0800034b   Thumb Code     0  libinit2.o(.ARM.Collect$$libinit$$00000021)
    __rt_lib_init_getenv_1                   0x0800034b   Thumb Code     0  libinit2.o(.ARM.Collect$$libinit$$00000025)
    __rt_lib_init_lc_numeric_1               0x0800034b   Thumb Code     0  libinit2.o(.ARM.Collect$$libinit$$00000019)
    __rt_lib_init_lc_time_1                  0x0800034b   Thumb Code     0  libinit2.o(.ARM.Collect$$libinit$$0000001B)
    __rt_lib_init_return                     0x0800034b   Thumb Code     0  libinit2.o(.ARM.Collect$$libinit$$00000035)
    __rt_lib_init_signal_1                   0x0800034b   Thumb Code     0  libinit2.o(.ARM.Collect$$libinit$$0000001F)
    __rt_lib_init_stdio_1                    0x0800034b   Thumb Code     0  libinit2.o(.ARM.Collect$$libinit$$00000027)
    __rt_lib_shutdown                        0x0800034d   Thumb Code     0  libshutdown.o(.ARM.Collect$$libshutdown$$00000000)
    __rt_lib_shutdown_cpp_1                  0x0800034f   Thumb Code     0  libshutdown2.o(.ARM.Collect$$libshutdown$$00000002)
    __rt_lib_shutdown_fp_trap_1              0x0800034f   Thumb Code     0  libshutdown2.o(.ARM.Collect$$libshutdown$$00000007)
    __rt_lib_shutdown_heap_1                 0x0800034f   Thumb Code     0  libshutdown2.o(.ARM.Collect$$libshutdown$$0000000F)
    __rt_lib_shutdown_return                 0x0800034f   Thumb Code     0  libshutdown2.o(.ARM.Collect$$libshutdown$$00000010)
    __rt_lib_shutdown_signal_1               0x0800034f   Thumb Code     0  libshutdown2.o(.ARM.Collect$$libshutdown$$0000000A)
    __rt_lib_shutdown_stdio_1                0x0800034f   Thumb Code     0  libshutdown2.o(.ARM.Collect$$libshutdown$$00000004)
    __rt_lib_shutdown_user_alloc_1           0x0800034f   Thumb Code     0  libshutdown2.o(.ARM.Collect$$libshutdown$$0000000C)
    __rt_entry                               0x08000351   Thumb Code     0  __rtentry.o(.ARM.Collect$$rtentry$$00000000)
    __rt_entry_presh_1                       0x08000351   Thumb Code     0  __rtentry2.o(.ARM.Collect$$rtentry$$00000002)
    __rt_entry_sh                            0x08000351   Thumb Code     0  __rtentry4.o(.ARM.Collect$$rtentry$$00000004)
    __rt_entry_li                            0x08000357   Thumb Code     0  __rtentry2.o(.ARM.Collect$$rtentry$$0000000A)
    __rt_entry_postsh_1                      0x08000357   Thumb Code     0  __rtentry2.o(.ARM.Collect$$rtentry$$00000009)
    __rt_entry_main                          0x0800035b   Thumb Code     0  __rtentry2.o(.ARM.Collect$$rtentry$$0000000D)
    __rt_entry_postli_1                      0x0800035b   Thumb Code     0  __rtentry2.o(.ARM.Collect$$rtentry$$0000000C)
    __rt_exit                                0x08000363   Thumb Code     0  rtexit.o(.ARM.Collect$$rtexit$$00000000)
    __rt_exit_ls                             0x08000365   Thumb Code     0  rtexit2.o(.ARM.Collect$$rtexit$$00000003)
    __rt_exit_prels_1                        0x08000365   Thumb Code     0  rtexit2.o(.ARM.Collect$$rtexit$$00000002)
    __rt_exit_exit                           0x08000369   Thumb Code     0  rtexit2.o(.ARM.Collect$$rtexit$$00000004)
    Reset_Handler                            0x08000371   Thumb Code     8  startup_stm32f767xx.o(.text)
    NMI_Handler                              0x08000379   Thumb Code     2  startup_stm32f767xx.o(.text)
    HardFault_Handler                        0x0800037b   Thumb Code     2  startup_stm32f767xx.o(.text)
    MemManage_Handler                        0x0800037d   Thumb Code     2  startup_stm32f767xx.o(.text)
    BusFault_Handler                         0x0800037f   Thumb Code     2  startup_stm32f767xx.o(.text)
    UsageFault_Handler                       0x08000381   Thumb Code     2  startup_stm32f767xx.o(.text)
    SVC_Handler                              0x08000383   Thumb Code     2  startup_stm32f767xx.o(.text)
    DebugMon_Handler                         0x08000385   Thumb Code     2  startup_stm32f767xx.o(.text)
    PendSV_Handler                           0x08000387   Thumb Code     2  startup_stm32f767xx.o(.text)
    SysTick_Handler                          0x08000389   Thumb Code     2  startup_stm32f767xx.o(.text)
    ADC_IRQHandler                           0x0800038b   Thumb Code     0  startup_stm32f767xx.o(.text)
    CAN1_RX0_IRQHandler                      0x0800038b   Thumb Code     0  startup_stm32f767xx.o(.text)
    CAN1_RX1_IRQHandler                      0x0800038b   Thumb Code     0  startup_stm32f767xx.o(.text)
    CAN1_SCE_IRQHandler                      0x0800038b   Thumb Code     0  startup_stm32f767xx.o(.text)
    CAN1_TX_IRQHandler                       0x0800038b   Thumb Code     0  startup_stm32f767xx.o(.text)
    CAN2_RX0_IRQHandler                      0x0800038b   Thumb Code     0  startup_stm32f767xx.o(.text)
    CAN2_RX1_IRQHandler                      0x0800038b   Thumb Code     0  startup_stm32f767xx.o(.text)
    CAN2_SCE_IRQHandler                      0x0800038b   Thumb Code     0  startup_stm32f767xx.o(.text)
    CAN2_TX_IRQHandler                       0x0800038b   Thumb Code     0  startup_stm32f767xx.o(.text)
    CAN3_RX0_IRQHandler                      0x0800038b   Thumb Code     0  startup_stm32f767xx.o(.text)
    CAN3_RX1_IRQHandler                      0x0800038b   Thumb Code     0  startup_stm32f767xx.o(.text)
    CAN3_SCE_IRQHandler                      0x0800038b   Thumb Code     0  startup_stm32f767xx.o(.text)
    CAN3_TX_IRQHandler                       0x0800038b   Thumb Code     0  startup_stm32f767xx.o(.text)
    CEC_IRQHandler                           0x0800038b   Thumb Code     0  startup_stm32f767xx.o(.text)
    DCMI_IRQHandler                          0x0800038b   Thumb Code     0  startup_stm32f767xx.o(.text)
    DFSDM1_FLT0_IRQHandler                   0x0800038b   Thumb Code     0  startup_stm32f767xx.o(.text)
    DFSDM1_FLT1_IRQHandler                   0x0800038b   Thumb Code     0  startup_stm32f767xx.o(.text)
    DFSDM1_FLT2_IRQHandler                   0x0800038b   Thumb Code     0  startup_stm32f767xx.o(.text)
    DFSDM1_FLT3_IRQHandler                   0x0800038b   Thumb Code     0  startup_stm32f767xx.o(.text)
    DMA1_Stream0_IRQHandler                  0x0800038b   Thumb Code     0  startup_stm32f767xx.o(.text)
    DMA1_Stream1_IRQHandler                  0x0800038b   Thumb Code     0  startup_stm32f767xx.o(.text)
    DMA1_Stream2_IRQHandler                  0x0800038b   Thumb Code     0  startup_stm32f767xx.o(.text)
    DMA1_Stream3_IRQHandler                  0x0800038b   Thumb Code     0  startup_stm32f767xx.o(.text)
    DMA1_Stream4_IRQHandler                  0x0800038b   Thumb Code     0  startup_stm32f767xx.o(.text)
    DMA1_Stream5_IRQHandler                  0x0800038b   Thumb Code     0  startup_stm32f767xx.o(.text)
    DMA1_Stream6_IRQHandler                  0x0800038b   Thumb Code     0  startup_stm32f767xx.o(.text)
    DMA1_Stream7_IRQHandler                  0x0800038b   Thumb Code     0  startup_stm32f767xx.o(.text)
    DMA2D_IRQHandler                         0x0800038b   Thumb Code     0  startup_stm32f767xx.o(.text)
    DMA2_Stream0_IRQHandler                  0x0800038b   Thumb Code     0  startup_stm32f767xx.o(.text)
    DMA2_Stream1_IRQHandler                  0x0800038b   Thumb Code     0  startup_stm32f767xx.o(.text)
    DMA2_Stream2_IRQHandler                  0x0800038b   Thumb Code     0  startup_stm32f767xx.o(.text)
    DMA2_Stream3_IRQHandler                  0x0800038b   Thumb Code     0  startup_stm32f767xx.o(.text)
    DMA2_Stream4_IRQHandler                  0x0800038b   Thumb Code     0  startup_stm32f767xx.o(.text)
    DMA2_Stream5_IRQHandler                  0x0800038b   Thumb Code     0  startup_stm32f767xx.o(.text)
    DMA2_Stream6_IRQHandler                  0x0800038b   Thumb Code     0  startup_stm32f767xx.o(.text)
    DMA2_Stream7_IRQHandler                  0x0800038b   Thumb Code     0  startup_stm32f767xx.o(.text)
    ETH_IRQHandler                           0x0800038b   Thumb Code     0  startup_stm32f767xx.o(.text)
    ETH_WKUP_IRQHandler                      0x0800038b   Thumb Code     0  startup_stm32f767xx.o(.text)
    EXTI15_10_IRQHandler                     0x0800038b   Thumb Code     0  startup_stm32f767xx.o(.text)
    EXTI1_IRQHandler                         0x0800038b   Thumb Code     0  startup_stm32f767xx.o(.text)
    EXTI2_IRQHandler                         0x0800038b   Thumb Code     0  startup_stm32f767xx.o(.text)
    EXTI3_IRQHandler                         0x0800038b   Thumb Code     0  startup_stm32f767xx.o(.text)
    EXTI4_IRQHandler                         0x0800038b   Thumb Code     0  startup_stm32f767xx.o(.text)
    EXTI9_5_IRQHandler                       0x0800038b   Thumb Code     0  startup_stm32f767xx.o(.text)
    FLASH_IRQHandler                         0x0800038b   Thumb Code     0  startup_stm32f767xx.o(.text)
    FMC_IRQHandler                           0x0800038b   Thumb Code     0  startup_stm32f767xx.o(.text)
    FPU_IRQHandler                           0x0800038b   Thumb Code     0  startup_stm32f767xx.o(.text)
    I2C1_ER_IRQHandler                       0x0800038b   Thumb Code     0  startup_stm32f767xx.o(.text)
    I2C1_EV_IRQHandler                       0x0800038b   Thumb Code     0  startup_stm32f767xx.o(.text)
    I2C2_ER_IRQHandler                       0x0800038b   Thumb Code     0  startup_stm32f767xx.o(.text)
    I2C2_EV_IRQHandler                       0x0800038b   Thumb Code     0  startup_stm32f767xx.o(.text)
    I2C3_ER_IRQHandler                       0x0800038b   Thumb Code     0  startup_stm32f767xx.o(.text)
    I2C3_EV_IRQHandler                       0x0800038b   Thumb Code     0  startup_stm32f767xx.o(.text)
    I2C4_ER_IRQHandler                       0x0800038b   Thumb Code     0  startup_stm32f767xx.o(.text)
    I2C4_EV_IRQHandler                       0x0800038b   Thumb Code     0  startup_stm32f767xx.o(.text)
    JPEG_IRQHandler                          0x0800038b   Thumb Code     0  startup_stm32f767xx.o(.text)
    LPTIM1_IRQHandler                        0x0800038b   Thumb Code     0  startup_stm32f767xx.o(.text)
    LTDC_ER_IRQHandler                       0x0800038b   Thumb Code     0  startup_stm32f767xx.o(.text)
    LTDC_IRQHandler                          0x0800038b   Thumb Code     0  startup_stm32f767xx.o(.text)
    MDIOS_IRQHandler                         0x0800038b   Thumb Code     0  startup_stm32f767xx.o(.text)
    OTG_FS_IRQHandler                        0x0800038b   Thumb Code     0  startup_stm32f767xx.o(.text)
    OTG_FS_WKUP_IRQHandler                   0x0800038b   Thumb Code     0  startup_stm32f767xx.o(.text)
    OTG_HS_EP1_IN_IRQHandler                 0x0800038b   Thumb Code     0  startup_stm32f767xx.o(.text)
    OTG_HS_EP1_OUT_IRQHandler                0x0800038b   Thumb Code     0  startup_stm32f767xx.o(.text)
    OTG_HS_IRQHandler                        0x0800038b   Thumb Code     0  startup_stm32f767xx.o(.text)
    OTG_HS_WKUP_IRQHandler                   0x0800038b   Thumb Code     0  startup_stm32f767xx.o(.text)
    PVD_IRQHandler                           0x0800038b   Thumb Code     0  startup_stm32f767xx.o(.text)
    QUADSPI_IRQHandler                       0x0800038b   Thumb Code     0  startup_stm32f767xx.o(.text)
    RCC_IRQHandler                           0x0800038b   Thumb Code     0  startup_stm32f767xx.o(.text)
    RNG_IRQHandler                           0x0800038b   Thumb Code     0  startup_stm32f767xx.o(.text)
    RTC_Alarm_IRQHandler                     0x0800038b   Thumb Code     0  startup_stm32f767xx.o(.text)
    RTC_WKUP_IRQHandler                      0x0800038b   Thumb Code     0  startup_stm32f767xx.o(.text)
    SAI1_IRQHandler                          0x0800038b   Thumb Code     0  startup_stm32f767xx.o(.text)
    SAI2_IRQHandler                          0x0800038b   Thumb Code     0  startup_stm32f767xx.o(.text)
    SDMMC1_IRQHandler                        0x0800038b   Thumb Code     0  startup_stm32f767xx.o(.text)
    SDMMC2_IRQHandler                        0x0800038b   Thumb Code     0  startup_stm32f767xx.o(.text)
    SPDIF_RX_IRQHandler                      0x0800038b   Thumb Code     0  startup_stm32f767xx.o(.text)
    SPI1_IRQHandler                          0x0800038b   Thumb Code     0  startup_stm32f767xx.o(.text)
    SPI2_IRQHandler                          0x0800038b   Thumb Code     0  startup_stm32f767xx.o(.text)
    SPI3_IRQHandler                          0x0800038b   Thumb Code     0  startup_stm32f767xx.o(.text)
    SPI4_IRQHandler                          0x0800038b   Thumb Code     0  startup_stm32f767xx.o(.text)
    SPI5_IRQHandler                          0x0800038b   Thumb Code     0  startup_stm32f767xx.o(.text)
    SPI6_IRQHandler                          0x0800038b   Thumb Code     0  startup_stm32f767xx.o(.text)
    TAMP_STAMP_IRQHandler                    0x0800038b   Thumb Code     0  startup_stm32f767xx.o(.text)
    TIM1_BRK_TIM9_IRQHandler                 0x0800038b   Thumb Code     0  startup_stm32f767xx.o(.text)
    TIM1_CC_IRQHandler                       0x0800038b   Thumb Code     0  startup_stm32f767xx.o(.text)
    TIM1_TRG_COM_TIM11_IRQHandler            0x0800038b   Thumb Code     0  startup_stm32f767xx.o(.text)
    TIM1_UP_TIM10_IRQHandler                 0x0800038b   Thumb Code     0  startup_stm32f767xx.o(.text)
    TIM2_IRQHandler                          0x0800038b   Thumb Code     0  startup_stm32f767xx.o(.text)
    TIM4_IRQHandler                          0x0800038b   Thumb Code     0  startup_stm32f767xx.o(.text)
    TIM5_IRQHandler                          0x0800038b   Thumb Code     0  startup_stm32f767xx.o(.text)
    TIM6_DAC_IRQHandler                      0x0800038b   Thumb Code     0  startup_stm32f767xx.o(.text)
    TIM7_IRQHandler                          0x0800038b   Thumb Code     0  startup_stm32f767xx.o(.text)
    TIM8_BRK_TIM12_IRQHandler                0x0800038b   Thumb Code     0  startup_stm32f767xx.o(.text)
    TIM8_CC_IRQHandler                       0x0800038b   Thumb Code     0  startup_stm32f767xx.o(.text)
    TIM8_TRG_COM_TIM14_IRQHandler            0x0800038b   Thumb Code     0  startup_stm32f767xx.o(.text)
    TIM8_UP_TIM13_IRQHandler                 0x0800038b   Thumb Code     0  startup_stm32f767xx.o(.text)
    UART5_IRQHandler                         0x0800038b   Thumb Code     0  startup_stm32f767xx.o(.text)
    UART7_IRQHandler                         0x0800038b   Thumb Code     0  startup_stm32f767xx.o(.text)
    UART8_IRQHandler                         0x0800038b   Thumb Code     0  startup_stm32f767xx.o(.text)
    USART1_IRQHandler                        0x0800038b   Thumb Code     0  startup_stm32f767xx.o(.text)
    USART2_IRQHandler                        0x0800038b   Thumb Code     0  startup_stm32f767xx.o(.text)
    USART6_IRQHandler                        0x0800038b   Thumb Code     0  startup_stm32f767xx.o(.text)
    WWDG_IRQHandler                          0x0800038b   Thumb Code     0  startup_stm32f767xx.o(.text)
    __user_initial_stackheap                 0x0800038d   Thumb Code     0  startup_stm32f767xx.o(.text)
    sprintf                                  0x080003b1   Thumb Code    38  sprintf.o(.text)
    strcpy                                   0x080003dd   Thumb Code    72  strcpy.o(.text)
    strlen                                   0x08000425   Thumb Code    62  strlen.o(.text)
    __use_two_region_memory                  0x08000463   Thumb Code     2  heapauxi.o(.text)
    __rt_heap_escrow$2region                 0x08000465   Thumb Code     2  heapauxi.o(.text)
    __rt_heap_expand$2region                 0x08000467   Thumb Code     2  heapauxi.o(.text)
    _printf_pre_padding                      0x08000469   Thumb Code    44  _printf_pad.o(.text)
    _printf_post_padding                     0x08000495   Thumb Code    34  _printf_pad.o(.text)
    _printf_truncate_signed                  0x080004b7   Thumb Code    18  _printf_truncate.o(.text)
    _printf_truncate_unsigned                0x080004c9   Thumb Code    18  _printf_truncate.o(.text)
    _printf_str                              0x080004db   Thumb Code    82  _printf_str.o(.text)
    _printf_int_dec                          0x0800052d   Thumb Code   104  _printf_dec.o(.text)
    _printf_charcount                        0x080005a5   Thumb Code    40  _printf_charcount.o(.text)
    _printf_char_common                      0x080005d7   Thumb Code    32  _printf_char_common.o(.text)
    _sputc                                   0x080005fd   Thumb Code    10  _sputc.o(.text)
    _printf_wctomb                           0x08000609   Thumb Code   182  _printf_wctomb.o(.text)
    _printf_longlong_dec                     0x080006c5   Thumb Code   108  _printf_longlong_dec.o(.text)
    _printf_longlong_oct                     0x08000741   Thumb Code    68  _printf_oct_int_ll.o(.text)
    _printf_int_oct                          0x08000785   Thumb Code    24  _printf_oct_int_ll.o(.text)
    _printf_ll_oct                           0x0800079d   Thumb Code    12  _printf_oct_int_ll.o(.text)
    _printf_longlong_hex                     0x080007b1   Thumb Code    86  _printf_hex_int_ll_ptr.o(.text)
    _printf_int_hex                          0x08000807   Thumb Code    28  _printf_hex_int_ll_ptr.o(.text)
    _printf_ll_hex                           0x08000823   Thumb Code    12  _printf_hex_int_ll_ptr.o(.text)
    _printf_hex_ptr                          0x0800082f   Thumb Code    18  _printf_hex_int_ll_ptr.o(.text)
    __printf                                 0x08000845   Thumb Code   388  __printf_flags_ss_wp.o(.text)
    _ll_udiv10                               0x080009cd   Thumb Code   138  lludiv10.o(.text)
    _printf_int_common                       0x08000a57   Thumb Code   178  _printf_intcommon.o(.text)
    _printf_fp_dec_real                      0x08000cb9   Thumb Code   620  _printf_fp_dec.o(.text)
    _printf_fp_hex_real                      0x08000f25   Thumb Code   756  _printf_fp_hex.o(.text)
    _printf_cs_common                        0x08001221   Thumb Code    20  _printf_char.o(.text)
    _printf_char                             0x08001235   Thumb Code    16  _printf_char.o(.text)
    _printf_string                           0x08001245   Thumb Code     8  _printf_char.o(.text)
    _printf_lcs_common                       0x0800124d   Thumb Code    20  _printf_wchar.o(.text)
    _printf_wchar                            0x08001261   Thumb Code    16  _printf_wchar.o(.text)
    _printf_wstring                          0x08001271   Thumb Code     8  _printf_wchar.o(.text)
    _c16rtomb                                0x08001279   Thumb Code    72  _c16rtomb.o(.text)
    _wcrtomb                                 0x08001279   Thumb Code     0  _c16rtomb.o(.text)
    __user_setup_stackheap                   0x080012c1   Thumb Code    74  sys_stackheap_outer.o(.text)
    __rt_ctype_table                         0x0800130d   Thumb Code    16  rt_ctype_table.o(.text)
    __rt_locale                              0x0800131d   Thumb Code     8  rt_locale_intlibspace.o(.text)
    _printf_fp_infnan                        0x08001325   Thumb Code   112  _printf_fp_infnan.o(.text)
    _btod_etento                             0x080013a5   Thumb Code   224  bigflt0.o(.text)
    exit                                     0x08001489   Thumb Code    18  exit.o(.text)
    __user_libspace                          0x0800149d   Thumb Code     8  libspace.o(.text)
    __user_perproc_libspace                  0x0800149d   Thumb Code     0  libspace.o(.text)
    __user_perthread_libspace                0x0800149d   Thumb Code     0  libspace.o(.text)
    strcmp                                   0x080014a9   Thumb Code   124  strcmpv7m_pel.o(.text)
    _sys_exit                                0x08001525   Thumb Code     8  sys_exit.o(.text)
    __I$use$semihosting                      0x08001531   Thumb Code     0  use_no_semi.o(.text)
    __use_no_semihosting_swi                 0x08001531   Thumb Code     2  use_no_semi.o(.text)
    __semihosting_library_function           0x08001533   Thumb Code     0  indicate_semi.o(.text)
    EXTI0_IRQHandler                         0x08001539   Thumb Code   170  main.o(.text.EXTI0_IRQHandler)
    SystemInit                               0x080015e9   Thumb Code    18  system_stm32f7xx.o(.text.SystemInit)
    TIM3_IRQHandler                          0x08001601   Thumb Code   152  main.o(.text.TIM3_IRQHandler)
    UART4_IRQHandler                         0x08001699   Thumb Code   198  main.o(.text.UART4_IRQHandler)
    USART3_IRQHandler                        0x08001761   Thumb Code   248  main.o(.text.USART3_IRQHandler)
    SysTick_ms(unsigned int)                 0x08001859   Thumb Code    44  main.o(.text._Z10SysTick_msj)
    settingsLCD(unsigned char)               0x08001889   Thumb Code    50  main.o(.text._Z11settingsLCDh)
    SysTick_Wait(unsigned int)               0x080018c1   Thumb Code    62  main.o(.text._Z12SysTick_Waitj)
    detenerMotor()                           0x08001901   Thumb Code    26  main.o(.text._Z12detenerMotorv)
    girarDerecha()                           0x08001921   Thumb Code    34  main.o(.text._Z12girarDerechav)
    setCursorLCD(unsigned char, unsigned char) 0x08001949   Thumb Code    76  main.o(.text._Z12setCursorLCDhh)
    conversionADC()                          0x08001999   Thumb Code   272  main.o(.text._Z13conversionADCv)
    girarIzquierda()                         0x08001ab1   Thumb Code    34  main.o(.text._Z14girarIzquierdav)
    configurarMotor()                        0x08001ad9   Thumb Code    82  main.o(.text._Z15configurarMotorv)
    moverMotoresAtras()                      0x08001b31   Thumb Code    42  main.o(.text._Z17moverMotoresAtrasv)
    configurarSensorPA0()                    0x08001b61   Thumb Code   238  main.o(.text._Z19configurarSensorPA0v)
    actualizarMensajeLCD(char*)              0x08001c51   Thumb Code    52  main.o(.text._Z20actualizarMensajeLCDPc)
    moverMotoresAdelante()                   0x08001c89   Thumb Code    42  main.o(.text._Z20moverMotoresAdelantev)
    actualizarMensaje2LCD(char*)             0x08001cb9   Thumb Code    54  main.o(.text._Z21actualizarMensaje2LCDPc)
    configuracionADCcny70()                  0x08001cf1   Thumb Code   116  main.o(.text._Z21configuracionADCcny70v)
    configuracionTimerCronometro()           0x08001d69   Thumb Code    84  main.o(.text._Z28configuracionTimerCronometrov)
    configurarUART4BluetoothHc50()           0x08001dc1   Thumb Code   136  main.o(.text._Z28configurarUART4BluetoothHc50v)
    actualizarMensajeLCDEnColumna(char*)     0x08001e49   Thumb Code    60  main.o(.text._Z29actualizarMensajeLCDEnColumnaPc)
    actualizarMensajeLCDmovimiento(char*)    0x08001e89   Thumb Code    60  main.o(.text._Z30actualizarMensajeLCDmovimientoPc)
    configuracionUART3comunicacionPc()       0x08001ec9   Thumb Code   128  main.o(.text._Z32configuracionUART3comunicacionPcv)
    LCD(unsigned char)                       0x08001f49   Thumb Code    86  main.o(.text._Z3LCDh)
    settings()                               0x08001fa1   Thumb Code   204  main.o(.text._Z8settingsv)
    writeLCD(unsigned char)                  0x08002071   Thumb Code    50  main.o(.text._Z8writeLCDh)
    main                                     0x080020d9   Thumb Code   844  main.o(.text.main)
    _btod_d2e                                0x08002425   Thumb Code    62  btod.o(CL$$btod_d2e)
    _d2e_denorm_low                          0x08002463   Thumb Code    70  btod.o(CL$$btod_d2e_denorm_low)
    _d2e_norm_op1                            0x080024a9   Thumb Code    96  btod.o(CL$$btod_d2e_norm_op1)
    __btod_div_common                        0x08002509   Thumb Code   696  btod.o(CL$$btod_div_common)
    _e2e                                     0x08002841   Thumb Code   220  btod.o(CL$$btod_e2e)
    _btod_ediv                               0x0800291d   Thumb Code    42  btod.o(CL$$btod_ediv)
    _btod_emul                               0x08002947   Thumb Code    42  btod.o(CL$$btod_emul)
    __btod_mult_common                       0x08002971   Thumb Code   580  btod.o(CL$$btod_mult_common)
    __ARM_fpclassify                         0x08002bb5   Thumb Code    48  fpclassify.o(i.__ARM_fpclassify)
    _is_digit                                0x08002be5   Thumb Code    14  __printf_wp.o(i._is_digit)
    _get_lc_numeric                          0x08002bf5   Thumb Code    44  lc_numeric_c.o(locale$$code)
    _get_lc_ctype                            0x08002c21   Thumb Code    44  lc_ctype_c.o(locale$$code)
    _fp_init                                 0x08002c4d   Thumb Code    26  fpinit.o(x$fpl$fpinit)
    __fplib_config_fpu_vfp                   0x08002c65   Thumb Code     0  fpinit.o(x$fpl$fpinit)
    __fplib_config_pureend_doubles           0x08002c65   Thumb Code     0  fpinit.o(x$fpl$fpinit)
    _printf_fp_dec                           0x08002c67   Thumb Code     4  printf1.o(x$fpl$printf1)
    _printf_fp_hex                           0x08002c6b   Thumb Code     4  printf2.o(x$fpl$printf2)
    __I$use$fp                               0x08002c6e   Number         0  usenofp.o(x$fpl$usenofp)
    Region$$Table$$Base                      0x08002dc0   Number         0  anon$$obj.o(Region$$Table)
    Region$$Table$$Limit                     0x08002de0   Number         0  anon$$obj.o(Region$$Table)
    __ctype                                  0x08002e09   Data           0  lc_ctype_c.o(locale$$data)
    estado_deteccion                         0x20020000   Data          12  main.o(.data.estado_deteccion)
    estado_plataforma                        0x2002000c   Data           6  main.o(.data.estado_plataforma)
    __libspace_start                         0x20020018   Data          96  libspace.o(.bss)
    __temporary_stack_top$libspace           0x20020078   Data           0  libspace.o(.bss)
    alertCNYGui                              0x20020078   Data           4  main.o(.bss.alertCNYGui)
    alertaInfrarojoGui                       0x2002007c   Data           4  main.o(.bss.alertaInfrarojoGui)
    cont                                     0x20020080   Data           1  main.o(.bss.cont)
    cronometro_iniciado                      0x20020081   Data           1  main.o(.bss.cronometro_iniciado)
    d                                        0x20020082   Data           1  main.o(.bss.d)
    digital                                  0x20020084   Data           2  main.o(.bss.digital)
    flag_cronometro                          0x20020086   Data           1  main.o(.bss.flag_cronometro)
    flag_deteccion                           0x20020087   Data           1  main.o(.bss.flag_deteccion)
    minutos                                  0x20020088   Data           4  main.o(.bss.minutos)
    movimiento                               0x2002008c   Data           4  main.o(.bss.movimiento)
    segundos                                 0x20020090   Data           4  main.o(.bss.segundos)
    text                                     0x20020094   Data          16  main.o(.bss.text)
    voltaje                                  0x200200a4   Data           4  main.o(.bss.voltaje)



==============================================================================

Memory Map of the image

  Image Entry point : 0x08000371

  Load Region LR_1 (Base: 0x08000000, Size: 0x00002f20, Max: 0xffffffff, ABSOLUTE)

    Execution Region ER_RO (Exec base: 0x08000000, Load base: 0x08000000, Size: 0x00002f0c, Max: 0xffffffff, ABSOLUTE)

    Exec Addr    Load Addr    Size         Type   Attr      Idx    E Section Name        Object

    0x08000000   0x08000000   0x000001f8   Data   RO           90    RESET               startup_stm32f767xx.o
    0x080001f8   0x080001f8   0x00000008   Code   RO          121  * !!!main             c_w.l(__main.o)
    0x08000200   0x08000200   0x0000005c   Code   RO          458    !!!scatter          c_w.l(__scatter.o)
    0x0800025c   0x0800025c   0x0000001a   Code   RO          462    !!handler_copy      c_w.l(__scatter_copy.o)
    0x08000276   0x08000276   0x00000002   PAD
    0x08000278   0x08000278   0x00000002   Code   RO          459    !!handler_null      c_w.l(__scatter.o)
    0x0800027a   0x0800027a   0x00000002   PAD
    0x0800027c   0x0800027c   0x0000001c   Code   RO          464    !!handler_zi        c_w.l(__scatter_zi.o)
    0x08000298   0x08000298   0x00000000   Code   RO          205    .ARM.Collect$$_printf_percent$$00000000  c_w.l(_printf_percent.o)
    0x08000298   0x08000298   0x00000006   Code   RO          194    .ARM.Collect$$_printf_percent$$00000001  c_w.l(_printf_n.o)
    0x0800029e   0x0800029e   0x00000006   Code   RO          196    .ARM.Collect$$_printf_percent$$00000002  c_w.l(_printf_p.o)
    0x080002a4   0x080002a4   0x00000006   Code   RO          201    .ARM.Collect$$_printf_percent$$00000003  c_w.l(_printf_f.o)
    0x080002aa   0x080002aa   0x00000006   Code   RO          202    .ARM.Collect$$_printf_percent$$00000004  c_w.l(_printf_e.o)
    0x080002b0   0x080002b0   0x00000006   Code   RO          203    .ARM.Collect$$_printf_percent$$00000005  c_w.l(_printf_g.o)
    0x080002b6   0x080002b6   0x00000006   Code   RO          204    .ARM.Collect$$_printf_percent$$00000006  c_w.l(_printf_a.o)
    0x080002bc   0x080002bc   0x0000000a   Code   RO          209    .ARM.Collect$$_printf_percent$$00000007  c_w.l(_printf_ll.o)
    0x080002c6   0x080002c6   0x00000006   Code   RO          198    .ARM.Collect$$_printf_percent$$00000008  c_w.l(_printf_i.o)
    0x080002cc   0x080002cc   0x00000006   Code   RO          199    .ARM.Collect$$_printf_percent$$00000009  c_w.l(_printf_d.o)
    0x080002d2   0x080002d2   0x00000006   Code   RO          200    .ARM.Collect$$_printf_percent$$0000000A  c_w.l(_printf_u.o)
    0x080002d8   0x080002d8   0x00000006   Code   RO          197    .ARM.Collect$$_printf_percent$$0000000B  c_w.l(_printf_o.o)
    0x080002de   0x080002de   0x00000006   Code   RO          195    .ARM.Collect$$_printf_percent$$0000000C  c_w.l(_printf_x.o)
    0x080002e4   0x080002e4   0x00000006   Code   RO          206    .ARM.Collect$$_printf_percent$$0000000D  c_w.l(_printf_lli.o)
    0x080002ea   0x080002ea   0x00000006   Code   RO          207    .ARM.Collect$$_printf_percent$$0000000E  c_w.l(_printf_lld.o)
    0x080002f0   0x080002f0   0x00000006   Code   RO          208    .ARM.Collect$$_printf_percent$$0000000F  c_w.l(_printf_llu.o)
    0x080002f6   0x080002f6   0x00000006   Code   RO          213    .ARM.Collect$$_printf_percent$$00000010  c_w.l(_printf_llo.o)
    0x080002fc   0x080002fc   0x00000006   Code   RO          214    .ARM.Collect$$_printf_percent$$00000011  c_w.l(_printf_llx.o)
    0x08000302   0x08000302   0x0000000a   Code   RO          210    .ARM.Collect$$_printf_percent$$00000012  c_w.l(_printf_l.o)
    0x0800030c   0x0800030c   0x00000006   Code   RO          192    .ARM.Collect$$_printf_percent$$00000013  c_w.l(_printf_c.o)
    0x08000312   0x08000312   0x00000006   Code   RO          193    .ARM.Collect$$_printf_percent$$00000014  c_w.l(_printf_s.o)
    0x08000318   0x08000318   0x00000006   Code   RO          211    .ARM.Collect$$_printf_percent$$00000015  c_w.l(_printf_lc.o)
    0x0800031e   0x0800031e   0x00000006   Code   RO          212    .ARM.Collect$$_printf_percent$$00000016  c_w.l(_printf_ls.o)
    0x08000324   0x08000324   0x00000004   Code   RO          255    .ARM.Collect$$_printf_percent$$00000017  c_w.l(_printf_percent_end.o)
    0x08000328   0x08000328   0x00000002   Code   RO          306    .ARM.Collect$$libinit$$00000000  c_w.l(libinit.o)
    0x0800032a   0x0800032a   0x00000004   Code   RO          324    .ARM.Collect$$libinit$$00000001  c_w.l(libinit2.o)
    0x0800032e   0x0800032e   0x00000000   Code   RO          327    .ARM.Collect$$libinit$$00000004  c_w.l(libinit2.o)
    0x0800032e   0x0800032e   0x00000000   Code   RO          329    .ARM.Collect$$libinit$$00000006  c_w.l(libinit2.o)
    0x0800032e   0x0800032e   0x00000000   Code   RO          332    .ARM.Collect$$libinit$$0000000C  c_w.l(libinit2.o)
    0x0800032e   0x0800032e   0x00000000   Code   RO          334    .ARM.Collect$$libinit$$0000000E  c_w.l(libinit2.o)
    0x0800032e   0x0800032e   0x00000000   Code   RO          336    .ARM.Collect$$libinit$$00000010  c_w.l(libinit2.o)
    0x0800032e   0x0800032e   0x00000006   Code   RO          337    .ARM.Collect$$libinit$$00000011  c_w.l(libinit2.o)
    0x08000334   0x08000334   0x00000000   Code   RO          339    .ARM.Collect$$libinit$$00000013  c_w.l(libinit2.o)
    0x08000334   0x08000334   0x0000000c   Code   RO          340    .ARM.Collect$$libinit$$00000014  c_w.l(libinit2.o)
    0x08000340   0x08000340   0x00000000   Code   RO          341    .ARM.Collect$$libinit$$00000015  c_w.l(libinit2.o)
    0x08000340   0x08000340   0x00000000   Code   RO          343    .ARM.Collect$$libinit$$00000017  c_w.l(libinit2.o)
    0x08000340   0x08000340   0x0000000a   Code   RO          344    .ARM.Collect$$libinit$$00000018  c_w.l(libinit2.o)
    0x0800034a   0x0800034a   0x00000000   Code   RO          345    .ARM.Collect$$libinit$$00000019  c_w.l(libinit2.o)
    0x0800034a   0x0800034a   0x00000000   Code   RO          347    .ARM.Collect$$libinit$$0000001B  c_w.l(libinit2.o)
    0x0800034a   0x0800034a   0x00000000   Code   RO          349    .ARM.Collect$$libinit$$0000001D  c_w.l(libinit2.o)
    0x0800034a   0x0800034a   0x00000000   Code   RO          351    .ARM.Collect$$libinit$$0000001F  c_w.l(libinit2.o)
    0x0800034a   0x0800034a   0x00000000   Code   RO          353    .ARM.Collect$$libinit$$00000021  c_w.l(libinit2.o)
    0x0800034a   0x0800034a   0x00000000   Code   RO          355    .ARM.Collect$$libinit$$00000023  c_w.l(libinit2.o)
    0x0800034a   0x0800034a   0x00000000   Code   RO          357    .ARM.Collect$$libinit$$00000025  c_w.l(libinit2.o)
    0x0800034a   0x0800034a   0x00000000   Code   RO          359    .ARM.Collect$$libinit$$00000027  c_w.l(libinit2.o)
    0x0800034a   0x0800034a   0x00000000   Code   RO          363    .ARM.Collect$$libinit$$0000002E  c_w.l(libinit2.o)
    0x0800034a   0x0800034a   0x00000000   Code   RO          365    .ARM.Collect$$libinit$$00000030  c_w.l(libinit2.o)
    0x0800034a   0x0800034a   0x00000000   Code   RO          367    .ARM.Collect$$libinit$$00000032  c_w.l(libinit2.o)
    0x0800034a   0x0800034a   0x00000000   Code   RO          369    .ARM.Collect$$libinit$$00000034  c_w.l(libinit2.o)
    0x0800034a   0x0800034a   0x00000002   Code   RO          370    .ARM.Collect$$libinit$$00000035  c_w.l(libinit2.o)
    0x0800034c   0x0800034c   0x00000002   Code   RO          394    .ARM.Collect$$libshutdown$$00000000  c_w.l(libshutdown.o)
    0x0800034e   0x0800034e   0x00000000   Code   RO          409    .ARM.Collect$$libshutdown$$00000002  c_w.l(libshutdown2.o)
    0x0800034e   0x0800034e   0x00000000   Code   RO          411    .ARM.Collect$$libshutdown$$00000004  c_w.l(libshutdown2.o)
    0x0800034e   0x0800034e   0x00000000   Code   RO          414    .ARM.Collect$$libshutdown$$00000007  c_w.l(libshutdown2.o)
    0x0800034e   0x0800034e   0x00000000   Code   RO          417    .ARM.Collect$$libshutdown$$0000000A  c_w.l(libshutdown2.o)
    0x0800034e   0x0800034e   0x00000000   Code   RO          419    .ARM.Collect$$libshutdown$$0000000C  c_w.l(libshutdown2.o)
    0x0800034e   0x0800034e   0x00000000   Code   RO          422    .ARM.Collect$$libshutdown$$0000000F  c_w.l(libshutdown2.o)
    0x0800034e   0x0800034e   0x00000002   Code   RO          423    .ARM.Collect$$libshutdown$$00000010  c_w.l(libshutdown2.o)
    0x08000350   0x08000350   0x00000000   Code   RO          123    .ARM.Collect$$rtentry$$00000000  c_w.l(__rtentry.o)
    0x08000350   0x08000350   0x00000000   Code   RO          224    .ARM.Collect$$rtentry$$00000002  c_w.l(__rtentry2.o)
    0x08000350   0x08000350   0x00000006   Code   RO          236    .ARM.Collect$$rtentry$$00000004  c_w.l(__rtentry4.o)
    0x08000356   0x08000356   0x00000000   Code   RO          226    .ARM.Collect$$rtentry$$00000009  c_w.l(__rtentry2.o)
    0x08000356   0x08000356   0x00000004   Code   RO          227    .ARM.Collect$$rtentry$$0000000A  c_w.l(__rtentry2.o)
    0x0800035a   0x0800035a   0x00000000   Code   RO          229    .ARM.Collect$$rtentry$$0000000C  c_w.l(__rtentry2.o)
    0x0800035a   0x0800035a   0x00000008   Code   RO          230    .ARM.Collect$$rtentry$$0000000D  c_w.l(__rtentry2.o)
    0x08000362   0x08000362   0x00000002   Code   RO          315    .ARM.Collect$$rtexit$$00000000  c_w.l(rtexit.o)
    0x08000364   0x08000364   0x00000000   Code   RO          372    .ARM.Collect$$rtexit$$00000002  c_w.l(rtexit2.o)
    0x08000364   0x08000364   0x00000004   Code   RO          373    .ARM.Collect$$rtexit$$00000003  c_w.l(rtexit2.o)
    0x08000368   0x08000368   0x00000006   Code   RO          374    .ARM.Collect$$rtexit$$00000004  c_w.l(rtexit2.o)
    0x0800036e   0x0800036e   0x00000002   PAD
    0x08000370   0x08000370   0x00000040   Code   RO           91  * .text               startup_stm32f767xx.o
    0x080003b0   0x080003b0   0x0000002c   Code   RO          113    .text               c_w.l(sprintf.o)
    0x080003dc   0x080003dc   0x00000048   Code   RO          115    .text               c_w.l(strcpy.o)
    0x08000424   0x08000424   0x0000003e   Code   RO          117    .text               c_w.l(strlen.o)
    0x08000462   0x08000462   0x00000006   Code   RO          119    .text               c_w.l(heapauxi.o)
    0x08000468   0x08000468   0x0000004e   Code   RO          126    .text               c_w.l(_printf_pad.o)
    0x080004b6   0x080004b6   0x00000024   Code   RO          128    .text               c_w.l(_printf_truncate.o)
    0x080004da   0x080004da   0x00000052   Code   RO          130    .text               c_w.l(_printf_str.o)
    0x0800052c   0x0800052c   0x00000078   Code   RO          132    .text               c_w.l(_printf_dec.o)
    0x080005a4   0x080005a4   0x00000028   Code   RO          134    .text               c_w.l(_printf_charcount.o)
    0x080005cc   0x080005cc   0x00000030   Code   RO          136    .text               c_w.l(_printf_char_common.o)
    0x080005fc   0x080005fc   0x0000000a   Code   RO          138    .text               c_w.l(_sputc.o)
    0x08000606   0x08000606   0x00000002   PAD
    0x08000608   0x08000608   0x000000bc   Code   RO          140    .text               c_w.l(_printf_wctomb.o)
    0x080006c4   0x080006c4   0x0000007c   Code   RO          143    .text               c_w.l(_printf_longlong_dec.o)
    0x08000740   0x08000740   0x00000070   Code   RO          149    .text               c_w.l(_printf_oct_int_ll.o)
    0x080007b0   0x080007b0   0x00000094   Code   RO          169    .text               c_w.l(_printf_hex_int_ll_ptr.o)
    0x08000844   0x08000844   0x00000188   Code   RO          189    .text               c_w.l(__printf_flags_ss_wp.o)
    0x080009cc   0x080009cc   0x0000008a   Code   RO          238    .text               c_w.l(lludiv10.o)
    0x08000a56   0x08000a56   0x000000b2   Code   RO          240    .text               c_w.l(_printf_intcommon.o)
    0x08000b08   0x08000b08   0x0000041c   Code   RO          242    .text               c_w.l(_printf_fp_dec.o)
    0x08000f24   0x08000f24   0x000002fc   Code   RO          246    .text               c_w.l(_printf_fp_hex.o)
    0x08001220   0x08001220   0x0000002c   Code   RO          251    .text               c_w.l(_printf_char.o)
    0x0800124c   0x0800124c   0x0000002c   Code   RO          253    .text               c_w.l(_printf_wchar.o)
    0x08001278   0x08001278   0x00000048   Code   RO          256    .text               c_w.l(_c16rtomb.o)
    0x080012c0   0x080012c0   0x0000004a   Code   RO          258    .text               c_w.l(sys_stackheap_outer.o)
    0x0800130a   0x0800130a   0x00000002   PAD
    0x0800130c   0x0800130c   0x00000010   Code   RO          260    .text               c_w.l(rt_ctype_table.o)
    0x0800131c   0x0800131c   0x00000008   Code   RO          265    .text               c_w.l(rt_locale_intlibspace.o)
    0x08001324   0x08001324   0x00000080   Code   RO          267    .text               c_w.l(_printf_fp_infnan.o)
    0x080013a4   0x080013a4   0x000000e4   Code   RO          269    .text               c_w.l(bigflt0.o)
    0x08001488   0x08001488   0x00000012   Code   RO          299    .text               c_w.l(exit.o)
    0x0800149a   0x0800149a   0x00000002   PAD
    0x0800149c   0x0800149c   0x00000008   Code   RO          312    .text               c_w.l(libspace.o)
    0x080014a4   0x080014a4   0x00000004   PAD
    0x080014a8   0x080014a8   0x0000007c   Code   RO          322    .text               c_w.l(strcmpv7m_pel.o)
    0x08001524   0x08001524   0x0000000c   Code   RO          384    .text               c_w.l(sys_exit.o)
    0x08001530   0x08001530   0x00000002   Code   RO          399    .text               c_w.l(use_no_semi.o)
    0x08001532   0x08001532   0x00000000   Code   RO          401    .text               c_w.l(indicate_semi.o)
    0x08001532   0x08001532   0x00000006   PAD
    0x08001538   0x08001538   0x000000aa   Code   RO           54    .text.EXTI0_IRQHandler  main.o
    0x080015e2   0x080015e2   0x00000006   PAD
    0x080015e8   0x080015e8   0x00000012   Code   RO           98    .text.SystemInit    system_stm32f7xx.o
    0x080015fa   0x080015fa   0x00000006   PAD
    0x08001600   0x08001600   0x00000098   Code   RO           58    .text.TIM3_IRQHandler  main.o
    0x08001698   0x08001698   0x000000c6   Code   RO           60    .text.UART4_IRQHandler  main.o
    0x0800175e   0x0800175e   0x00000002   PAD
    0x08001760   0x08001760   0x000000f8   Code   RO           56    .text.USART3_IRQHandler  main.o
    0x08001858   0x08001858   0x0000002c   Code   RO            4    .text._Z10SysTick_msj  main.o
    0x08001884   0x08001884   0x00000004   PAD
    0x08001888   0x08001888   0x00000032   Code   RO            8    .text._Z11settingsLCDh  main.o
    0x080018ba   0x080018ba   0x00000006   PAD
    0x080018c0   0x080018c0   0x0000003e   Code   RO            2    .text._Z12SysTick_Waitj  main.o
    0x080018fe   0x080018fe   0x00000002   PAD
    0x08001900   0x08001900   0x0000001a   Code   RO           38    .text._Z12detenerMotorv  main.o
    0x0800191a   0x0800191a   0x00000006   PAD
    0x08001920   0x08001920   0x00000022   Code   RO           36    .text._Z12girarDerechav  main.o
    0x08001942   0x08001942   0x00000006   PAD
    0x08001948   0x08001948   0x0000004c   Code   RO           16    .text._Z12setCursorLCDhh  main.o
    0x08001994   0x08001994   0x00000004   PAD
    0x08001998   0x08001998   0x00000118   Code   RO           50    .text._Z13conversionADCv  main.o
    0x08001ab0   0x08001ab0   0x00000022   Code   RO           34    .text._Z14girarIzquierdav  main.o
    0x08001ad2   0x08001ad2   0x00000006   PAD
    0x08001ad8   0x08001ad8   0x00000052   Code   RO           28    .text._Z15configurarMotorv  main.o
    0x08001b2a   0x08001b2a   0x00000006   PAD
    0x08001b30   0x08001b30   0x0000002a   Code   RO           32    .text._Z17moverMotoresAtrasv  main.o
    0x08001b5a   0x08001b5a   0x00000006   PAD
    0x08001b60   0x08001b60   0x000000ee   Code   RO           40    .text._Z19configurarSensorPA0v  main.o
    0x08001c4e   0x08001c4e   0x00000002   PAD
    0x08001c50   0x08001c50   0x00000034   Code   RO           18    .text._Z20actualizarMensajeLCDPc  main.o
    0x08001c84   0x08001c84   0x00000004   PAD
    0x08001c88   0x08001c88   0x0000002a   Code   RO           30    .text._Z20moverMotoresAdelantev  main.o
    0x08001cb2   0x08001cb2   0x00000006   PAD
    0x08001cb8   0x08001cb8   0x00000036   Code   RO           20    .text._Z21actualizarMensaje2LCDPc  main.o
    0x08001cee   0x08001cee   0x00000002   PAD
    0x08001cf0   0x08001cf0   0x00000074   Code   RO           48    .text._Z21configuracionADCcny70v  main.o
    0x08001d64   0x08001d64   0x00000004   PAD
    0x08001d68   0x08001d68   0x00000054   Code   RO           46    .text._Z28configuracionTimerCronometrov  main.o
    0x08001dbc   0x08001dbc   0x00000004   PAD
    0x08001dc0   0x08001dc0   0x00000088   Code   RO           52    .text._Z28configurarUART4BluetoothHc50v  main.o
    0x08001e48   0x08001e48   0x0000003c   Code   RO           22    .text._Z29actualizarMensajeLCDEnColumnaPc  main.o
    0x08001e84   0x08001e84   0x00000004   PAD
    0x08001e88   0x08001e88   0x0000003c   Code   RO           24    .text._Z30actualizarMensajeLCDmovimientoPc  main.o
    0x08001ec4   0x08001ec4   0x00000004   PAD
    0x08001ec8   0x08001ec8   0x00000080   Code   RO           44    .text._Z32configuracionUART3comunicacionPcv  main.o
    0x08001f48   0x08001f48   0x00000056   Code   RO            6    .text._Z3LCDh       main.o
    0x08001f9e   0x08001f9e   0x00000002   PAD
    0x08001fa0   0x08001fa0   0x000000cc   Code   RO           26    .text._Z8settingsv  main.o
    0x0800206c   0x0800206c   0x00000004   PAD
    0x08002070   0x08002070   0x00000032   Code   RO           10    .text._Z8writeLCDh  main.o
    0x080020a2   0x080020a2   0x00000006   PAD
    0x080020a8   0x080020a8   0x00000030   Code   RO           42    .text._ZL16__NVIC_EnableIRQ9IRQn_Type  main.o
    0x080020d8   0x080020d8   0x0000034c   Code   RO           62    .text.main          main.o
    0x08002424   0x08002424   0x0000003e   Code   RO          272    CL$$btod_d2e        c_w.l(btod.o)
    0x08002462   0x08002462   0x00000046   Code   RO          274    CL$$btod_d2e_denorm_low  c_w.l(btod.o)
    0x080024a8   0x080024a8   0x00000060   Code   RO          273    CL$$btod_d2e_norm_op1  c_w.l(btod.o)
    0x08002508   0x08002508   0x00000338   Code   RO          282    CL$$btod_div_common  c_w.l(btod.o)
    0x08002840   0x08002840   0x000000dc   Code   RO          279    CL$$btod_e2e        c_w.l(btod.o)
    0x0800291c   0x0800291c   0x0000002a   Code   RO          276    CL$$btod_ediv       c_w.l(btod.o)
    0x08002946   0x08002946   0x0000002a   Code   RO          275    CL$$btod_emul       c_w.l(btod.o)
    0x08002970   0x08002970   0x00000244   Code   RO          281    CL$$btod_mult_common  c_w.l(btod.o)
    0x08002bb4   0x08002bb4   0x00000030   Code   RO          310    i.__ARM_fpclassify  m_wv.l(fpclassify.o)
    0x08002be4   0x08002be4   0x0000000e   Code   RO          182    i._is_digit         c_w.l(__printf_wp.o)
    0x08002bf2   0x08002bf2   0x00000002   PAD
    0x08002bf4   0x08002bf4   0x0000002c   Code   RO          297    locale$$code        c_w.l(lc_numeric_c.o)
    0x08002c20   0x08002c20   0x0000002c   Code   RO          320    locale$$code        c_w.l(lc_ctype_c.o)
    0x08002c4c   0x08002c4c   0x0000001a   Code   RO          382    x$fpl$fpinit        fz_wv.l(fpinit.o)
    0x08002c66   0x08002c66   0x00000004   Code   RO          215    x$fpl$printf1       fz_wv.l(printf1.o)
    0x08002c6a   0x08002c6a   0x00000004   Code   RO          217    x$fpl$printf2       fz_wv.l(printf2.o)
    0x08002c6e   0x08002c6e   0x00000000   Code   RO          309    x$fpl$usenofp       fz_wv.l(usenofp.o)
    0x08002c6e   0x08002c6e   0x00000002   PAD
    0x08002c70   0x08002c70   0x00000008   Data   RO          141    .constdata          c_w.l(_printf_wctomb.o)
    0x08002c78   0x08002c78   0x00000028   Data   RO          170    .constdata          c_w.l(_printf_hex_int_ll_ptr.o)
    0x08002ca0   0x08002ca0   0x00000011   Data   RO          190    .constdata          c_w.l(__printf_flags_ss_wp.o)
    0x08002cb1   0x08002cb1   0x00000026   Data   RO          247    .constdata          c_w.l(_printf_fp_hex.o)
    0x08002cd7   0x08002cd7   0x00000001   PAD
    0x08002cd8   0x08002cd8   0x00000094   Data   RO          270    .constdata          c_w.l(bigflt0.o)
    0x08002d6c   0x08002d6c   0x00000051   Data   RO           80    .rodata.str1.1      main.o
    0x08002dbd   0x08002dbd   0x00000003   PAD
    0x08002dc0   0x08002dc0   0x00000020   Data   RO          457    Region$$Table       anon$$obj.o
    0x08002de0   0x08002de0   0x0000001c   Data   RO          296    locale$$data        c_w.l(lc_numeric_c.o)
    0x08002dfc   0x08002dfc   0x00000110   Data   RO          319    locale$$data        c_w.l(lc_ctype_c.o)


    Execution Region ER_RW (Exec base: 0x20020000, Load base: 0x08002f0c, Size: 0x00000014, Max: 0xffffffff, ABSOLUTE)

    Exec Addr    Load Addr    Size         Type   Attr      Idx    E Section Name        Object

    0x20020000   0x08002f0c   0x0000000c   Data   RW           69    .data.estado_deteccion  main.o
    0x2002000c   0x08002f18   0x00000006   Data   RW           76    .data.estado_plataforma  main.o


    Execution Region ER_ZI (Exec base: 0x20020018, Load base: 0x08002f20, Size: 0x00000690, Max: 0xffffffff, ABSOLUTE)

    Exec Addr    Load Addr    Size         Type   Attr      Idx    E Section Name        Object

    0x20020018        -       0x00000060   Zero   RW          313    .bss                c_w.l(libspace.o)
    0x20020078        -       0x00000004   Zero   RW           79    .bss.alertCNYGui    main.o
    0x2002007c        -       0x00000004   Zero   RW           78    .bss.alertaInfrarojoGui  main.o
    0x20020080        -       0x00000001   Zero   RW           66    .bss.cont           main.o
    0x20020081        -       0x00000001   Zero   RW           67    .bss.cronometro_iniciado  main.o
    0x20020082        -       0x00000001   Zero   RW           70    .bss.d              main.o
    0x20020083   0x08002f20   0x00000001   PAD
    0x20020084        -       0x00000002   Zero   RW           73    .bss.digital        main.o
    0x20020086        -       0x00000001   Zero   RW           64    .bss.flag_cronometro  main.o
    0x20020087        -       0x00000001   Zero   RW           65    .bss.flag_deteccion  main.o
    0x20020088        -       0x00000004   Zero   RW           72    .bss.minutos        main.o
    0x2002008c        -       0x00000004   Zero   RW           77    .bss.movimiento     main.o
    0x20020090        -       0x00000004   Zero   RW           71    .bss.segundos       main.o
    0x20020094        -       0x00000010   Zero   RW           68    .bss.text           main.o
    0x200200a4        -       0x00000004   Zero   RW           74    .bss.voltaje        main.o
    0x200200a8        -       0x00000200   Zero   RW           89    HEAP                startup_stm32f767xx.o
    0x200202a8        -       0x00000400   Zero   RW           88    STACK               startup_stm32f767xx.o


==============================================================================

Image component sizes


      Code (inc. data)   RO Data    RW Data    ZI Data      Debug   Object Name

      3700         56         81         18         47      18727   main.o
        64         26        504          0       1536        876   startup_stm32f767xx.o
        18          0          0          0          0       3401   system_stm32f7xx.o

    ----------------------------------------------------------------------
      3884         82        620         20       1584      23004   Object Totals
         0          0         32          0          0          0   (incl. Generated)
       102          0          3          2          1          0   (incl. Padding)

    ----------------------------------------------------------------------

      Code (inc. data)   RO Data    RW Data    ZI Data      Debug   Library Member Name

         8          0          0          0          0         68   __main.o
       392          4         17          0          0         92   __printf_flags_ss_wp.o
        14          0          0          0          0         68   __printf_wp.o
         0          0          0          0          0          0   __rtentry.o
        12          0          0          0          0          0   __rtentry2.o
         6          0          0          0          0          0   __rtentry4.o
        94          8          0          0          0          0   __scatter.o
        26          0          0          0          0          0   __scatter_copy.o
        28          0          0          0          0          0   __scatter_zi.o
        72          0          0          0          0         96   _c16rtomb.o
         6          0          0          0          0          0   _printf_a.o
         6          0          0          0          0          0   _printf_c.o
        44          0          0          0          0        108   _printf_char.o
        48          6          0          0          0         96   _printf_char_common.o
        40          0          0          0          0         68   _printf_charcount.o
         6          0          0          0          0          0   _printf_d.o
       120         16          0          0          0         92   _printf_dec.o
         6          0          0          0          0          0   _printf_e.o
         6          0          0          0          0          0   _printf_f.o
      1052          0          0          0          0        148   _printf_fp_dec.o
       764          8         38          0          0        100   _printf_fp_hex.o
       128         16          0          0          0         84   _printf_fp_infnan.o
         6          0          0          0          0          0   _printf_g.o
       148          4         40          0          0        160   _printf_hex_int_ll_ptr.o
         6          0          0          0          0          0   _printf_i.o
       178          0          0          0          0         88   _printf_intcommon.o
        10          0          0          0          0          0   _printf_l.o
         6          0          0          0          0          0   _printf_lc.o
        10          0          0          0          0          0   _printf_ll.o
         6          0          0          0          0          0   _printf_lld.o
         6          0          0          0          0          0   _printf_lli.o
         6          0          0          0          0          0   _printf_llo.o
         6          0          0          0          0          0   _printf_llu.o
         6          0          0          0          0          0   _printf_llx.o
       124         16          0          0          0         92   _printf_longlong_dec.o
         6          0          0          0          0          0   _printf_ls.o
         6          0          0          0          0          0   _printf_n.o
         6          0          0          0          0          0   _printf_o.o
       112          8          0          0          0        124   _printf_oct_int_ll.o
         6          0          0          0          0          0   _printf_p.o
        78          0          0          0          0        108   _printf_pad.o
         0          0          0          0          0          0   _printf_percent.o
         4          0          0          0          0          0   _printf_percent_end.o
         6          0          0          0          0          0   _printf_s.o
        82          0          0          0          0         80   _printf_str.o
        36          0          0          0          0         84   _printf_truncate.o
         6          0          0          0          0          0   _printf_u.o
        44          0          0          0          0        108   _printf_wchar.o
       188          6          8          0          0         92   _printf_wctomb.o
         6          0          0          0          0          0   _printf_x.o
        10          0          0          0          0         68   _sputc.o
       228          4        148          0          0         96   bigflt0.o
      1936        128          0          0          0        668   btod.o
        18          0          0          0          0         80   exit.o
         6          0          0          0          0        152   heapauxi.o
         0          0          0          0          0          0   indicate_semi.o
        44         10        272          0          0         76   lc_ctype_c.o
        44         10         28          0          0         76   lc_numeric_c.o
         2          0          0          0          0          0   libinit.o
        34          0          0          0          0          0   libinit2.o
         2          0          0          0          0          0   libshutdown.o
         2          0          0          0          0          0   libshutdown2.o
         8          4          0          0         96         68   libspace.o
       138          0          0          0          0         80   lludiv10.o
        16          4          0          0          0         76   rt_ctype_table.o
         8          4          0          0          0         68   rt_locale_intlibspace.o
         2          0          0          0          0          0   rtexit.o
        10          0          0          0          0          0   rtexit2.o
        44          6          0          0          0         84   sprintf.o
       124          0          0          0          0         88   strcmpv7m_pel.o
        72          0          0          0          0         80   strcpy.o
        62          0          0          0          0         76   strlen.o
        12          4          0          0          0         68   sys_exit.o
        74          0          0          0          0         80   sys_stackheap_outer.o
         2          0          0          0          0         68   use_no_semi.o
        26          0          0          0          0        116   fpinit.o
         4          0          0          0          0        116   printf1.o
         4          0          0          0          0        116   printf2.o
         0          0          0          0          0          0   usenofp.o
        48          0          0          0          0        124   fpclassify.o

    ----------------------------------------------------------------------
      6988        270        552          0         96       4480   Library Totals
        26          4          1          0          0          0   (incl. Padding)

    ----------------------------------------------------------------------

      Code (inc. data)   RO Data    RW Data    ZI Data      Debug   Library Name

      6880        266        551          0         96       4008   c_w.l
        34          0          0          0          0        348   fz_wv.l
        48          0          0          0          0        124   m_wv.l

    ----------------------------------------------------------------------
      6988        270        552          0         96       4480   Library Totals

    ----------------------------------------------------------------------

==============================================================================


      Code (inc. data)   RO Data    RW Data    ZI Data      Debug   

     10872        352       1172         20       1680      25200   Grand Totals
     10872        352       1172         20       1680      25200   ELF Image Totals
     10872        352       1172         20          0          0   ROM Totals

==============================================================================

    Total RO  Size (Code + RO Data)                12044 (  11.76kB)
    Total RW  Size (RW Data + ZI Data)              1700 (   1.66kB)
    Total ROM Size (Code + RO Data + RW Data)      12064 (  11.78kB)

==============================================================================

