<html>
<body>
<pre>
<h1>µVision Build Log</h1>
<h2>Tool Versions:</h2>
IDE-Version: µVision V5.40.0.0
Copyright (C) 2024 ARM Ltd and ARM Germany GmbH. All rights reserved.
License Information: diego andres, none, LIC=----
 
Tool Versions:
Toolchain:       MDK-Lite  Version: 5.40.0.3
Toolchain Path:  C:\Users\diego\AppData\Local\Keil_v5\ARM\ARMCLANG\Bin
C Compiler:      ArmClang.exe V6.22
Assembler:       Armasm.exe V6.22
Linker/Locator:  ArmLink.exe V6.22
Library Manager: ArmAr.exe V6.22
Hex Converter:   FromElf.exe V6.22
CPU DLL:         SARMCM3.DLL V5.40.0.3
Dialog DLL:      DCM.DLL V1.17.5.0
Target DLL:      STLink\ST-LINKIII-KEIL_SWO.dll V3.3.0.0
Dialog DLL:      TCM.DLL V1.56.4.0
 
<h2>Project:</h2>
C:\Users\diego\Desktop\proyecto\PlataformaRobotica.uvprojx
Project File Date:  11/04/2024

<h2>Output:</h2>
*** Using Compiler 'V6.22', folder: 'C:\Users\diego\AppData\Local\Keil_v5\ARM\ARMCLANG\Bin'
Rebuild target 'Target 1'
assembling startup_stm32f767xx.s...
compiling system_stm32f7xx.c...
main.cpp(753): warning: ISO C++11 does not allow conversion from string literal to 'char *' [-Wwritable-strings]
  753 |                                                                 actualizarMensajeEstadoPlataformaLCD("stop");
      |                                                                                                      ^
main.cpp(869): warning: ISO C++11 does not allow conversion from string literal to 'char *' [-Wwritable-strings]
  869 |                 actualizarMensajeCronometroLCD("00:00");
      |                                                ^
main.cpp(870): warning: ISO C++11 does not allow conversion from string literal to 'char *' [-Wwritable-strings]
  870 |                 actualizarMensajeEstadoPlataformaLCD("stop");
      |                                                      ^
main.cpp(905): warning: ISO C++11 does not allow conversion from string literal to 'char *' [-Wwritable-strings]
  905 |                                                                 actualizarMensajeEstadoPlataformaLCD("Go!!");
      |                                                                                                      ^
main.cpp(906): warning: ISO C++11 does not allow conversion from string literal to 'char *' [-Wwritable-strings]
  906 |                                                                 actualizarMensajeVelocidadMotorDC1LCD("100");
      |                                                                                                       ^
main.cpp(907): warning: ISO C++11 does not allow conversion from string literal to 'char *' [-Wwritable-strings]
  907 |                                                                 actualizarMensajeVelocidadMotorDC2LCD("100");
      |                                                                                                       ^
main.cpp(910): warning: ISO C++11 does not allow conversion from string literal to 'char *' [-Wwritable-strings]
  910 |                                                                 actualizarMensajeEstadoPlataformaLCD("left");
      |                                                                                                      ^
main.cpp(913): warning: ISO C++11 does not allow conversion from string literal to 'char *' [-Wwritable-strings]
  913 |                                                                 actualizarMensajeEstadoPlataformaLCD("righ");
      |                                                                                                      ^
main.cpp(916): warning: ISO C++11 does not allow conversion from string literal to 'char *' [-Wwritable-strings]
  916 |                                                                 actualizarMensajeEstadoPlataformaLCD("back");
      |                                                                                                      ^
main.cpp(917): warning: ISO C++11 does not allow conversion from string literal to 'char *' [-Wwritable-strings]
  917 |                                                                 actualizarMensajeVelocidadMotorDC1LCD("50%");
      |                                                                                                       ^
main.cpp(918): warning: ISO C++11 does not allow conversion from string literal to 'char *' [-Wwritable-strings]
  918 |                                                                 actualizarMensajeVelocidadMotorDC2LCD("50%");
      |                                                                                                       ^
main.cpp(921): warning: ISO C++11 does not allow conversion from string literal to 'char *' [-Wwritable-strings]
  921 |                                                                 actualizarMensajeEstadoPlataformaLCD("stop");
      |                                                                                                      ^
main.cpp(922): warning: ISO C++11 does not allow conversion from string literal to 'char *' [-Wwritable-strings]
  922 |                                                                 actualizarMensajeVelocidadMotorDC1LCD("0%");
      |                                                                                                       ^
main.cpp(923): warning: ISO C++11 does not allow conversion from string literal to 'char *' [-Wwritable-strings]
  923 |                                                                 actualizarMensajeVelocidadMotorDC2LCD("0%");
      |                                                                                                       ^
main.cpp(926): warning: ISO C++11 does not allow conversion from string literal to 'char *' [-Wwritable-strings]
  926 |                                                                 actualizarMensajeVelocidadMotorDC1LCD("35%");
      |                                                                                                       ^
main.cpp(929): warning: ISO C++11 does not allow conversion from string literal to 'char *' [-Wwritable-strings]
  929 |                                                                 actualizarMensajeVelocidadMotorDC1LCD("55%");
      |                                                                                                       ^
main.cpp(932): warning: ISO C++11 does not allow conversion from string literal to 'char *' [-Wwritable-strings]
  932 |                                                                 actualizarMensajeVelocidadMotorDC1LCD("70%");
      |                                                                                                       ^
main.cpp(935): warning: ISO C++11 does not allow conversion from string literal to 'char *' [-Wwritable-strings]
  935 |                                                                 actualizarMensajeVelocidadMotorDC1LCD("90%");
      |                                                                                                       ^
main.cpp(938): warning: ISO C++11 does not allow conversion from string literal to 'char *' [-Wwritable-strings]
  938 |                                                                 actualizarMensajeVelocidadMotorDC2LCD("35%");
      |                                                                                                       ^
main.cpp(941): warning: ISO C++11 does not allow conversion from string literal to 'char *' [-Wwritable-strings]
  941 |                                                                 actualizarMensajeVelocidadMotorDC2LCD("55%");
      |                                                                                                       ^
main.cpp(944): warning: ISO C++11 does not allow conversion from string literal to 'char *' [-Wwritable-strings]
  944 |                                                                 actualizarMensajeVelocidadMotorDC2LCD("70%");
      |                                                                                                       ^
main.cpp(947): warning: ISO C++11 does not allow conversion from string literal to 'char *' [-Wwritable-strings]
  947 |                                                                 actualizarMensajeVelocidadMotorDC2LCD("90%");
      |                                                                                                       ^
main.cpp(968): warning: comparison of integers of different signs: 'int' and 'size_t' (aka 'unsigned int') [-Wsign-compare]
  968 |             for (int i = 0; i < strlen(alert); i++) {
      |                             ~ ^ ~~~~~~~~~~~~~
main.cpp(975): warning: comparison of integers of different signs: 'int' and 'size_t' (aka 'unsigned int') [-Wsign-compare]
  975 |                                                                 for (int i = 0; i < strlen(alert); i++) {
      |                                                                                 ~ ^ ~~~~~~~~~~~~~
main.cpp(986): warning: comparison of integers of different signs: 'int' and 'size_t' (aka 'unsigned int') [-Wsign-compare]
  986 |             for (int i = 0; i < strlen(alert); i++) {
      |                             ~ ^ ~~~~~~~~~~~~~
main.cpp(993): warning: comparison of integers of different signs: 'int' and 'size_t' (aka 'unsigned int') [-Wsign-compare]
  993 |                                                                 for (int i = 0; i < strlen(alert); i++) {
      |                                                                                 ~ ^ ~~~~~~~~~~~~~
26 warnings generated.
compiling main.cpp...
linking...
Program Size: Code=14480 RO-data=1176 RW-data=16 ZI-data=1712  
FromELF: creating hex file...
".\Objects\PlataformaRobotica.axf" - 0 Error(s), 26 Warning(s).

<h2>Software Packages used:</h2>

Package Vendor: ARM
                https://www.keil.com/pack/ARM.CMSIS.6.1.0.pack
                ARM::CMSIS@6.1.0
                CMSIS (Common Microcontroller Software Interface Standard)
   * Component: CORE Version: 6.1.0

Package Vendor: Keil
                https://www.keil.com/pack/Keil.STM32F7xx_DFP.2.16.0.pack
                Keil::STM32F7xx_DFP@2.16.0
                STMicroelectronics STM32F7 Series Device Support, Drivers and Examples
   * Component: Startup Version: 1.2.5

<h2>Collection of Component include folders:</h2>
  ./RTE/_Target_1
  C:/Users/diego/AppData/Local/Arm/Packs/ARM/CMSIS/6.1.0/CMSIS/Core/Include
  C:/Users/diego/AppData/Local/Arm/Packs/Keil/STM32F7xx_DFP/2.16.0/Drivers/CMSIS/Device/ST/STM32F7xx/Include

<h2>Collection of Component Files used:</h2>

   * Component: ARM::CMSIS:CORE@6.1.0

   * Component: Keil::Device:Startup@1.2.5
      Source file:   Drivers/CMSIS/Device/ST/STM32F7xx/Source/Templates/arm/startup_stm32f767xx.s
      Source file:   MDK/Device/Source/ARM/STM32F76x_77x_OTP.s
      Include file:  Drivers/CMSIS/Device/ST/STM32F7xx/Include/stm32f7xx.h
      Source file:   MDK/Device/Source/ARM/STM32F76x_77x_OPT.s
      Source file:   Drivers/CMSIS/Device/ST/STM32F7xx/Source/Templates/system_stm32f7xx.c
Build Time Elapsed:  00:00:03
</pre>
</body>
</html>
