<html>
<body>
<pre>
<h1>µVision Build Log</h1>
<h2>Tool Versions:</h2>
IDE-Version: µVision V5.40.0.0
Copyright (C) 2024 ARM Ltd and ARM Germany GmbH. All rights reserved.
License Information: diego andres, none, LIC=----
 
Tool Versions:
Toolchain:       MDK-Lite  Version: 5.40.0.3
Toolchain Path:  C:\Users\diego\AppData\Local\Keil_v5\ARM\ARMCLANG\Bin
C Compiler:      ArmClang.exe V6.22
Assembler:       Armasm.exe V6.22
Linker/Locator:  ArmLink.exe V6.22
Library Manager: ArmAr.exe V6.22
Hex Converter:   FromElf.exe V6.22
CPU DLL:         SARMCM3.DLL V5.40.0.3
Dialog DLL:      DCM.DLL V1.17.5.0
Target DLL:      STLink\ST-LINKIII-KEIL_SWO.dll V3.3.0.0
Dialog DLL:      TCM.DLL V1.56.4.0
 
<h2>Project:</h2>
C:\Users\diego\Desktop\timer\Timer.uvprojx
Project File Date:  09/23/2024

<h2>Output:</h2>
*** Using Compiler 'V6.22', folder: 'C:\Users\diego\AppData\Local\Keil_v5\ARM\ARMCLANG\Bin'
Rebuild target 'Target 1'
assembling startup_stm32f767xx.s...
compiling system_stm32f7xx.c...
compiling main.cpp...
linking...
Program Size: Code=8116 RO-data=1084 RW-data=0 ZI-data=1664  
FromELF: creating hex file...
".\Objects\Timer.axf" - 0 Error(s), 0 Warning(s).

<h2>Software Packages used:</h2>

Package Vendor: ARM
                https://www.keil.com/pack/ARM.CMSIS.6.1.0.pack
                ARM::CMSIS@6.1.0
                CMSIS (Common Microcontroller Software Interface Standard)
   * Component: CORE Version: 6.1.0

Package Vendor: Keil
                https://www.keil.com/pack/Keil.STM32F7xx_DFP.2.16.0.pack
                Keil::STM32F7xx_DFP@2.16.0
                STMicroelectronics STM32F7 Series Device Support, Drivers and Examples
   * Component: Startup Version: 1.2.5

<h2>Collection of Component include folders:</h2>
  ./RTE/_Target_1
  C:/Users/diego/AppData/Local/Arm/Packs/ARM/CMSIS/6.1.0/CMSIS/Core/Include
  C:/Users/diego/AppData/Local/Arm/Packs/Keil/STM32F7xx_DFP/2.16.0/Drivers/CMSIS/Device/ST/STM32F7xx/Include

<h2>Collection of Component Files used:</h2>

   * Component: ARM::CMSIS:CORE@6.1.0

   * Component: Keil::Device:Startup@1.2.5
      Source file:   MDK/Device/Source/ARM/STM32F76x_77x_OPT.s
      Source file:   MDK/Device/Source/ARM/STM32F76x_77x_OTP.s
      Include file:  Drivers/CMSIS/Device/ST/STM32F7xx/Include/stm32f7xx.h
      Source file:   Drivers/CMSIS/Device/ST/STM32F7xx/Source/Templates/arm/startup_stm32f767xx.s
      Source file:   Drivers/CMSIS/Device/ST/STM32F7xx/Source/Templates/system_stm32f7xx.c
Build Time Elapsed:  00:00:02
</pre>
</body>
</html>
